python : llama_model_loader: loaded meta data with 
25 key-value pairs and 340 tensors from C:\Users\園木
優陽\OneDrive\デスクトップ\課題研究\murmurnet\modules\../../mod
els/gemma-3-1b-it-q4_0.gguf (version GGUF V3 (lates
t))
発生場所 行:1 文字:1
+ python murmurnet/test_script.py > test_log.txt 2>
&1
+ ~~~~~~~~~~~~~~~~~~~~~~~~~~~~~~~~~~~~~~~~~~~~~~~~~
~~
    + CategoryInfo          : NotSpecified: (llama 
   _model_loa...UF V3 (latest)):String) [], Remot  
  eException
    + FullyQualifiedErrorId : NativeCommandError
 
llama_model_loader: Dumping metadata keys/values. N
ote: KV overrides do not apply in this output.
llama_model_loader: - kv   0:                      
 general.architecture str              = gemma3
llama_model_loader: - kv   1:                      
gemma3.context_length u32              = 32768
llama_model_loader: - kv   2:                      
   gemma3.block_count u32              = 26
llama_model_loader: - kv   3:                    ge
mma3.embedding_length u32              = 1152
llama_model_loader: - kv   4:                 gemma
3.feed_forward_length u32              = 6912
llama_model_loader: - kv   5:                gemma3
.attention.head_count u32              = 4
llama_model_loader: - kv   6:             gemma3.at
tention.head_count_kv u32              = 1
llama_model_loader: - kv   7:                gemma3
.attention.key_length u32              = 256
llama_model_loader: - kv   8:              gemma3.a
ttention.value_length u32              = 256
llama_model_loader: - kv   9:    gemma3.attention.l
ayer_norm_rms_epsilon f32              = 0.000001
llama_model_loader: - kv  10:                   gem
ma3.rope.scaling.type str              = linear
llama_model_loader: - kv  11:                 gemma
3.rope.scaling.factor f32              = 1.000000
llama_model_loader: - kv  12:                      
gemma3.rope.freq_base f32              = 1000000.00
0000
llama_model_loader: - kv  13:            gemma3.att
ention.sliding_window u32              = 1024
llama_model_loader: - kv  14:                      
 tokenizer.ggml.model str              = llama
llama_model_loader: - kv  15:                tokeni
zer.ggml.bos_token_id u32              = 2
llama_model_loader: - kv  16:                tokeni
zer.ggml.eos_token_id u32              = 1
llama_model_loader: - kv  17:            tokenizer.
ggml.padding_token_id u32              = 0
llama_model_loader: - kv  18:            tokenizer.
ggml.unknown_token_id u32              = 3
llama_model_loader: - kv  19:                      
tokenizer.ggml.tokens arr[str,262144]  = ["<pad>", 
"<eos>", "<bos>", "<unk>", ...
llama_model_loader: - kv  20:                      
tokenizer.ggml.scores arr[f32,262144]  = [0.000000,
 0.000000, 0.000000, 0.0000...
llama_model_loader: - kv  21:                  toke
nizer.ggml.token_type arr[i32,262144]  = [3, 3, 3, 
2, 1, 1, 1, 1, 1, 1, 1, 1, ...
llama_model_loader: - kv  22:               general
.quantization_version u32              = 2
llama_model_loader: - kv  23:                      
    general.file_type u32              = 2
llama_model_loader: - kv  24:                    to
kenizer.chat_template str              = {{ bos_tok
en }} {%- if messages[0]['r...
llama_model_loader: - type  f32:  157 tensors
llama_model_loader: - type  f16:    1 tensors
llama_model_loader: - type q4_0:  182 tensors
print_info: file format = GGUF V3 (latest)
print_info: file type   = Q4_0
print_info: file size   = 950.82 MiB (7.98 BPW) 
init_tokenizer: initializing tokenizer for type 1
load: control token:      1 '<eos>' is not marked a
s EOG
load: control token:      0 '<pad>' is not marked a
s EOG
load: control token:      2 '<bos>' is not marked a
s EOG
load: control token:    105 '<start_of_turn>' is no
t marked as EOG
load: control token: 255999 '<start_of_image>' is n
ot marked as EOG
load: control token: 256000 '<end_of_image>' is not
 marked as EOG
load: special_eos_id is not in special_eog_ids - th
e tokenizer config may be incorrect
load: special tokens cache size = 8
load: token to piece cache size = 1.9446 MB
print_info: arch             = gemma3
print_info: vocab_only       = 0
print_info: n_ctx_train      = 32768
print_info: n_embd           = 1152
print_info: n_layer          = 26
print_info: n_head           = 4
print_info: n_head_kv        = 1
print_info: n_rot            = 256
print_info: n_swa            = 1024
print_info: n_embd_head_k    = 256
print_info: n_embd_head_v    = 256
print_info: n_gqa            = 4
print_info: n_embd_k_gqa     = 256
print_info: n_embd_v_gqa     = 256
print_info: f_norm_eps       = 0.0e+00
print_info: f_norm_rms_eps   = 1.0e-06
print_info: f_clamp_kqv      = 0.0e+00
print_info: f_max_alibi_bias = 0.0e+00
print_info: f_logit_scale    = 0.0e+00
print_info: f_attn_scale     = 6.2e-02
print_info: n_ff             = 6912
print_info: n_expert         = 0
print_info: n_expert_used    = 0
print_info: causal attn      = 1
print_info: pooling type     = 0
print_info: rope type        = 2
print_info: rope scaling     = linear
print_info: freq_base_train  = 1000000.0
print_info: freq_scale_train = 1
print_info: n_ctx_orig_yarn  = 32768
print_info: rope_finetuned   = unknown
print_info: ssm_d_conv       = 0
print_info: ssm_d_inner      = 0
print_info: ssm_d_state      = 0
print_info: ssm_dt_rank      = 0
print_info: ssm_dt_b_c_rms   = 0
print_info: model type       = 1B
print_info: model params     = 999.89 M
print_info: general.name     = n/a
print_info: vocab type       = SPM
print_info: n_vocab          = 262144
print_info: n_merges         = 0
print_info: BOS token        = 2 '<bos>'
print_info: EOS token        = 1 '<eos>'
print_info: EOT token        = 106 '<end_of_turn>'
print_info: UNK token        = 3 '<unk>'
print_info: PAD token        = 0 '<pad>'
print_info: LF token         = 248 '<0x0A>'
print_info: EOG token        = 1 '<eos>'
print_info: EOG token        = 106 '<end_of_turn>'
print_info: max token length = 93
load_tensors: loading model tensors, this can take 
a while... (mmap = true)
load_tensors: layer   0 assigned to device CPU
load_tensors: layer   1 assigned to device CPU
load_tensors: layer   2 assigned to device CPU
load_tensors: layer   3 assigned to device CPU
load_tensors: layer   4 assigned to device CPU
load_tensors: layer   5 assigned to device CPU
load_tensors: layer   6 assigned to device CPU
load_tensors: layer   7 assigned to device CPU
load_tensors: layer   8 assigned to device CPU
load_tensors: layer   9 assigned to device CPU
load_tensors: layer  10 assigned to device CPU
load_tensors: layer  11 assigned to device CPU
load_tensors: layer  12 assigned to device CPU
load_tensors: layer  13 assigned to device CPU
load_tensors: layer  14 assigned to device CPU
load_tensors: layer  15 assigned to device CPU
load_tensors: layer  16 assigned to device CPU
load_tensors: layer  17 assigned to device CPU
load_tensors: layer  18 assigned to device CPU
load_tensors: layer  19 assigned to device CPU
load_tensors: layer  20 assigned to device CPU
load_tensors: layer  21 assigned to device CPU
load_tensors: layer  22 assigned to device CPU
load_tensors: layer  23 assigned to device CPU
load_tensors: layer  24 assigned to device CPU
load_tensors: layer  25 assigned to device CPU
load_tensors: layer  26 assigned to device CPU
load_tensors: tensor 'token_embd.weight' (f16) (and
 158 others) cannot be used with preferred buffer t
ype CPU_AARCH64, using CPU instead
load_tensors:  CPU_AARCH64 model buffer size =   37
4.31 MiB
load_tensors:   CPU_Mapped model buffer size =   95
0.82 MiB
repack: repack tensor blk.0.attn_q.weight with q4_0
_8x8
repack: repack tensor blk.0.attn_k.weight with q4_0
_8x8
repack: repack tensor blk.0.attn_v.weight with q4_0
_8x8
repack: repack tensor blk.0.attn_output.weight with
 q4_0_8x8
repack: repack tensor blk.0.ffn_gate.weight with q4
_0_8x8
repack: repack tensor blk.0.ffn_up.weight with q4_0
_8x8
.repack: repack tensor blk.0.ffn_down.weight with q
4_0_8x8
repack: repack tensor blk.1.attn_q.weight with q4_0
_8x8
repack: repack tensor blk.1.attn_k.weight with q4_0
_8x8
repack: repack tensor blk.1.attn_v.weight with q4_0
_8x8
repack: repack tensor blk.1.attn_output.weight with
 q4_0_8x8
repack: repack tensor blk.1.ffn_gate.weight with q4
_0_8x8
.repack: repack tensor blk.1.ffn_up.weight with q4_
0_8x8
repack: repack tensor blk.1.ffn_down.weight with q4
_0_8x8
.repack: repack tensor blk.2.attn_q.weight with q4_
0_8x8
repack: repack tensor blk.2.attn_k.weight with q4_0
_8x8
repack: repack tensor blk.2.attn_v.weight with q4_0
_8x8
repack: repack tensor blk.2.attn_output.weight with
 q4_0_8x8
repack: repack tensor blk.2.ffn_gate.weight with q4
_0_8x8
repack: repack tensor blk.2.ffn_up.weight with q4_0
_8x8
.repack: repack tensor blk.2.ffn_down.weight with q
4_0_8x8
repack: repack tensor blk.3.attn_q.weight with q4_0
_8x8
repack: repack tensor blk.3.attn_k.weight with q4_0
_8x8
repack: repack tensor blk.3.attn_v.weight with q4_0
_8x8
repack: repack tensor blk.3.attn_output.weight with
 q4_0_8x8
repack: repack tensor blk.3.ffn_gate.weight with q4
_0_8x8
.repack: repack tensor blk.3.ffn_up.weight with q4_
0_8x8
repack: repack tensor blk.3.ffn_down.weight with q4
_0_8x8
.repack: repack tensor blk.4.attn_q.weight with q4_
0_8x8
repack: repack tensor blk.4.attn_k.weight with q4_0
_8x8
repack: repack tensor blk.4.attn_v.weight with q4_0
_8x8
repack: repack tensor blk.4.attn_output.weight with
 q4_0_8x8
repack: repack tensor blk.4.ffn_gate.weight with q4
_0_8x8
repack: repack tensor blk.4.ffn_up.weight with q4_0
_8x8
.repack: repack tensor blk.4.ffn_down.weight with q
4_0_8x8
repack: repack tensor blk.5.attn_q.weight with q4_0
_8x8
repack: repack tensor blk.5.attn_k.weight with q4_0
_8x8
repack: repack tensor blk.5.attn_v.weight with q4_0
_8x8
repack: repack tensor blk.5.attn_output.weight with
 q4_0_8x8
repack: repack tensor blk.5.ffn_gate.weight with q4
_0_8x8
.repack: repack tensor blk.5.ffn_up.weight with q4_
0_8x8
repack: repack tensor blk.5.ffn_down.weight with q4
_0_8x8
.repack: repack tensor blk.6.attn_q.weight with q4_
0_8x8
repack: repack tensor blk.6.attn_k.weight with q4_0
_8x8
repack: repack tensor blk.6.attn_v.weight with q4_0
_8x8
repack: repack tensor blk.6.attn_output.weight with
 q4_0_8x8
repack: repack tensor blk.6.ffn_gate.weight with q4
_0_8x8
repack: repack tensor blk.6.ffn_up.weight with q4_0
_8x8
.repack: repack tensor blk.6.ffn_down.weight with q
4_0_8x8
repack: repack tensor blk.7.attn_q.weight with q4_0
_8x8
repack: repack tensor blk.7.attn_k.weight with q4_0
_8x8
repack: repack tensor blk.7.attn_v.weight with q4_0
_8x8
repack: repack tensor blk.7.attn_output.weight with
 q4_0_8x8
repack: repack tensor blk.7.ffn_gate.weight with q4
_0_8x8
.repack: repack tensor blk.7.ffn_up.weight with q4_
0_8x8
repack: repack tensor blk.7.ffn_down.weight with q4
_0_8x8
.repack: repack tensor blk.8.attn_q.weight with q4_
0_8x8
repack: repack tensor blk.8.attn_k.weight with q4_0
_8x8
repack: repack tensor blk.8.attn_v.weight with q4_0
_8x8
repack: repack tensor blk.8.attn_output.weight with
 q4_0_8x8
repack: repack tensor blk.8.ffn_gate.weight with q4
_0_8x8
repack: repack tensor blk.8.ffn_up.weight with q4_0
_8x8
.repack: repack tensor blk.8.ffn_down.weight with q
4_0_8x8
repack: repack tensor blk.9.attn_q.weight with q4_0
_8x8
repack: repack tensor blk.9.attn_k.weight with q4_0
_8x8
repack: repack tensor blk.9.attn_v.weight with q4_0
_8x8
repack: repack tensor blk.9.attn_output.weight with
 q4_0_8x8
repack: repack tensor blk.9.ffn_gate.weight with q4
_0_8x8
.repack: repack tensor blk.9.ffn_up.weight with q4_
0_8x8
repack: repack tensor blk.9.ffn_down.weight with q4
_0_8x8
.repack: repack tensor blk.10.attn_q.weight with q4
_0_8x8
repack: repack tensor blk.10.attn_k.weight with q4_
0_8x8
repack: repack tensor blk.10.attn_v.weight with q4_
0_8x8
repack: repack tensor blk.10.attn_output.weight wit
h q4_0_8x8
repack: repack tensor blk.10.ffn_gate.weight with q
4_0_8x8
repack: repack tensor blk.10.ffn_up.weight with q4_
0_8x8
.repack: repack tensor blk.10.ffn_down.weight with 
q4_0_8x8
repack: repack tensor blk.11.attn_q.weight with q4_
0_8x8
repack: repack tensor blk.11.attn_k.weight with q4_
0_8x8
repack: repack tensor blk.11.attn_v.weight with q4_
0_8x8
repack: repack tensor blk.11.attn_output.weight wit
h q4_0_8x8
repack: repack tensor blk.11.ffn_gate.weight with q
4_0_8x8
.repack: repack tensor blk.11.ffn_up.weight with q4
_0_8x8
repack: repack tensor blk.11.ffn_down.weight with q
4_0_8x8
.repack: repack tensor blk.12.attn_q.weight with q4
_0_8x8
repack: repack tensor blk.12.attn_k.weight with q4_
0_8x8
repack: repack tensor blk.12.attn_v.weight with q4_
0_8x8
repack: repack tensor blk.12.attn_output.weight wit
h q4_0_8x8
repack: repack tensor blk.12.ffn_gate.weight with q
4_0_8x8
repack: repack tensor blk.12.ffn_up.weight with q4_
0_8x8
.repack: repack tensor blk.12.ffn_down.weight with 
q4_0_8x8
repack: repack tensor blk.13.attn_q.weight with q4_
0_8x8
repack: repack tensor blk.13.attn_k.weight with q4_
0_8x8
repack: repack tensor blk.13.attn_v.weight with q4_
0_8x8
repack: repack tensor blk.13.attn_output.weight wit
h q4_0_8x8
repack: repack tensor blk.13.ffn_gate.weight with q
4_0_8x8
.repack: repack tensor blk.13.ffn_up.weight with q4
_0_8x8
repack: repack tensor blk.13.ffn_down.weight with q
4_0_8x8
.repack: repack tensor blk.14.attn_q.weight with q4
_0_8x8
repack: repack tensor blk.14.attn_k.weight with q4_
0_8x8
repack: repack tensor blk.14.attn_v.weight with q4_
0_8x8
repack: repack tensor blk.14.attn_output.weight wit
h q4_0_8x8
repack: repack tensor blk.14.ffn_gate.weight with q
4_0_8x8
repack: repack tensor blk.14.ffn_up.weight with q4_
0_8x8
.repack: repack tensor blk.14.ffn_down.weight with 
q4_0_8x8
repack: repack tensor blk.15.attn_q.weight with q4_
0_8x8
repack: repack tensor blk.15.attn_k.weight with q4_
0_8x8
repack: repack tensor blk.15.attn_v.weight with q4_
0_8x8
repack: repack tensor blk.15.attn_output.weight wit
h q4_0_8x8
repack: repack tensor blk.15.ffn_gate.weight with q
4_0_8x8
.repack: repack tensor blk.15.ffn_up.weight with q4
_0_8x8
repack: repack tensor blk.15.ffn_down.weight with q
4_0_8x8
.repack: repack tensor blk.16.attn_q.weight with q4
_0_8x8
repack: repack tensor blk.16.attn_k.weight with q4_
0_8x8
repack: repack tensor blk.16.attn_v.weight with q4_
0_8x8
repack: repack tensor blk.16.attn_output.weight wit
h q4_0_8x8
repack: repack tensor blk.16.ffn_gate.weight with q
4_0_8x8
repack: repack tensor blk.16.ffn_up.weight with q4_
0_8x8
.repack: repack tensor blk.16.ffn_down.weight with 
q4_0_8x8
repack: repack tensor blk.17.attn_q.weight with q4_
0_8x8
repack: repack tensor blk.17.attn_k.weight with q4_
0_8x8
repack: repack tensor blk.17.attn_v.weight with q4_
0_8x8
repack: repack tensor blk.17.attn_output.weight wit
h q4_0_8x8
repack: repack tensor blk.17.ffn_gate.weight with q
4_0_8x8
.repack: repack tensor blk.17.ffn_up.weight with q4
_0_8x8
repack: repack tensor blk.17.ffn_down.weight with q
4_0_8x8
.repack: repack tensor blk.18.attn_q.weight with q4
_0_8x8
repack: repack tensor blk.18.attn_k.weight with q4_
0_8x8
repack: repack tensor blk.18.attn_v.weight with q4_
0_8x8
repack: repack tensor blk.18.attn_output.weight wit
h q4_0_8x8
repack: repack tensor blk.18.ffn_gate.weight with q
4_0_8x8
repack: repack tensor blk.18.ffn_up.weight with q4_
0_8x8
.repack: repack tensor blk.18.ffn_down.weight with 
q4_0_8x8
repack: repack tensor blk.19.attn_q.weight with q4_
0_8x8
repack: repack tensor blk.19.attn_k.weight with q4_
0_8x8
repack: repack tensor blk.19.attn_v.weight with q4_
0_8x8
repack: repack tensor blk.19.attn_output.weight wit
h q4_0_8x8
repack: repack tensor blk.19.ffn_gate.weight with q
4_0_8x8
.repack: repack tensor blk.19.ffn_up.weight with q4
_0_8x8
repack: repack tensor blk.19.ffn_down.weight with q
4_0_8x8
.repack: repack tensor blk.20.attn_q.weight with q4
_0_8x8
repack: repack tensor blk.20.attn_k.weight with q4_
0_8x8
repack: repack tensor blk.20.attn_v.weight with q4_
0_8x8
repack: repack tensor blk.20.attn_output.weight wit
h q4_0_8x8
repack: repack tensor blk.20.ffn_gate.weight with q
4_0_8x8
repack: repack tensor blk.20.ffn_up.weight with q4_
0_8x8
.repack: repack tensor blk.20.ffn_down.weight with 
q4_0_8x8
repack: repack tensor blk.21.attn_q.weight with q4_
0_8x8
repack: repack tensor blk.21.attn_k.weight with q4_
0_8x8
repack: repack tensor blk.21.attn_v.weight with q4_
0_8x8
repack: repack tensor blk.21.attn_output.weight wit
h q4_0_8x8
repack: repack tensor blk.21.ffn_gate.weight with q
4_0_8x8
.repack: repack tensor blk.21.ffn_up.weight with q4
_0_8x8
repack: repack tensor blk.21.ffn_down.weight with q
4_0_8x8
.repack: repack tensor blk.22.attn_q.weight with q4
_0_8x8
repack: repack tensor blk.22.attn_k.weight with q4_
0_8x8
repack: repack tensor blk.22.attn_v.weight with q4_
0_8x8
repack: repack tensor blk.22.attn_output.weight wit
h q4_0_8x8
repack: repack tensor blk.22.ffn_gate.weight with q
4_0_8x8
repack: repack tensor blk.22.ffn_up.weight with q4_
0_8x8
.repack: repack tensor blk.22.ffn_down.weight with 
q4_0_8x8
repack: repack tensor blk.23.attn_q.weight with q4_
0_8x8
repack: repack tensor blk.23.attn_k.weight with q4_
0_8x8
repack: repack tensor blk.23.attn_v.weight with q4_
0_8x8
repack: repack tensor blk.23.attn_output.weight wit
h q4_0_8x8
repack: repack tensor blk.23.ffn_gate.weight with q
4_0_8x8
.repack: repack tensor blk.23.ffn_up.weight with q4
_0_8x8
repack: repack tensor blk.23.ffn_down.weight with q
4_0_8x8
.repack: repack tensor blk.24.attn_q.weight with q4
_0_8x8
repack: repack tensor blk.24.attn_k.weight with q4_
0_8x8
repack: repack tensor blk.24.attn_v.weight with q4_
0_8x8
repack: repack tensor blk.24.attn_output.weight wit
h q4_0_8x8
repack: repack tensor blk.24.ffn_gate.weight with q
4_0_8x8
repack: repack tensor blk.24.ffn_up.weight with q4_
0_8x8
.repack: repack tensor blk.24.ffn_down.weight with 
q4_0_8x8
repack: repack tensor blk.25.attn_q.weight with q4_
0_8x8
repack: repack tensor blk.25.attn_k.weight with q4_
0_8x8
repack: repack tensor blk.25.attn_v.weight with q4_
0_8x8
repack: repack tensor blk.25.attn_output.weight wit
h q4_0_8x8
.repack: repack tensor blk.25.ffn_gate.weight with 
q4_0_8x8
repack: repack tensor blk.25.ffn_up.weight with q4_
0_8x8
repack: repack tensor blk.25.ffn_down.weight with q
4_0_8x8
...
llama_init_from_model: n_seq_max     = 1
llama_init_from_model: n_ctx         = 4096
llama_init_from_model: n_ctx_per_seq = 4096
llama_init_from_model: n_batch       = 512
llama_init_from_model: n_ubatch      = 512
llama_init_from_model: flash_attn    = 0
llama_init_from_model: freq_base     = 1000000.0
llama_init_from_model: freq_scale    = 1
llama_init_from_model: n_ctx_per_seq (4096) < n_ctx
_train (32768) -- the full capacity of the model wi
ll not be utilized
llama_kv_cache_init: kv_size = 4096, offload = 1, t
ype_k = 'f16', type_v = 'f16', n_layer = 26, can_sh
ift = 1
llama_kv_cache_init: layer 0: n_embd_k_gqa = 256, n
_embd_v_gqa = 256
llama_kv_cache_init: layer 1: n_embd_k_gqa = 256, n
_embd_v_gqa = 256
llama_kv_cache_init: layer 2: n_embd_k_gqa = 256, n
_embd_v_gqa = 256
llama_kv_cache_init: layer 3: n_embd_k_gqa = 256, n
_embd_v_gqa = 256
llama_kv_cache_init: layer 4: n_embd_k_gqa = 256, n
_embd_v_gqa = 256
llama_kv_cache_init: layer 5: n_embd_k_gqa = 256, n
_embd_v_gqa = 256
llama_kv_cache_init: layer 6: n_embd_k_gqa = 256, n
_embd_v_gqa = 256
llama_kv_cache_init: layer 7: n_embd_k_gqa = 256, n
_embd_v_gqa = 256
llama_kv_cache_init: layer 8: n_embd_k_gqa = 256, n
_embd_v_gqa = 256
llama_kv_cache_init: layer 9: n_embd_k_gqa = 256, n
_embd_v_gqa = 256
llama_kv_cache_init: layer 10: n_embd_k_gqa = 256, 
n_embd_v_gqa = 256
llama_kv_cache_init: layer 11: n_embd_k_gqa = 256, 
n_embd_v_gqa = 256
llama_kv_cache_init: layer 12: n_embd_k_gqa = 256, 
n_embd_v_gqa = 256
llama_kv_cache_init: layer 13: n_embd_k_gqa = 256, 
n_embd_v_gqa = 256
llama_kv_cache_init: layer 14: n_embd_k_gqa = 256, 
n_embd_v_gqa = 256
llama_kv_cache_init: layer 15: n_embd_k_gqa = 256, 
n_embd_v_gqa = 256
llama_kv_cache_init: layer 16: n_embd_k_gqa = 256, 
n_embd_v_gqa = 256
llama_kv_cache_init: layer 17: n_embd_k_gqa = 256, 
n_embd_v_gqa = 256
llama_kv_cache_init: layer 18: n_embd_k_gqa = 256, 
n_embd_v_gqa = 256
llama_kv_cache_init: layer 19: n_embd_k_gqa = 256, 
n_embd_v_gqa = 256
llama_kv_cache_init: layer 20: n_embd_k_gqa = 256, 
n_embd_v_gqa = 256
llama_kv_cache_init: layer 21: n_embd_k_gqa = 256, 
n_embd_v_gqa = 256
llama_kv_cache_init: layer 22: n_embd_k_gqa = 256, 
n_embd_v_gqa = 256
llama_kv_cache_init: layer 23: n_embd_k_gqa = 256, 
n_embd_v_gqa = 256
llama_kv_cache_init: layer 24: n_embd_k_gqa = 256, 
n_embd_v_gqa = 256
llama_kv_cache_init: layer 25: n_embd_k_gqa = 256, 
n_embd_v_gqa = 256
llama_kv_cache_init:        CPU KV buffer size =   
104.00 MiB
llama_init_from_model: KV self size  =  104.00 MiB,
 K (f16):   52.00 MiB, V (f16):   52.00 MiB
llama_init_from_model:        CPU  output buffer si
ze =     1.00 MiB
llama_init_from_model:        CPU compute buffer si
ze =   514.25 MiB
llama_init_from_model: graph nodes  = 1047
llama_init_from_model: graph splits = 1
CPU : SSE3 = 1 | SSSE3 = 1 | AVX = 1 | AVX2 = 1 | F
16C = 1 | FMA = 1 | LLAMAFILE = 1 | OPENMP = 1 | AA
RCH64_REPACK = 1 | 
Model metadata: {'general.architecture': 'gemma3', 
'gemma3.attention.key_length': '256', 'gemma3.atten
tion.head_count_kv': '1', 'gemma3.context_length': 
'32768', 'gemma3.block_count': '26', 'gemma3.attent
ion.value_length': '256', 'gemma3.embedding_length'
: '1152', 'gemma3.rope.scaling.type': 'linear', 'ge
mma3.feed_forward_length': '6912', 'gemma3.attentio
n.head_count': '4', 'gemma3.rope.freq_base': '10000
00.000000', 'gemma3.attention.layer_norm_rms_epsilo
n': '0.000001', 'general.quantization_version': '2'
, 'tokenizer.ggml.bos_token_id': '2', 'gemma3.rope.
scaling.factor': '1.000000', 'gemma3.attention.slid
ing_window': '1024', 'tokenizer.ggml.model': 'llama
', 'general.file_type': '2', 'tokenizer.ggml.eos_to
ken_id': '1', 'tokenizer.ggml.padding_token_id': '0
', 'tokenizer.ggml.unknown_token_id': '3', 'tokeniz
er.chat_template': '{{ bos_token }} {%- if messages
[0][\'role\'] == \'system\' -%} {%- if messages[0][
\'content\'] is string -%} {%- set first_user_prefi
x = messages[0][\'content\'] + \'\\n\' -%} {%- else
 -%} {%- set first_user_prefix = messages[0][\'cont
ent\'][0][\'text\'] + \'\\n\' -%} {%- endif -%} {%-
 set loop_messages = messages[1:] -%} {%- else -%} 
{%- set first_user_prefix = "" -%} {%- set loop_mes
sages = messages -%} {%- endif -%} {%- for message 
in loop_messages -%} {%- if (message[\'role\'] == \
'user\') != (loop.index0 % 2 == 0) -%} {{ raise_exc
eption("Conversation roles must alternate user/assi
stant/user/assistant/...") }} {%- endif -%} {%- if 
(message[\'role\'] == \'assistant\') -%} {%- set ro
le = "model" -%} {%- else -%} {%- set role = messag
e[\'role\'] -%} {%- endif -%} {{ \'<start_of_turn>\
' + role + \'\\n\' + (first_user_prefix if loop.fir
st else "") }} {%- if message[\'content\'] is strin
g -%} {{ message[\'content\'] | trim }} {%- elif me
ssage[\'content\'] is iterable -%} {%- for item in 
message[\'content\'] -%} {%- if item[\'type\'] == \
'image\' -%} {{ \'<start_of_image>\' }} {%- elif it
em[\'type\'] == \'text\' -%} {{ item[\'text\'] | tr
im }} {%- endif -%} {%- endfor -%} {%- else -%} {{ 
raise_exception("Invalid content type") }} {%- endi
f -%} {{ \'<end_of_turn>\\n\' }} {%- endfor -%} {%-
 if add_generation_prompt -%} {{\'<start_of_turn>mo
del\\n\'}} {%- endif -%}'}
Available chat formats from metadata: chat_template
.default
llama_model_loader: loaded meta data with 25 key-va
lue pairs and 340 tensors from C:\Users\園木優陽\OneDri
ve\デスクトップ\課題研究\murmurnet\modules\../../models/gemma
-3-1b-it-q4_0.gguf (version GGUF V3 (latest))
llama_model_loader: Dumping metadata keys/values. N
ote: KV overrides do not apply in this output.
llama_model_loader: - kv   0:                      
 general.architecture str              = gemma3
llama_model_loader: - kv   1:                      
gemma3.context_length u32              = 32768
llama_model_loader: - kv   2:                      
   gemma3.block_count u32              = 26
llama_model_loader: - kv   3:                    ge
mma3.embedding_length u32              = 1152
llama_model_loader: - kv   4:                 gemma
3.feed_forward_length u32              = 6912
llama_model_loader: - kv   5:                gemma3
.attention.head_count u32              = 4
llama_model_loader: - kv   6:             gemma3.at
tention.head_count_kv u32              = 1
llama_model_loader: - kv   7:                gemma3
.attention.key_length u32              = 256
llama_model_loader: - kv   8:              gemma3.a
ttention.value_length u32              = 256
llama_model_loader: - kv   9:    gemma3.attention.l
ayer_norm_rms_epsilon f32              = 0.000001
llama_model_loader: - kv  10:                   gem
ma3.rope.scaling.type str              = linear
llama_model_loader: - kv  11:                 gemma
3.rope.scaling.factor f32              = 1.000000
llama_model_loader: - kv  12:                      
gemma3.rope.freq_base f32              = 1000000.00
0000
llama_model_loader: - kv  13:            gemma3.att
ention.sliding_window u32              = 1024
llama_model_loader: - kv  14:                      
 tokenizer.ggml.model str              = llama
llama_model_loader: - kv  15:                tokeni
zer.ggml.bos_token_id u32              = 2
llama_model_loader: - kv  16:                tokeni
zer.ggml.eos_token_id u32              = 1
llama_model_loader: - kv  17:            tokenizer.
ggml.padding_token_id u32              = 0
llama_model_loader: - kv  18:            tokenizer.
ggml.unknown_token_id u32              = 3
llama_model_loader: - kv  19:                      
tokenizer.ggml.tokens arr[str,262144]  = ["<pad>", 
"<eos>", "<bos>", "<unk>", ...
llama_model_loader: - kv  20:                      
tokenizer.ggml.scores arr[f32,262144]  = [0.000000,
 0.000000, 0.000000, 0.0000...
llama_model_loader: - kv  21:                  toke
nizer.ggml.token_type arr[i32,262144]  = [3, 3, 3, 
2, 1, 1, 1, 1, 1, 1, 1, 1, ...
llama_model_loader: - kv  22:               general
.quantization_version u32              = 2
llama_model_loader: - kv  23:                      
    general.file_type u32              = 2
llama_model_loader: - kv  24:                    to
kenizer.chat_template str              = {{ bos_tok
en }} {%- if messages[0]['r...
llama_model_loader: - type  f32:  157 tensors
llama_model_loader: - type  f16:    1 tensors
llama_model_loader: - type q4_0:  182 tensors
print_info: file format = GGUF V3 (latest)
print_info: file type   = Q4_0
print_info: file size   = 950.82 MiB (7.98 BPW) 
init_tokenizer: initializing tokenizer for type 1
load: control token:      1 '<eos>' is not marked a
s EOG
load: control token:      0 '<pad>' is not marked a
s EOG
load: control token:      2 '<bos>' is not marked a
s EOG
load: control token:    105 '<start_of_turn>' is no
t marked as EOG
load: control token: 255999 '<start_of_image>' is n
ot marked as EOG
load: control token: 256000 '<end_of_image>' is not
 marked as EOG
load: special_eos_id is not in special_eog_ids - th
e tokenizer config may be incorrect
load: special tokens cache size = 8
load: token to piece cache size = 1.9446 MB
print_info: arch             = gemma3
print_info: vocab_only       = 0
print_info: n_ctx_train      = 32768
print_info: n_embd           = 1152
print_info: n_layer          = 26
print_info: n_head           = 4
print_info: n_head_kv        = 1
print_info: n_rot            = 256
print_info: n_swa            = 1024
print_info: n_embd_head_k    = 256
print_info: n_embd_head_v    = 256
print_info: n_gqa            = 4
print_info: n_embd_k_gqa     = 256
print_info: n_embd_v_gqa     = 256
print_info: f_norm_eps       = 0.0e+00
print_info: f_norm_rms_eps   = 1.0e-06
print_info: f_clamp_kqv      = 0.0e+00
print_info: f_max_alibi_bias = 0.0e+00
print_info: f_logit_scale    = 0.0e+00
print_info: f_attn_scale     = 6.2e-02
print_info: n_ff             = 6912
print_info: n_expert         = 0
print_info: n_expert_used    = 0
print_info: causal attn      = 1
print_info: pooling type     = 0
print_info: rope type        = 2
print_info: rope scaling     = linear
print_info: freq_base_train  = 1000000.0
print_info: freq_scale_train = 1
print_info: n_ctx_orig_yarn  = 32768
print_info: rope_finetuned   = unknown
print_info: ssm_d_conv       = 0
print_info: ssm_d_inner      = 0
print_info: ssm_d_state      = 0
print_info: ssm_dt_rank      = 0
print_info: ssm_dt_b_c_rms   = 0
print_info: model type       = 1B
print_info: model params     = 999.89 M
print_info: general.name     = n/a
print_info: vocab type       = SPM
print_info: n_vocab          = 262144
print_info: n_merges         = 0
print_info: BOS token        = 2 '<bos>'
print_info: EOS token        = 1 '<eos>'
print_info: EOT token        = 106 '<end_of_turn>'
print_info: UNK token        = 3 '<unk>'
print_info: PAD token        = 0 '<pad>'
print_info: LF token         = 248 '<0x0A>'
print_info: EOG token        = 1 '<eos>'
print_info: EOG token        = 106 '<end_of_turn>'
print_info: max token length = 93
load_tensors: loading model tensors, this can take 
a while... (mmap = true)
load_tensors: layer   0 assigned to device CPU
load_tensors: layer   1 assigned to device CPU
load_tensors: layer   2 assigned to device CPU
load_tensors: layer   3 assigned to device CPU
load_tensors: layer   4 assigned to device CPU
load_tensors: layer   5 assigned to device CPU
load_tensors: layer   6 assigned to device CPU
load_tensors: layer   7 assigned to device CPU
load_tensors: layer   8 assigned to device CPU
load_tensors: layer   9 assigned to device CPU
load_tensors: layer  10 assigned to device CPU
load_tensors: layer  11 assigned to device CPU
load_tensors: layer  12 assigned to device CPU
load_tensors: layer  13 assigned to device CPU
load_tensors: layer  14 assigned to device CPU
load_tensors: layer  15 assigned to device CPU
load_tensors: layer  16 assigned to device CPU
load_tensors: layer  17 assigned to device CPU
load_tensors: layer  18 assigned to device CPU
load_tensors: layer  19 assigned to device CPU
load_tensors: layer  20 assigned to device CPU
load_tensors: layer  21 assigned to device CPU
load_tensors: layer  22 assigned to device CPU
load_tensors: layer  23 assigned to device CPU
load_tensors: layer  24 assigned to device CPU
load_tensors: layer  25 assigned to device CPU
load_tensors: layer  26 assigned to device CPU
load_tensors: tensor 'token_embd.weight' (f16) (and
 158 others) cannot be used with preferred buffer t
ype CPU_AARCH64, using CPU instead
load_tensors:  CPU_AARCH64 model buffer size =   37
4.31 MiB
load_tensors:   CPU_Mapped model buffer size =   95
0.82 MiB
repack: repack tensor blk.0.attn_q.weight with q4_0
_8x8
repack: repack tensor blk.0.attn_k.weight with q4_0
_8x8
repack: repack tensor blk.0.attn_v.weight with q4_0
_8x8
repack: repack tensor blk.0.attn_output.weight with
 q4_0_8x8
repack: repack tensor blk.0.ffn_gate.weight with q4
_0_8x8
repack: repack tensor blk.0.ffn_up.weight with q4_0
_8x8
.repack: repack tensor blk.0.ffn_down.weight with q
4_0_8x8
repack: repack tensor blk.1.attn_q.weight with q4_0
_8x8
repack: repack tensor blk.1.attn_k.weight with q4_0
_8x8
repack: repack tensor blk.1.attn_v.weight with q4_0
_8x8
repack: repack tensor blk.1.attn_output.weight with
 q4_0_8x8
repack: repack tensor blk.1.ffn_gate.weight with q4
_0_8x8
.repack: repack tensor blk.1.ffn_up.weight with q4_
0_8x8
repack: repack tensor blk.1.ffn_down.weight with q4
_0_8x8
.repack: repack tensor blk.2.attn_q.weight with q4_
0_8x8
repack: repack tensor blk.2.attn_k.weight with q4_0
_8x8
repack: repack tensor blk.2.attn_v.weight with q4_0
_8x8
repack: repack tensor blk.2.attn_output.weight with
 q4_0_8x8
repack: repack tensor blk.2.ffn_gate.weight with q4
_0_8x8
repack: repack tensor blk.2.ffn_up.weight with q4_0
_8x8
.repack: repack tensor blk.2.ffn_down.weight with q
4_0_8x8
repack: repack tensor blk.3.attn_q.weight with q4_0
_8x8
repack: repack tensor blk.3.attn_k.weight with q4_0
_8x8
repack: repack tensor blk.3.attn_v.weight with q4_0
_8x8
repack: repack tensor blk.3.attn_output.weight with
 q4_0_8x8
repack: repack tensor blk.3.ffn_gate.weight with q4
_0_8x8
.repack: repack tensor blk.3.ffn_up.weight with q4_
0_8x8
repack: repack tensor blk.3.ffn_down.weight with q4
_0_8x8
.repack: repack tensor blk.4.attn_q.weight with q4_
0_8x8
repack: repack tensor blk.4.attn_k.weight with q4_0
_8x8
repack: repack tensor blk.4.attn_v.weight with q4_0
_8x8
repack: repack tensor blk.4.attn_output.weight with
 q4_0_8x8
repack: repack tensor blk.4.ffn_gate.weight with q4
_0_8x8
repack: repack tensor blk.4.ffn_up.weight with q4_0
_8x8
.repack: repack tensor blk.4.ffn_down.weight with q
4_0_8x8
repack: repack tensor blk.5.attn_q.weight with q4_0
_8x8
repack: repack tensor blk.5.attn_k.weight with q4_0
_8x8
repack: repack tensor blk.5.attn_v.weight with q4_0
_8x8
repack: repack tensor blk.5.attn_output.weight with
 q4_0_8x8
repack: repack tensor blk.5.ffn_gate.weight with q4
_0_8x8
.repack: repack tensor blk.5.ffn_up.weight with q4_
0_8x8
repack: repack tensor blk.5.ffn_down.weight with q4
_0_8x8
.repack: repack tensor blk.6.attn_q.weight with q4_
0_8x8
repack: repack tensor blk.6.attn_k.weight with q4_0
_8x8
repack: repack tensor blk.6.attn_v.weight with q4_0
_8x8
repack: repack tensor blk.6.attn_output.weight with
 q4_0_8x8
repack: repack tensor blk.6.ffn_gate.weight with q4
_0_8x8
repack: repack tensor blk.6.ffn_up.weight with q4_0
_8x8
.repack: repack tensor blk.6.ffn_down.weight with q
4_0_8x8
repack: repack tensor blk.7.attn_q.weight with q4_0
_8x8
repack: repack tensor blk.7.attn_k.weight with q4_0
_8x8
repack: repack tensor blk.7.attn_v.weight with q4_0
_8x8
repack: repack tensor blk.7.attn_output.weight with
 q4_0_8x8
repack: repack tensor blk.7.ffn_gate.weight with q4
_0_8x8
.repack: repack tensor blk.7.ffn_up.weight with q4_
0_8x8
repack: repack tensor blk.7.ffn_down.weight with q4
_0_8x8
.repack: repack tensor blk.8.attn_q.weight with q4_
0_8x8
repack: repack tensor blk.8.attn_k.weight with q4_0
_8x8
repack: repack tensor blk.8.attn_v.weight with q4_0
_8x8
repack: repack tensor blk.8.attn_output.weight with
 q4_0_8x8
repack: repack tensor blk.8.ffn_gate.weight with q4
_0_8x8
repack: repack tensor blk.8.ffn_up.weight with q4_0
_8x8
.repack: repack tensor blk.8.ffn_down.weight with q
4_0_8x8
repack: repack tensor blk.9.attn_q.weight with q4_0
_8x8
repack: repack tensor blk.9.attn_k.weight with q4_0
_8x8
repack: repack tensor blk.9.attn_v.weight with q4_0
_8x8
repack: repack tensor blk.9.attn_output.weight with
 q4_0_8x8
repack: repack tensor blk.9.ffn_gate.weight with q4
_0_8x8
.repack: repack tensor blk.9.ffn_up.weight with q4_
0_8x8
repack: repack tensor blk.9.ffn_down.weight with q4
_0_8x8
.repack: repack tensor blk.10.attn_q.weight with q4
_0_8x8
repack: repack tensor blk.10.attn_k.weight with q4_
0_8x8
repack: repack tensor blk.10.attn_v.weight with q4_
0_8x8
repack: repack tensor blk.10.attn_output.weight wit
h q4_0_8x8
repack: repack tensor blk.10.ffn_gate.weight with q
4_0_8x8
repack: repack tensor blk.10.ffn_up.weight with q4_
0_8x8
.repack: repack tensor blk.10.ffn_down.weight with 
q4_0_8x8
repack: repack tensor blk.11.attn_q.weight with q4_
0_8x8
repack: repack tensor blk.11.attn_k.weight with q4_
0_8x8
repack: repack tensor blk.11.attn_v.weight with q4_
0_8x8
repack: repack tensor blk.11.attn_output.weight wit
h q4_0_8x8
repack: repack tensor blk.11.ffn_gate.weight with q
4_0_8x8
.repack: repack tensor blk.11.ffn_up.weight with q4
_0_8x8
repack: repack tensor blk.11.ffn_down.weight with q
4_0_8x8
.repack: repack tensor blk.12.attn_q.weight with q4
_0_8x8
repack: repack tensor blk.12.attn_k.weight with q4_
0_8x8
repack: repack tensor blk.12.attn_v.weight with q4_
0_8x8
repack: repack tensor blk.12.attn_output.weight wit
h q4_0_8x8
repack: repack tensor blk.12.ffn_gate.weight with q
4_0_8x8
repack: repack tensor blk.12.ffn_up.weight with q4_
0_8x8
.repack: repack tensor blk.12.ffn_down.weight with 
q4_0_8x8
repack: repack tensor blk.13.attn_q.weight with q4_
0_8x8
repack: repack tensor blk.13.attn_k.weight with q4_
0_8x8
repack: repack tensor blk.13.attn_v.weight with q4_
0_8x8
repack: repack tensor blk.13.attn_output.weight wit
h q4_0_8x8
repack: repack tensor blk.13.ffn_gate.weight with q
4_0_8x8
.repack: repack tensor blk.13.ffn_up.weight with q4
_0_8x8
repack: repack tensor blk.13.ffn_down.weight with q
4_0_8x8
.repack: repack tensor blk.14.attn_q.weight with q4
_0_8x8
repack: repack tensor blk.14.attn_k.weight with q4_
0_8x8
repack: repack tensor blk.14.attn_v.weight with q4_
0_8x8
repack: repack tensor blk.14.attn_output.weight wit
h q4_0_8x8
repack: repack tensor blk.14.ffn_gate.weight with q
4_0_8x8
repack: repack tensor blk.14.ffn_up.weight with q4_
0_8x8
.repack: repack tensor blk.14.ffn_down.weight with 
q4_0_8x8
repack: repack tensor blk.15.attn_q.weight with q4_
0_8x8
repack: repack tensor blk.15.attn_k.weight with q4_
0_8x8
repack: repack tensor blk.15.attn_v.weight with q4_
0_8x8
repack: repack tensor blk.15.attn_output.weight wit
h q4_0_8x8
repack: repack tensor blk.15.ffn_gate.weight with q
4_0_8x8
.repack: repack tensor blk.15.ffn_up.weight with q4
_0_8x8
repack: repack tensor blk.15.ffn_down.weight with q
4_0_8x8
.repack: repack tensor blk.16.attn_q.weight with q4
_0_8x8
repack: repack tensor blk.16.attn_k.weight with q4_
0_8x8
repack: repack tensor blk.16.attn_v.weight with q4_
0_8x8
repack: repack tensor blk.16.attn_output.weight wit
h q4_0_8x8
repack: repack tensor blk.16.ffn_gate.weight with q
4_0_8x8
repack: repack tensor blk.16.ffn_up.weight with q4_
0_8x8
.repack: repack tensor blk.16.ffn_down.weight with 
q4_0_8x8
repack: repack tensor blk.17.attn_q.weight with q4_
0_8x8
repack: repack tensor blk.17.attn_k.weight with q4_
0_8x8
repack: repack tensor blk.17.attn_v.weight with q4_
0_8x8
repack: repack tensor blk.17.attn_output.weight wit
h q4_0_8x8
repack: repack tensor blk.17.ffn_gate.weight with q
4_0_8x8
.repack: repack tensor blk.17.ffn_up.weight with q4
_0_8x8
repack: repack tensor blk.17.ffn_down.weight with q
4_0_8x8
.repack: repack tensor blk.18.attn_q.weight with q4
_0_8x8
repack: repack tensor blk.18.attn_k.weight with q4_
0_8x8
repack: repack tensor blk.18.attn_v.weight with q4_
0_8x8
repack: repack tensor blk.18.attn_output.weight wit
h q4_0_8x8
repack: repack tensor blk.18.ffn_gate.weight with q
4_0_8x8
repack: repack tensor blk.18.ffn_up.weight with q4_
0_8x8
.repack: repack tensor blk.18.ffn_down.weight with 
q4_0_8x8
repack: repack tensor blk.19.attn_q.weight with q4_
0_8x8
repack: repack tensor blk.19.attn_k.weight with q4_
0_8x8
repack: repack tensor blk.19.attn_v.weight with q4_
0_8x8
repack: repack tensor blk.19.attn_output.weight wit
h q4_0_8x8
repack: repack tensor blk.19.ffn_gate.weight with q
4_0_8x8
.repack: repack tensor blk.19.ffn_up.weight with q4
_0_8x8
repack: repack tensor blk.19.ffn_down.weight with q
4_0_8x8
.repack: repack tensor blk.20.attn_q.weight with q4
_0_8x8
repack: repack tensor blk.20.attn_k.weight with q4_
0_8x8
repack: repack tensor blk.20.attn_v.weight with q4_
0_8x8
repack: repack tensor blk.20.attn_output.weight wit
h q4_0_8x8
repack: repack tensor blk.20.ffn_gate.weight with q
4_0_8x8
repack: repack tensor blk.20.ffn_up.weight with q4_
0_8x8
.repack: repack tensor blk.20.ffn_down.weight with 
q4_0_8x8
repack: repack tensor blk.21.attn_q.weight with q4_
0_8x8
repack: repack tensor blk.21.attn_k.weight with q4_
0_8x8
repack: repack tensor blk.21.attn_v.weight with q4_
0_8x8
repack: repack tensor blk.21.attn_output.weight wit
h q4_0_8x8
repack: repack tensor blk.21.ffn_gate.weight with q
4_0_8x8
.repack: repack tensor blk.21.ffn_up.weight with q4
_0_8x8
repack: repack tensor blk.21.ffn_down.weight with q
4_0_8x8
.repack: repack tensor blk.22.attn_q.weight with q4
_0_8x8
repack: repack tensor blk.22.attn_k.weight with q4_
0_8x8
repack: repack tensor blk.22.attn_v.weight with q4_
0_8x8
repack: repack tensor blk.22.attn_output.weight wit
h q4_0_8x8
repack: repack tensor blk.22.ffn_gate.weight with q
4_0_8x8
repack: repack tensor blk.22.ffn_up.weight with q4_
0_8x8
.repack: repack tensor blk.22.ffn_down.weight with 
q4_0_8x8
repack: repack tensor blk.23.attn_q.weight with q4_
0_8x8
repack: repack tensor blk.23.attn_k.weight with q4_
0_8x8
repack: repack tensor blk.23.attn_v.weight with q4_
0_8x8
repack: repack tensor blk.23.attn_output.weight wit
h q4_0_8x8
repack: repack tensor blk.23.ffn_gate.weight with q
4_0_8x8
.repack: repack tensor blk.23.ffn_up.weight with q4
_0_8x8
repack: repack tensor blk.23.ffn_down.weight with q
4_0_8x8
.repack: repack tensor blk.24.attn_q.weight with q4
_0_8x8
repack: repack tensor blk.24.attn_k.weight with q4_
0_8x8
repack: repack tensor blk.24.attn_v.weight with q4_
0_8x8
repack: repack tensor blk.24.attn_output.weight wit
h q4_0_8x8
repack: repack tensor blk.24.ffn_gate.weight with q
4_0_8x8
repack: repack tensor blk.24.ffn_up.weight with q4_
0_8x8
.repack: repack tensor blk.24.ffn_down.weight with 
q4_0_8x8
repack: repack tensor blk.25.attn_q.weight with q4_
0_8x8
repack: repack tensor blk.25.attn_k.weight with q4_
0_8x8
repack: repack tensor blk.25.attn_v.weight with q4_
0_8x8
repack: repack tensor blk.25.attn_output.weight wit
h q4_0_8x8
.repack: repack tensor blk.25.ffn_gate.weight with 
q4_0_8x8
repack: repack tensor blk.25.ffn_up.weight with q4_
0_8x8
repack: repack tensor blk.25.ffn_down.weight with q
4_0_8x8
...
llama_init_from_model: n_seq_max     = 1
llama_init_from_model: n_ctx         = 4096
llama_init_from_model: n_ctx_per_seq = 4096
llama_init_from_model: n_batch       = 512
llama_init_from_model: n_ubatch      = 512
llama_init_from_model: flash_attn    = 0
llama_init_from_model: freq_base     = 1000000.0
llama_init_from_model: freq_scale    = 1
llama_init_from_model: n_ctx_per_seq (4096) < n_ctx
_train (32768) -- the full capacity of the model wi
ll not be utilized
llama_kv_cache_init: kv_size = 4096, offload = 1, t
ype_k = 'f16', type_v = 'f16', n_layer = 26, can_sh
ift = 1
llama_kv_cache_init: layer 0: n_embd_k_gqa = 256, n
_embd_v_gqa = 256
llama_kv_cache_init: layer 1: n_embd_k_gqa = 256, n
_embd_v_gqa = 256
llama_kv_cache_init: layer 2: n_embd_k_gqa = 256, n
_embd_v_gqa = 256
llama_kv_cache_init: layer 3: n_embd_k_gqa = 256, n
_embd_v_gqa = 256
llama_kv_cache_init: layer 4: n_embd_k_gqa = 256, n
_embd_v_gqa = 256
llama_kv_cache_init: layer 5: n_embd_k_gqa = 256, n
_embd_v_gqa = 256
llama_kv_cache_init: layer 6: n_embd_k_gqa = 256, n
_embd_v_gqa = 256
llama_kv_cache_init: layer 7: n_embd_k_gqa = 256, n
_embd_v_gqa = 256
llama_kv_cache_init: layer 8: n_embd_k_gqa = 256, n
_embd_v_gqa = 256
llama_kv_cache_init: layer 9: n_embd_k_gqa = 256, n
_embd_v_gqa = 256
llama_kv_cache_init: layer 10: n_embd_k_gqa = 256, 
n_embd_v_gqa = 256
llama_kv_cache_init: layer 11: n_embd_k_gqa = 256, 
n_embd_v_gqa = 256
llama_kv_cache_init: layer 12: n_embd_k_gqa = 256, 
n_embd_v_gqa = 256
llama_kv_cache_init: layer 13: n_embd_k_gqa = 256, 
n_embd_v_gqa = 256
llama_kv_cache_init: layer 14: n_embd_k_gqa = 256, 
n_embd_v_gqa = 256
llama_kv_cache_init: layer 15: n_embd_k_gqa = 256, 
n_embd_v_gqa = 256
llama_kv_cache_init: layer 16: n_embd_k_gqa = 256, 
n_embd_v_gqa = 256
llama_kv_cache_init: layer 17: n_embd_k_gqa = 256, 
n_embd_v_gqa = 256
llama_kv_cache_init: layer 18: n_embd_k_gqa = 256, 
n_embd_v_gqa = 256
llama_kv_cache_init: layer 19: n_embd_k_gqa = 256, 
n_embd_v_gqa = 256
llama_kv_cache_init: layer 20: n_embd_k_gqa = 256, 
n_embd_v_gqa = 256
llama_kv_cache_init: layer 21: n_embd_k_gqa = 256, 
n_embd_v_gqa = 256
llama_kv_cache_init: layer 22: n_embd_k_gqa = 256, 
n_embd_v_gqa = 256
llama_kv_cache_init: layer 23: n_embd_k_gqa = 256, 
n_embd_v_gqa = 256
llama_kv_cache_init: layer 24: n_embd_k_gqa = 256, 
n_embd_v_gqa = 256
llama_kv_cache_init: layer 25: n_embd_k_gqa = 256, 
n_embd_v_gqa = 256
llama_kv_cache_init:        CPU KV buffer size =   
104.00 MiB
llama_init_from_model: KV self size  =  104.00 MiB,
 K (f16):   52.00 MiB, V (f16):   52.00 MiB
llama_init_from_model:        CPU  output buffer si
ze =     1.00 MiB
llama_init_from_model:        CPU compute buffer si
ze =   514.25 MiB
llama_init_from_model: graph nodes  = 1047
llama_init_from_model: graph splits = 1
CPU : SSE3 = 1 | SSSE3 = 1 | AVX = 1 | AVX2 = 1 | F
16C = 1 | FMA = 1 | LLAMAFILE = 1 | OPENMP = 1 | AA
RCH64_REPACK = 1 | 
Model metadata: {'general.architecture': 'gemma3', 
'gemma3.attention.key_length': '256', 'gemma3.atten
tion.head_count_kv': '1', 'gemma3.context_length': 
'32768', 'gemma3.block_count': '26', 'gemma3.attent
ion.value_length': '256', 'gemma3.embedding_length'
: '1152', 'gemma3.rope.scaling.type': 'linear', 'ge
mma3.feed_forward_length': '6912', 'gemma3.attentio
n.head_count': '4', 'gemma3.rope.freq_base': '10000
00.000000', 'gemma3.attention.layer_norm_rms_epsilo
n': '0.000001', 'general.quantization_version': '2'
, 'tokenizer.ggml.bos_token_id': '2', 'gemma3.rope.
scaling.factor': '1.000000', 'gemma3.attention.slid
ing_window': '1024', 'tokenizer.ggml.model': 'llama
', 'general.file_type': '2', 'tokenizer.ggml.eos_to
ken_id': '1', 'tokenizer.ggml.padding_token_id': '0
', 'tokenizer.ggml.unknown_token_id': '3', 'tokeniz
er.chat_template': '{{ bos_token }} {%- if messages
[0][\'role\'] == \'system\' -%} {%- if messages[0][
\'content\'] is string -%} {%- set first_user_prefi
x = messages[0][\'content\'] + \'\\n\' -%} {%- else
 -%} {%- set first_user_prefix = messages[0][\'cont
ent\'][0][\'text\'] + \'\\n\' -%} {%- endif -%} {%-
 set loop_messages = messages[1:] -%} {%- else -%} 
{%- set first_user_prefix = "" -%} {%- set loop_mes
sages = messages -%} {%- endif -%} {%- for message 
in loop_messages -%} {%- if (message[\'role\'] == \
'user\') != (loop.index0 % 2 == 0) -%} {{ raise_exc
eption("Conversation roles must alternate user/assi
stant/user/assistant/...") }} {%- endif -%} {%- if 
(message[\'role\'] == \'assistant\') -%} {%- set ro
le = "model" -%} {%- else -%} {%- set role = messag
e[\'role\'] -%} {%- endif -%} {{ \'<start_of_turn>\
' + role + \'\\n\' + (first_user_prefix if loop.fir
st else "") }} {%- if message[\'content\'] is strin
g -%} {{ message[\'content\'] | trim }} {%- elif me
ssage[\'content\'] is iterable -%} {%- for item in 
message[\'content\'] -%} {%- if item[\'type\'] == \
'image\' -%} {{ \'<start_of_image>\' }} {%- elif it
em[\'type\'] == \'text\' -%} {{ item[\'text\'] | tr
im }} {%- endif -%} {%- endfor -%} {%- else -%} {{ 
raise_exception("Invalid content type") }} {%- endi
f -%} {{ \'<end_of_turn>\\n\' }} {%- endfor -%} {%-
 if add_generation_prompt -%} {{\'<start_of_turn>mo
del\\n\'}} {%- endif -%}'}
Available chat formats from metadata: chat_template
.default
llama_model_loader: loaded meta data with 25 key-va
lue pairs and 340 tensors from C:\Users\園木優陽\OneDri
ve\デスクトップ\課題研究\murmurnet\modules\../../models/gemma
-3-1b-it-q4_0.gguf (version GGUF V3 (latest))
llama_model_loader: Dumping metadata keys/values. N
ote: KV overrides do not apply in this output.
llama_model_loader: - kv   0:                      
 general.architecture str              = gemma3
llama_model_loader: - kv   1:                      
gemma3.context_length u32              = 32768
llama_model_loader: - kv   2:                      
   gemma3.block_count u32              = 26
llama_model_loader: - kv   3:                    ge
mma3.embedding_length u32              = 1152
llama_model_loader: - kv   4:                 gemma
3.feed_forward_length u32              = 6912
llama_model_loader: - kv   5:                gemma3
.attention.head_count u32              = 4
llama_model_loader: - kv   6:             gemma3.at
tention.head_count_kv u32              = 1
llama_model_loader: - kv   7:                gemma3
.attention.key_length u32              = 256
llama_model_loader: - kv   8:              gemma3.a
ttention.value_length u32              = 256
llama_model_loader: - kv   9:    gemma3.attention.l
ayer_norm_rms_epsilon f32              = 0.000001
llama_model_loader: - kv  10:                   gem
ma3.rope.scaling.type str              = linear
llama_model_loader: - kv  11:                 gemma
3.rope.scaling.factor f32              = 1.000000
llama_model_loader: - kv  12:                      
gemma3.rope.freq_base f32              = 1000000.00
0000
llama_model_loader: - kv  13:            gemma3.att
ention.sliding_window u32              = 1024
llama_model_loader: - kv  14:                      
 tokenizer.ggml.model str              = llama
llama_model_loader: - kv  15:                tokeni
zer.ggml.bos_token_id u32              = 2
llama_model_loader: - kv  16:                tokeni
zer.ggml.eos_token_id u32              = 1
llama_model_loader: - kv  17:            tokenizer.
ggml.padding_token_id u32              = 0
llama_model_loader: - kv  18:            tokenizer.
ggml.unknown_token_id u32              = 3
llama_model_loader: - kv  19:                      
tokenizer.ggml.tokens arr[str,262144]  = ["<pad>", 
"<eos>", "<bos>", "<unk>", ...
llama_model_loader: - kv  20:                      
tokenizer.ggml.scores arr[f32,262144]  = [0.000000,
 0.000000, 0.000000, 0.0000...
llama_model_loader: - kv  21:                  toke
nizer.ggml.token_type arr[i32,262144]  = [3, 3, 3, 
2, 1, 1, 1, 1, 1, 1, 1, 1, ...
llama_model_loader: - kv  22:               general
.quantization_version u32              = 2
llama_model_loader: - kv  23:                      
    general.file_type u32              = 2
llama_model_loader: - kv  24:                    to
kenizer.chat_template str              = {{ bos_tok
en }} {%- if messages[0]['r...
llama_model_loader: - type  f32:  157 tensors
llama_model_loader: - type  f16:    1 tensors
llama_model_loader: - type q4_0:  182 tensors
print_info: file format = GGUF V3 (latest)
print_info: file type   = Q4_0
print_info: file size   = 950.82 MiB (7.98 BPW) 
init_tokenizer: initializing tokenizer for type 1
load: control token:      1 '<eos>' is not marked a
s EOG
load: control token:      0 '<pad>' is not marked a
s EOG
load: control token:      2 '<bos>' is not marked a
s EOG
load: control token:    105 '<start_of_turn>' is no
t marked as EOG
load: control token: 255999 '<start_of_image>' is n
ot marked as EOG
load: control token: 256000 '<end_of_image>' is not
 marked as EOG
load: special_eos_id is not in special_eog_ids - th
e tokenizer config may be incorrect
load: special tokens cache size = 8
load: token to piece cache size = 1.9446 MB
print_info: arch             = gemma3
print_info: vocab_only       = 0
print_info: n_ctx_train      = 32768
print_info: n_embd           = 1152
print_info: n_layer          = 26
print_info: n_head           = 4
print_info: n_head_kv        = 1
print_info: n_rot            = 256
print_info: n_swa            = 1024
print_info: n_embd_head_k    = 256
print_info: n_embd_head_v    = 256
print_info: n_gqa            = 4
print_info: n_embd_k_gqa     = 256
print_info: n_embd_v_gqa     = 256
print_info: f_norm_eps       = 0.0e+00
print_info: f_norm_rms_eps   = 1.0e-06
print_info: f_clamp_kqv      = 0.0e+00
print_info: f_max_alibi_bias = 0.0e+00
print_info: f_logit_scale    = 0.0e+00
print_info: f_attn_scale     = 6.2e-02
print_info: n_ff             = 6912
print_info: n_expert         = 0
print_info: n_expert_used    = 0
print_info: causal attn      = 1
print_info: pooling type     = 0
print_info: rope type        = 2
print_info: rope scaling     = linear
print_info: freq_base_train  = 1000000.0
print_info: freq_scale_train = 1
print_info: n_ctx_orig_yarn  = 32768
print_info: rope_finetuned   = unknown
print_info: ssm_d_conv       = 0
print_info: ssm_d_inner      = 0
print_info: ssm_d_state      = 0
print_info: ssm_dt_rank      = 0
print_info: ssm_dt_b_c_rms   = 0
print_info: model type       = 1B
print_info: model params     = 999.89 M
print_info: general.name     = n/a
print_info: vocab type       = SPM
print_info: n_vocab          = 262144
print_info: n_merges         = 0
print_info: BOS token        = 2 '<bos>'
print_info: EOS token        = 1 '<eos>'
print_info: EOT token        = 106 '<end_of_turn>'
print_info: UNK token        = 3 '<unk>'
print_info: PAD token        = 0 '<pad>'
print_info: LF token         = 248 '<0x0A>'
print_info: EOG token        = 1 '<eos>'
print_info: EOG token        = 106 '<end_of_turn>'
print_info: max token length = 93
load_tensors: loading model tensors, this can take 
a while... (mmap = true)
load_tensors: layer   0 assigned to device CPU
load_tensors: layer   1 assigned to device CPU
load_tensors: layer   2 assigned to device CPU
load_tensors: layer   3 assigned to device CPU
load_tensors: layer   4 assigned to device CPU
load_tensors: layer   5 assigned to device CPU
load_tensors: layer   6 assigned to device CPU
load_tensors: layer   7 assigned to device CPU
load_tensors: layer   8 assigned to device CPU
load_tensors: layer   9 assigned to device CPU
load_tensors: layer  10 assigned to device CPU
load_tensors: layer  11 assigned to device CPU
load_tensors: layer  12 assigned to device CPU
load_tensors: layer  13 assigned to device CPU
load_tensors: layer  14 assigned to device CPU
load_tensors: layer  15 assigned to device CPU
load_tensors: layer  16 assigned to device CPU
load_tensors: layer  17 assigned to device CPU
load_tensors: layer  18 assigned to device CPU
load_tensors: layer  19 assigned to device CPU
load_tensors: layer  20 assigned to device CPU
load_tensors: layer  21 assigned to device CPU
load_tensors: layer  22 assigned to device CPU
load_tensors: layer  23 assigned to device CPU
load_tensors: layer  24 assigned to device CPU
load_tensors: layer  25 assigned to device CPU
load_tensors: layer  26 assigned to device CPU
load_tensors: tensor 'token_embd.weight' (f16) (and
 158 others) cannot be used with preferred buffer t
ype CPU_AARCH64, using CPU instead
load_tensors:  CPU_AARCH64 model buffer size =   37
4.31 MiB
load_tensors:   CPU_Mapped model buffer size =   95
0.82 MiB
repack: repack tensor blk.0.attn_q.weight with q4_0
_8x8
repack: repack tensor blk.0.attn_k.weight with q4_0
_8x8
repack: repack tensor blk.0.attn_v.weight with q4_0
_8x8
repack: repack tensor blk.0.attn_output.weight with
 q4_0_8x8
repack: repack tensor blk.0.ffn_gate.weight with q4
_0_8x8
repack: repack tensor blk.0.ffn_up.weight with q4_0
_8x8
.repack: repack tensor blk.0.ffn_down.weight with q
4_0_8x8
repack: repack tensor blk.1.attn_q.weight with q4_0
_8x8
repack: repack tensor blk.1.attn_k.weight with q4_0
_8x8
repack: repack tensor blk.1.attn_v.weight with q4_0
_8x8
repack: repack tensor blk.1.attn_output.weight with
 q4_0_8x8
repack: repack tensor blk.1.ffn_gate.weight with q4
_0_8x8
.repack: repack tensor blk.1.ffn_up.weight with q4_
0_8x8
repack: repack tensor blk.1.ffn_down.weight with q4
_0_8x8
.repack: repack tensor blk.2.attn_q.weight with q4_
0_8x8
repack: repack tensor blk.2.attn_k.weight with q4_0
_8x8
repack: repack tensor blk.2.attn_v.weight with q4_0
_8x8
repack: repack tensor blk.2.attn_output.weight with
 q4_0_8x8
repack: repack tensor blk.2.ffn_gate.weight with q4
_0_8x8
repack: repack tensor blk.2.ffn_up.weight with q4_0
_8x8
.repack: repack tensor blk.2.ffn_down.weight with q
4_0_8x8
repack: repack tensor blk.3.attn_q.weight with q4_0
_8x8
repack: repack tensor blk.3.attn_k.weight with q4_0
_8x8
repack: repack tensor blk.3.attn_v.weight with q4_0
_8x8
repack: repack tensor blk.3.attn_output.weight with
 q4_0_8x8
repack: repack tensor blk.3.ffn_gate.weight with q4
_0_8x8
.repack: repack tensor blk.3.ffn_up.weight with q4_
0_8x8
repack: repack tensor blk.3.ffn_down.weight with q4
_0_8x8
.repack: repack tensor blk.4.attn_q.weight with q4_
0_8x8
repack: repack tensor blk.4.attn_k.weight with q4_0
_8x8
repack: repack tensor blk.4.attn_v.weight with q4_0
_8x8
repack: repack tensor blk.4.attn_output.weight with
 q4_0_8x8
repack: repack tensor blk.4.ffn_gate.weight with q4
_0_8x8
repack: repack tensor blk.4.ffn_up.weight with q4_0
_8x8
.repack: repack tensor blk.4.ffn_down.weight with q
4_0_8x8
repack: repack tensor blk.5.attn_q.weight with q4_0
_8x8
repack: repack tensor blk.5.attn_k.weight with q4_0
_8x8
repack: repack tensor blk.5.attn_v.weight with q4_0
_8x8
repack: repack tensor blk.5.attn_output.weight with
 q4_0_8x8
repack: repack tensor blk.5.ffn_gate.weight with q4
_0_8x8
.repack: repack tensor blk.5.ffn_up.weight with q4_
0_8x8
repack: repack tensor blk.5.ffn_down.weight with q4
_0_8x8
.repack: repack tensor blk.6.attn_q.weight with q4_
0_8x8
repack: repack tensor blk.6.attn_k.weight with q4_0
_8x8
repack: repack tensor blk.6.attn_v.weight with q4_0
_8x8
repack: repack tensor blk.6.attn_output.weight with
 q4_0_8x8
repack: repack tensor blk.6.ffn_gate.weight with q4
_0_8x8
repack: repack tensor blk.6.ffn_up.weight with q4_0
_8x8
.repack: repack tensor blk.6.ffn_down.weight with q
4_0_8x8
repack: repack tensor blk.7.attn_q.weight with q4_0
_8x8
repack: repack tensor blk.7.attn_k.weight with q4_0
_8x8
repack: repack tensor blk.7.attn_v.weight with q4_0
_8x8
repack: repack tensor blk.7.attn_output.weight with
 q4_0_8x8
repack: repack tensor blk.7.ffn_gate.weight with q4
_0_8x8
.repack: repack tensor blk.7.ffn_up.weight with q4_
0_8x8
repack: repack tensor blk.7.ffn_down.weight with q4
_0_8x8
.repack: repack tensor blk.8.attn_q.weight with q4_
0_8x8
repack: repack tensor blk.8.attn_k.weight with q4_0
_8x8
repack: repack tensor blk.8.attn_v.weight with q4_0
_8x8
repack: repack tensor blk.8.attn_output.weight with
 q4_0_8x8
repack: repack tensor blk.8.ffn_gate.weight with q4
_0_8x8
repack: repack tensor blk.8.ffn_up.weight with q4_0
_8x8
.repack: repack tensor blk.8.ffn_down.weight with q
4_0_8x8
repack: repack tensor blk.9.attn_q.weight with q4_0
_8x8
repack: repack tensor blk.9.attn_k.weight with q4_0
_8x8
repack: repack tensor blk.9.attn_v.weight with q4_0
_8x8
repack: repack tensor blk.9.attn_output.weight with
 q4_0_8x8
repack: repack tensor blk.9.ffn_gate.weight with q4
_0_8x8
.repack: repack tensor blk.9.ffn_up.weight with q4_
0_8x8
repack: repack tensor blk.9.ffn_down.weight with q4
_0_8x8
.repack: repack tensor blk.10.attn_q.weight with q4
_0_8x8
repack: repack tensor blk.10.attn_k.weight with q4_
0_8x8
repack: repack tensor blk.10.attn_v.weight with q4_
0_8x8
repack: repack tensor blk.10.attn_output.weight wit
h q4_0_8x8
repack: repack tensor blk.10.ffn_gate.weight with q
4_0_8x8
repack: repack tensor blk.10.ffn_up.weight with q4_
0_8x8
.repack: repack tensor blk.10.ffn_down.weight with 
q4_0_8x8
repack: repack tensor blk.11.attn_q.weight with q4_
0_8x8
repack: repack tensor blk.11.attn_k.weight with q4_
0_8x8
repack: repack tensor blk.11.attn_v.weight with q4_
0_8x8
repack: repack tensor blk.11.attn_output.weight wit
h q4_0_8x8
repack: repack tensor blk.11.ffn_gate.weight with q
4_0_8x8
.repack: repack tensor blk.11.ffn_up.weight with q4
_0_8x8
repack: repack tensor blk.11.ffn_down.weight with q
4_0_8x8
.repack: repack tensor blk.12.attn_q.weight with q4
_0_8x8
repack: repack tensor blk.12.attn_k.weight with q4_
0_8x8
repack: repack tensor blk.12.attn_v.weight with q4_
0_8x8
repack: repack tensor blk.12.attn_output.weight wit
h q4_0_8x8
repack: repack tensor blk.12.ffn_gate.weight with q
4_0_8x8
repack: repack tensor blk.12.ffn_up.weight with q4_
0_8x8
.repack: repack tensor blk.12.ffn_down.weight with 
q4_0_8x8
repack: repack tensor blk.13.attn_q.weight with q4_
0_8x8
repack: repack tensor blk.13.attn_k.weight with q4_
0_8x8
repack: repack tensor blk.13.attn_v.weight with q4_
0_8x8
repack: repack tensor blk.13.attn_output.weight wit
h q4_0_8x8
repack: repack tensor blk.13.ffn_gate.weight with q
4_0_8x8
.repack: repack tensor blk.13.ffn_up.weight with q4
_0_8x8
repack: repack tensor blk.13.ffn_down.weight with q
4_0_8x8
.repack: repack tensor blk.14.attn_q.weight with q4
_0_8x8
repack: repack tensor blk.14.attn_k.weight with q4_
0_8x8
repack: repack tensor blk.14.attn_v.weight with q4_
0_8x8
repack: repack tensor blk.14.attn_output.weight wit
h q4_0_8x8
repack: repack tensor blk.14.ffn_gate.weight with q
4_0_8x8
repack: repack tensor blk.14.ffn_up.weight with q4_
0_8x8
.repack: repack tensor blk.14.ffn_down.weight with 
q4_0_8x8
repack: repack tensor blk.15.attn_q.weight with q4_
0_8x8
repack: repack tensor blk.15.attn_k.weight with q4_
0_8x8
repack: repack tensor blk.15.attn_v.weight with q4_
0_8x8
repack: repack tensor blk.15.attn_output.weight wit
h q4_0_8x8
repack: repack tensor blk.15.ffn_gate.weight with q
4_0_8x8
.repack: repack tensor blk.15.ffn_up.weight with q4
_0_8x8
repack: repack tensor blk.15.ffn_down.weight with q
4_0_8x8
.repack: repack tensor blk.16.attn_q.weight with q4
_0_8x8
repack: repack tensor blk.16.attn_k.weight with q4_
0_8x8
repack: repack tensor blk.16.attn_v.weight with q4_
0_8x8
repack: repack tensor blk.16.attn_output.weight wit
h q4_0_8x8
repack: repack tensor blk.16.ffn_gate.weight with q
4_0_8x8
repack: repack tensor blk.16.ffn_up.weight with q4_
0_8x8
.repack: repack tensor blk.16.ffn_down.weight with 
q4_0_8x8
repack: repack tensor blk.17.attn_q.weight with q4_
0_8x8
repack: repack tensor blk.17.attn_k.weight with q4_
0_8x8
repack: repack tensor blk.17.attn_v.weight with q4_
0_8x8
repack: repack tensor blk.17.attn_output.weight wit
h q4_0_8x8
repack: repack tensor blk.17.ffn_gate.weight with q
4_0_8x8
.repack: repack tensor blk.17.ffn_up.weight with q4
_0_8x8
repack: repack tensor blk.17.ffn_down.weight with q
4_0_8x8
.repack: repack tensor blk.18.attn_q.weight with q4
_0_8x8
repack: repack tensor blk.18.attn_k.weight with q4_
0_8x8
repack: repack tensor blk.18.attn_v.weight with q4_
0_8x8
repack: repack tensor blk.18.attn_output.weight wit
h q4_0_8x8
repack: repack tensor blk.18.ffn_gate.weight with q
4_0_8x8
repack: repack tensor blk.18.ffn_up.weight with q4_
0_8x8
.repack: repack tensor blk.18.ffn_down.weight with 
q4_0_8x8
repack: repack tensor blk.19.attn_q.weight with q4_
0_8x8
repack: repack tensor blk.19.attn_k.weight with q4_
0_8x8
repack: repack tensor blk.19.attn_v.weight with q4_
0_8x8
repack: repack tensor blk.19.attn_output.weight wit
h q4_0_8x8
repack: repack tensor blk.19.ffn_gate.weight with q
4_0_8x8
.repack: repack tensor blk.19.ffn_up.weight with q4
_0_8x8
repack: repack tensor blk.19.ffn_down.weight with q
4_0_8x8
.repack: repack tensor blk.20.attn_q.weight with q4
_0_8x8
repack: repack tensor blk.20.attn_k.weight with q4_
0_8x8
repack: repack tensor blk.20.attn_v.weight with q4_
0_8x8
repack: repack tensor blk.20.attn_output.weight wit
h q4_0_8x8
repack: repack tensor blk.20.ffn_gate.weight with q
4_0_8x8
repack: repack tensor blk.20.ffn_up.weight with q4_
0_8x8
.repack: repack tensor blk.20.ffn_down.weight with 
q4_0_8x8
repack: repack tensor blk.21.attn_q.weight with q4_
0_8x8
repack: repack tensor blk.21.attn_k.weight with q4_
0_8x8
repack: repack tensor blk.21.attn_v.weight with q4_
0_8x8
repack: repack tensor blk.21.attn_output.weight wit
h q4_0_8x8
repack: repack tensor blk.21.ffn_gate.weight with q
4_0_8x8
.repack: repack tensor blk.21.ffn_up.weight with q4
_0_8x8
repack: repack tensor blk.21.ffn_down.weight with q
4_0_8x8
.repack: repack tensor blk.22.attn_q.weight with q4
_0_8x8
repack: repack tensor blk.22.attn_k.weight with q4_
0_8x8
repack: repack tensor blk.22.attn_v.weight with q4_
0_8x8
repack: repack tensor blk.22.attn_output.weight wit
h q4_0_8x8
repack: repack tensor blk.22.ffn_gate.weight with q
4_0_8x8
repack: repack tensor blk.22.ffn_up.weight with q4_
0_8x8
.repack: repack tensor blk.22.ffn_down.weight with 
q4_0_8x8
repack: repack tensor blk.23.attn_q.weight with q4_
0_8x8
repack: repack tensor blk.23.attn_k.weight with q4_
0_8x8
repack: repack tensor blk.23.attn_v.weight with q4_
0_8x8
repack: repack tensor blk.23.attn_output.weight wit
h q4_0_8x8
repack: repack tensor blk.23.ffn_gate.weight with q
4_0_8x8
.repack: repack tensor blk.23.ffn_up.weight with q4
_0_8x8
repack: repack tensor blk.23.ffn_down.weight with q
4_0_8x8
.repack: repack tensor blk.24.attn_q.weight with q4
_0_8x8
repack: repack tensor blk.24.attn_k.weight with q4_
0_8x8
repack: repack tensor blk.24.attn_v.weight with q4_
0_8x8
repack: repack tensor blk.24.attn_output.weight wit
h q4_0_8x8
repack: repack tensor blk.24.ffn_gate.weight with q
4_0_8x8
repack: repack tensor blk.24.ffn_up.weight with q4_
0_8x8
.repack: repack tensor blk.24.ffn_down.weight with 
q4_0_8x8
repack: repack tensor blk.25.attn_q.weight with q4_
0_8x8
repack: repack tensor blk.25.attn_k.weight with q4_
0_8x8
repack: repack tensor blk.25.attn_v.weight with q4_
0_8x8
repack: repack tensor blk.25.attn_output.weight wit
h q4_0_8x8
.repack: repack tensor blk.25.ffn_gate.weight with 
q4_0_8x8
repack: repack tensor blk.25.ffn_up.weight with q4_
0_8x8
repack: repack tensor blk.25.ffn_down.weight with q
4_0_8x8
...
llama_init_from_model: n_seq_max     = 1
llama_init_from_model: n_ctx         = 4096
llama_init_from_model: n_ctx_per_seq = 4096
llama_init_from_model: n_batch       = 512
llama_init_from_model: n_ubatch      = 512
llama_init_from_model: flash_attn    = 0
llama_init_from_model: freq_base     = 1000000.0
llama_init_from_model: freq_scale    = 1
llama_init_from_model: n_ctx_per_seq (4096) < n_ctx
_train (32768) -- the full capacity of the model wi
ll not be utilized
llama_kv_cache_init: kv_size = 4096, offload = 1, t
ype_k = 'f16', type_v = 'f16', n_layer = 26, can_sh
ift = 1
llama_kv_cache_init: layer 0: n_embd_k_gqa = 256, n
_embd_v_gqa = 256
llama_kv_cache_init: layer 1: n_embd_k_gqa = 256, n
_embd_v_gqa = 256
llama_kv_cache_init: layer 2: n_embd_k_gqa = 256, n
_embd_v_gqa = 256
llama_kv_cache_init: layer 3: n_embd_k_gqa = 256, n
_embd_v_gqa = 256
llama_kv_cache_init: layer 4: n_embd_k_gqa = 256, n
_embd_v_gqa = 256
llama_kv_cache_init: layer 5: n_embd_k_gqa = 256, n
_embd_v_gqa = 256
llama_kv_cache_init: layer 6: n_embd_k_gqa = 256, n
_embd_v_gqa = 256
llama_kv_cache_init: layer 7: n_embd_k_gqa = 256, n
_embd_v_gqa = 256
llama_kv_cache_init: layer 8: n_embd_k_gqa = 256, n
_embd_v_gqa = 256
llama_kv_cache_init: layer 9: n_embd_k_gqa = 256, n
_embd_v_gqa = 256
llama_kv_cache_init: layer 10: n_embd_k_gqa = 256, 
n_embd_v_gqa = 256
llama_kv_cache_init: layer 11: n_embd_k_gqa = 256, 
n_embd_v_gqa = 256
llama_kv_cache_init: layer 12: n_embd_k_gqa = 256, 
n_embd_v_gqa = 256
llama_kv_cache_init: layer 13: n_embd_k_gqa = 256, 
n_embd_v_gqa = 256
llama_kv_cache_init: layer 14: n_embd_k_gqa = 256, 
n_embd_v_gqa = 256
llama_kv_cache_init: layer 15: n_embd_k_gqa = 256, 
n_embd_v_gqa = 256
llama_kv_cache_init: layer 16: n_embd_k_gqa = 256, 
n_embd_v_gqa = 256
llama_kv_cache_init: layer 17: n_embd_k_gqa = 256, 
n_embd_v_gqa = 256
llama_kv_cache_init: layer 18: n_embd_k_gqa = 256, 
n_embd_v_gqa = 256
llama_kv_cache_init: layer 19: n_embd_k_gqa = 256, 
n_embd_v_gqa = 256
llama_kv_cache_init: layer 20: n_embd_k_gqa = 256, 
n_embd_v_gqa = 256
llama_kv_cache_init: layer 21: n_embd_k_gqa = 256, 
n_embd_v_gqa = 256
llama_kv_cache_init: layer 22: n_embd_k_gqa = 256, 
n_embd_v_gqa = 256
llama_kv_cache_init: layer 23: n_embd_k_gqa = 256, 
n_embd_v_gqa = 256
llama_kv_cache_init: layer 24: n_embd_k_gqa = 256, 
n_embd_v_gqa = 256
llama_kv_cache_init: layer 25: n_embd_k_gqa = 256, 
n_embd_v_gqa = 256
llama_kv_cache_init:        CPU KV buffer size =   
104.00 MiB
llama_init_from_model: KV self size  =  104.00 MiB,
 K (f16):   52.00 MiB, V (f16):   52.00 MiB
llama_init_from_model:        CPU  output buffer si
ze =     1.00 MiB
llama_init_from_model:        CPU compute buffer si
ze =   514.25 MiB
llama_init_from_model: graph nodes  = 1047
llama_init_from_model: graph splits = 1
CPU : SSE3 = 1 | SSSE3 = 1 | AVX = 1 | AVX2 = 1 | F
16C = 1 | FMA = 1 | LLAMAFILE = 1 | OPENMP = 1 | AA
RCH64_REPACK = 1 | 
Model metadata: {'general.architecture': 'gemma3', 
'gemma3.attention.key_length': '256', 'gemma3.atten
tion.head_count_kv': '1', 'gemma3.context_length': 
'32768', 'gemma3.block_count': '26', 'gemma3.attent
ion.value_length': '256', 'gemma3.embedding_length'
: '1152', 'gemma3.rope.scaling.type': 'linear', 'ge
mma3.feed_forward_length': '6912', 'gemma3.attentio
n.head_count': '4', 'gemma3.rope.freq_base': '10000
00.000000', 'gemma3.attention.layer_norm_rms_epsilo
n': '0.000001', 'general.quantization_version': '2'
, 'tokenizer.ggml.bos_token_id': '2', 'gemma3.rope.
scaling.factor': '1.000000', 'gemma3.attention.slid
ing_window': '1024', 'tokenizer.ggml.model': 'llama
', 'general.file_type': '2', 'tokenizer.ggml.eos_to
ken_id': '1', 'tokenizer.ggml.padding_token_id': '0
', 'tokenizer.ggml.unknown_token_id': '3', 'tokeniz
er.chat_template': '{{ bos_token }} {%- if messages
[0][\'role\'] == \'system\' -%} {%- if messages[0][
\'content\'] is string -%} {%- set first_user_prefi
x = messages[0][\'content\'] + \'\\n\' -%} {%- else
 -%} {%- set first_user_prefix = messages[0][\'cont
ent\'][0][\'text\'] + \'\\n\' -%} {%- endif -%} {%-
 set loop_messages = messages[1:] -%} {%- else -%} 
{%- set first_user_prefix = "" -%} {%- set loop_mes
sages = messages -%} {%- endif -%} {%- for message 
in loop_messages -%} {%- if (message[\'role\'] == \
'user\') != (loop.index0 % 2 == 0) -%} {{ raise_exc
eption("Conversation roles must alternate user/assi
stant/user/assistant/...") }} {%- endif -%} {%- if 
(message[\'role\'] == \'assistant\') -%} {%- set ro
le = "model" -%} {%- else -%} {%- set role = messag
e[\'role\'] -%} {%- endif -%} {{ \'<start_of_turn>\
' + role + \'\\n\' + (first_user_prefix if loop.fir
st else "") }} {%- if message[\'content\'] is strin
g -%} {{ message[\'content\'] | trim }} {%- elif me
ssage[\'content\'] is iterable -%} {%- for item in 
message[\'content\'] -%} {%- if item[\'type\'] == \
'image\' -%} {{ \'<start_of_image>\' }} {%- elif it
em[\'type\'] == \'text\' -%} {{ item[\'text\'] | tr
im }} {%- endif -%} {%- endfor -%} {%- else -%} {{ 
raise_exception("Invalid content type") }} {%- endi
f -%} {{ \'<end_of_turn>\\n\' }} {%- endfor -%} {%-
 if add_generation_prompt -%} {{\'<start_of_turn>mo
del\\n\'}} {%- endif -%}'}
Available chat formats from metadata: chat_template
.default
llama_model_loader: loaded meta data with 25 key-va
lue pairs and 340 tensors from C:\Users\園木優陽\OneDri
ve\デスクトップ\課題研究\murmurnet\modules\../../models/gemma
-3-1b-it-q4_0.gguf (version GGUF V3 (latest))
llama_model_loader: Dumping metadata keys/values. N
ote: KV overrides do not apply in this output.
llama_model_loader: - kv   0:                      
 general.architecture str              = gemma3
llama_model_loader: - kv   1:                      
gemma3.context_length u32              = 32768
llama_model_loader: - kv   2:                      
   gemma3.block_count u32              = 26
llama_model_loader: - kv   3:                    ge
mma3.embedding_length u32              = 1152
llama_model_loader: - kv   4:                 gemma
3.feed_forward_length u32              = 6912
llama_model_loader: - kv   5:                gemma3
.attention.head_count u32              = 4
llama_model_loader: - kv   6:             gemma3.at
tention.head_count_kv u32              = 1
llama_model_loader: - kv   7:                gemma3
.attention.key_length u32              = 256
llama_model_loader: - kv   8:              gemma3.a
ttention.value_length u32              = 256
llama_model_loader: - kv   9:    gemma3.attention.l
ayer_norm_rms_epsilon f32              = 0.000001
llama_model_loader: - kv  10:                   gem
ma3.rope.scaling.type str              = linear
llama_model_loader: - kv  11:                 gemma
3.rope.scaling.factor f32              = 1.000000
llama_model_loader: - kv  12:                      
gemma3.rope.freq_base f32              = 1000000.00
0000
llama_model_loader: - kv  13:            gemma3.att
ention.sliding_window u32              = 1024
llama_model_loader: - kv  14:                      
 tokenizer.ggml.model str              = llama
llama_model_loader: - kv  15:                tokeni
zer.ggml.bos_token_id u32              = 2
llama_model_loader: - kv  16:                tokeni
zer.ggml.eos_token_id u32              = 1
llama_model_loader: - kv  17:            tokenizer.
ggml.padding_token_id u32              = 0
llama_model_loader: - kv  18:            tokenizer.
ggml.unknown_token_id u32              = 3
llama_model_loader: - kv  19:                      
tokenizer.ggml.tokens arr[str,262144]  = ["<pad>", 
"<eos>", "<bos>", "<unk>", ...
llama_model_loader: - kv  20:                      
tokenizer.ggml.scores arr[f32,262144]  = [0.000000,
 0.000000, 0.000000, 0.0000...
llama_model_loader: - kv  21:                  toke
nizer.ggml.token_type arr[i32,262144]  = [3, 3, 3, 
2, 1, 1, 1, 1, 1, 1, 1, 1, ...
llama_model_loader: - kv  22:               general
.quantization_version u32              = 2
llama_model_loader: - kv  23:                      
    general.file_type u32              = 2
llama_model_loader: - kv  24:                    to
kenizer.chat_template str              = {{ bos_tok
en }} {%- if messages[0]['r...
llama_model_loader: - type  f32:  157 tensors
llama_model_loader: - type  f16:    1 tensors
llama_model_loader: - type q4_0:  182 tensors
print_info: file format = GGUF V3 (latest)
print_info: file type   = Q4_0
print_info: file size   = 950.82 MiB (7.98 BPW) 
init_tokenizer: initializing tokenizer for type 1
load: control token:      1 '<eos>' is not marked a
s EOG
load: control token:      0 '<pad>' is not marked a
s EOG
load: control token:      2 '<bos>' is not marked a
s EOG
load: control token:    105 '<start_of_turn>' is no
t marked as EOG
load: control token: 255999 '<start_of_image>' is n
ot marked as EOG
load: control token: 256000 '<end_of_image>' is not
 marked as EOG
load: special_eos_id is not in special_eog_ids - th
e tokenizer config may be incorrect
load: special tokens cache size = 8
load: token to piece cache size = 1.9446 MB
print_info: arch             = gemma3
print_info: vocab_only       = 0
print_info: n_ctx_train      = 32768
print_info: n_embd           = 1152
print_info: n_layer          = 26
print_info: n_head           = 4
print_info: n_head_kv        = 1
print_info: n_rot            = 256
print_info: n_swa            = 1024
print_info: n_embd_head_k    = 256
print_info: n_embd_head_v    = 256
print_info: n_gqa            = 4
print_info: n_embd_k_gqa     = 256
print_info: n_embd_v_gqa     = 256
print_info: f_norm_eps       = 0.0e+00
print_info: f_norm_rms_eps   = 1.0e-06
print_info: f_clamp_kqv      = 0.0e+00
print_info: f_max_alibi_bias = 0.0e+00
print_info: f_logit_scale    = 0.0e+00
print_info: f_attn_scale     = 6.2e-02
print_info: n_ff             = 6912
print_info: n_expert         = 0
print_info: n_expert_used    = 0
print_info: causal attn      = 1
print_info: pooling type     = 0
print_info: rope type        = 2
print_info: rope scaling     = linear
print_info: freq_base_train  = 1000000.0
print_info: freq_scale_train = 1
print_info: n_ctx_orig_yarn  = 32768
print_info: rope_finetuned   = unknown
print_info: ssm_d_conv       = 0
print_info: ssm_d_inner      = 0
print_info: ssm_d_state      = 0
print_info: ssm_dt_rank      = 0
print_info: ssm_dt_b_c_rms   = 0
print_info: model type       = 1B
print_info: model params     = 999.89 M
print_info: general.name     = n/a
print_info: vocab type       = SPM
print_info: n_vocab          = 262144
print_info: n_merges         = 0
print_info: BOS token        = 2 '<bos>'
print_info: EOS token        = 1 '<eos>'
print_info: EOT token        = 106 '<end_of_turn>'
print_info: UNK token        = 3 '<unk>'
print_info: PAD token        = 0 '<pad>'
print_info: LF token         = 248 '<0x0A>'
print_info: EOG token        = 1 '<eos>'
print_info: EOG token        = 106 '<end_of_turn>'
print_info: max token length = 93
load_tensors: loading model tensors, this can take 
a while... (mmap = true)
load_tensors: layer   0 assigned to device CPU
load_tensors: layer   1 assigned to device CPU
load_tensors: layer   2 assigned to device CPU
load_tensors: layer   3 assigned to device CPU
load_tensors: layer   4 assigned to device CPU
load_tensors: layer   5 assigned to device CPU
load_tensors: layer   6 assigned to device CPU
load_tensors: layer   7 assigned to device CPU
load_tensors: layer   8 assigned to device CPU
load_tensors: layer   9 assigned to device CPU
load_tensors: layer  10 assigned to device CPU
load_tensors: layer  11 assigned to device CPU
load_tensors: layer  12 assigned to device CPU
load_tensors: layer  13 assigned to device CPU
load_tensors: layer  14 assigned to device CPU
load_tensors: layer  15 assigned to device CPU
load_tensors: layer  16 assigned to device CPU
load_tensors: layer  17 assigned to device CPU
load_tensors: layer  18 assigned to device CPU
load_tensors: layer  19 assigned to device CPU
load_tensors: layer  20 assigned to device CPU
load_tensors: layer  21 assigned to device CPU
load_tensors: layer  22 assigned to device CPU
load_tensors: layer  23 assigned to device CPU
load_tensors: layer  24 assigned to device CPU
load_tensors: layer  25 assigned to device CPU
load_tensors: layer  26 assigned to device CPU
load_tensors: tensor 'token_embd.weight' (f16) (and
 158 others) cannot be used with preferred buffer t
ype CPU_AARCH64, using CPU instead
load_tensors:  CPU_AARCH64 model buffer size =   37
4.31 MiB
load_tensors:   CPU_Mapped model buffer size =   95
0.82 MiB
repack: repack tensor blk.0.attn_q.weight with q4_0
_8x8
repack: repack tensor blk.0.attn_k.weight with q4_0
_8x8
repack: repack tensor blk.0.attn_v.weight with q4_0
_8x8
repack: repack tensor blk.0.attn_output.weight with
 q4_0_8x8
repack: repack tensor blk.0.ffn_gate.weight with q4
_0_8x8
repack: repack tensor blk.0.ffn_up.weight with q4_0
_8x8
.repack: repack tensor blk.0.ffn_down.weight with q
4_0_8x8
repack: repack tensor blk.1.attn_q.weight with q4_0
_8x8
repack: repack tensor blk.1.attn_k.weight with q4_0
_8x8
repack: repack tensor blk.1.attn_v.weight with q4_0
_8x8
repack: repack tensor blk.1.attn_output.weight with
 q4_0_8x8
repack: repack tensor blk.1.ffn_gate.weight with q4
_0_8x8
.repack: repack tensor blk.1.ffn_up.weight with q4_
0_8x8
repack: repack tensor blk.1.ffn_down.weight with q4
_0_8x8
.repack: repack tensor blk.2.attn_q.weight with q4_
0_8x8
repack: repack tensor blk.2.attn_k.weight with q4_0
_8x8
repack: repack tensor blk.2.attn_v.weight with q4_0
_8x8
repack: repack tensor blk.2.attn_output.weight with
 q4_0_8x8
repack: repack tensor blk.2.ffn_gate.weight with q4
_0_8x8
repack: repack tensor blk.2.ffn_up.weight with q4_0
_8x8
.repack: repack tensor blk.2.ffn_down.weight with q
4_0_8x8
repack: repack tensor blk.3.attn_q.weight with q4_0
_8x8
repack: repack tensor blk.3.attn_k.weight with q4_0
_8x8
repack: repack tensor blk.3.attn_v.weight with q4_0
_8x8
repack: repack tensor blk.3.attn_output.weight with
 q4_0_8x8
repack: repack tensor blk.3.ffn_gate.weight with q4
_0_8x8
.repack: repack tensor blk.3.ffn_up.weight with q4_
0_8x8
repack: repack tensor blk.3.ffn_down.weight with q4
_0_8x8
.repack: repack tensor blk.4.attn_q.weight with q4_
0_8x8
repack: repack tensor blk.4.attn_k.weight with q4_0
_8x8
repack: repack tensor blk.4.attn_v.weight with q4_0
_8x8
repack: repack tensor blk.4.attn_output.weight with
 q4_0_8x8
repack: repack tensor blk.4.ffn_gate.weight with q4
_0_8x8
repack: repack tensor blk.4.ffn_up.weight with q4_0
_8x8
.repack: repack tensor blk.4.ffn_down.weight with q
4_0_8x8
repack: repack tensor blk.5.attn_q.weight with q4_0
_8x8
repack: repack tensor blk.5.attn_k.weight with q4_0
_8x8
repack: repack tensor blk.5.attn_v.weight with q4_0
_8x8
repack: repack tensor blk.5.attn_output.weight with
 q4_0_8x8
repack: repack tensor blk.5.ffn_gate.weight with q4
_0_8x8
.repack: repack tensor blk.5.ffn_up.weight with q4_
0_8x8
repack: repack tensor blk.5.ffn_down.weight with q4
_0_8x8
.repack: repack tensor blk.6.attn_q.weight with q4_
0_8x8
repack: repack tensor blk.6.attn_k.weight with q4_0
_8x8
repack: repack tensor blk.6.attn_v.weight with q4_0
_8x8
repack: repack tensor blk.6.attn_output.weight with
 q4_0_8x8
repack: repack tensor blk.6.ffn_gate.weight with q4
_0_8x8
repack: repack tensor blk.6.ffn_up.weight with q4_0
_8x8
.repack: repack tensor blk.6.ffn_down.weight with q
4_0_8x8
repack: repack tensor blk.7.attn_q.weight with q4_0
_8x8
repack: repack tensor blk.7.attn_k.weight with q4_0
_8x8
repack: repack tensor blk.7.attn_v.weight with q4_0
_8x8
repack: repack tensor blk.7.attn_output.weight with
 q4_0_8x8
repack: repack tensor blk.7.ffn_gate.weight with q4
_0_8x8
.repack: repack tensor blk.7.ffn_up.weight with q4_
0_8x8
repack: repack tensor blk.7.ffn_down.weight with q4
_0_8x8
.repack: repack tensor blk.8.attn_q.weight with q4_
0_8x8
repack: repack tensor blk.8.attn_k.weight with q4_0
_8x8
repack: repack tensor blk.8.attn_v.weight with q4_0
_8x8
repack: repack tensor blk.8.attn_output.weight with
 q4_0_8x8
repack: repack tensor blk.8.ffn_gate.weight with q4
_0_8x8
repack: repack tensor blk.8.ffn_up.weight with q4_0
_8x8
.repack: repack tensor blk.8.ffn_down.weight with q
4_0_8x8
repack: repack tensor blk.9.attn_q.weight with q4_0
_8x8
repack: repack tensor blk.9.attn_k.weight with q4_0
_8x8
repack: repack tensor blk.9.attn_v.weight with q4_0
_8x8
repack: repack tensor blk.9.attn_output.weight with
 q4_0_8x8
repack: repack tensor blk.9.ffn_gate.weight with q4
_0_8x8
.repack: repack tensor blk.9.ffn_up.weight with q4_
0_8x8
repack: repack tensor blk.9.ffn_down.weight with q4
_0_8x8
.repack: repack tensor blk.10.attn_q.weight with q4
_0_8x8
repack: repack tensor blk.10.attn_k.weight with q4_
0_8x8
repack: repack tensor blk.10.attn_v.weight with q4_
0_8x8
repack: repack tensor blk.10.attn_output.weight wit
h q4_0_8x8
repack: repack tensor blk.10.ffn_gate.weight with q
4_0_8x8
repack: repack tensor blk.10.ffn_up.weight with q4_
0_8x8
.repack: repack tensor blk.10.ffn_down.weight with 
q4_0_8x8
repack: repack tensor blk.11.attn_q.weight with q4_
0_8x8
repack: repack tensor blk.11.attn_k.weight with q4_
0_8x8
repack: repack tensor blk.11.attn_v.weight with q4_
0_8x8
repack: repack tensor blk.11.attn_output.weight wit
h q4_0_8x8
repack: repack tensor blk.11.ffn_gate.weight with q
4_0_8x8
.repack: repack tensor blk.11.ffn_up.weight with q4
_0_8x8
repack: repack tensor blk.11.ffn_down.weight with q
4_0_8x8
.repack: repack tensor blk.12.attn_q.weight with q4
_0_8x8
repack: repack tensor blk.12.attn_k.weight with q4_
0_8x8
repack: repack tensor blk.12.attn_v.weight with q4_
0_8x8
repack: repack tensor blk.12.attn_output.weight wit
h q4_0_8x8
repack: repack tensor blk.12.ffn_gate.weight with q
4_0_8x8
repack: repack tensor blk.12.ffn_up.weight with q4_
0_8x8
.repack: repack tensor blk.12.ffn_down.weight with 
q4_0_8x8
repack: repack tensor blk.13.attn_q.weight with q4_
0_8x8
repack: repack tensor blk.13.attn_k.weight with q4_
0_8x8
repack: repack tensor blk.13.attn_v.weight with q4_
0_8x8
repack: repack tensor blk.13.attn_output.weight wit
h q4_0_8x8
repack: repack tensor blk.13.ffn_gate.weight with q
4_0_8x8
.repack: repack tensor blk.13.ffn_up.weight with q4
_0_8x8
repack: repack tensor blk.13.ffn_down.weight with q
4_0_8x8
.repack: repack tensor blk.14.attn_q.weight with q4
_0_8x8
repack: repack tensor blk.14.attn_k.weight with q4_
0_8x8
repack: repack tensor blk.14.attn_v.weight with q4_
0_8x8
repack: repack tensor blk.14.attn_output.weight wit
h q4_0_8x8
repack: repack tensor blk.14.ffn_gate.weight with q
4_0_8x8
repack: repack tensor blk.14.ffn_up.weight with q4_
0_8x8
.repack: repack tensor blk.14.ffn_down.weight with 
q4_0_8x8
repack: repack tensor blk.15.attn_q.weight with q4_
0_8x8
repack: repack tensor blk.15.attn_k.weight with q4_
0_8x8
repack: repack tensor blk.15.attn_v.weight with q4_
0_8x8
repack: repack tensor blk.15.attn_output.weight wit
h q4_0_8x8
repack: repack tensor blk.15.ffn_gate.weight with q
4_0_8x8
.repack: repack tensor blk.15.ffn_up.weight with q4
_0_8x8
repack: repack tensor blk.15.ffn_down.weight with q
4_0_8x8
.repack: repack tensor blk.16.attn_q.weight with q4
_0_8x8
repack: repack tensor blk.16.attn_k.weight with q4_
0_8x8
repack: repack tensor blk.16.attn_v.weight with q4_
0_8x8
repack: repack tensor blk.16.attn_output.weight wit
h q4_0_8x8
repack: repack tensor blk.16.ffn_gate.weight with q
4_0_8x8
repack: repack tensor blk.16.ffn_up.weight with q4_
0_8x8
.repack: repack tensor blk.16.ffn_down.weight with 
q4_0_8x8
repack: repack tensor blk.17.attn_q.weight with q4_
0_8x8
repack: repack tensor blk.17.attn_k.weight with q4_
0_8x8
repack: repack tensor blk.17.attn_v.weight with q4_
0_8x8
repack: repack tensor blk.17.attn_output.weight wit
h q4_0_8x8
repack: repack tensor blk.17.ffn_gate.weight with q
4_0_8x8
.repack: repack tensor blk.17.ffn_up.weight with q4
_0_8x8
repack: repack tensor blk.17.ffn_down.weight with q
4_0_8x8
.repack: repack tensor blk.18.attn_q.weight with q4
_0_8x8
repack: repack tensor blk.18.attn_k.weight with q4_
0_8x8
repack: repack tensor blk.18.attn_v.weight with q4_
0_8x8
repack: repack tensor blk.18.attn_output.weight wit
h q4_0_8x8
repack: repack tensor blk.18.ffn_gate.weight with q
4_0_8x8
repack: repack tensor blk.18.ffn_up.weight with q4_
0_8x8
.repack: repack tensor blk.18.ffn_down.weight with 
q4_0_8x8
repack: repack tensor blk.19.attn_q.weight with q4_
0_8x8
repack: repack tensor blk.19.attn_k.weight with q4_
0_8x8
repack: repack tensor blk.19.attn_v.weight with q4_
0_8x8
repack: repack tensor blk.19.attn_output.weight wit
h q4_0_8x8
repack: repack tensor blk.19.ffn_gate.weight with q
4_0_8x8
.repack: repack tensor blk.19.ffn_up.weight with q4
_0_8x8
repack: repack tensor blk.19.ffn_down.weight with q
4_0_8x8
.repack: repack tensor blk.20.attn_q.weight with q4
_0_8x8
repack: repack tensor blk.20.attn_k.weight with q4_
0_8x8
repack: repack tensor blk.20.attn_v.weight with q4_
0_8x8
repack: repack tensor blk.20.attn_output.weight wit
h q4_0_8x8
repack: repack tensor blk.20.ffn_gate.weight with q
4_0_8x8
repack: repack tensor blk.20.ffn_up.weight with q4_
0_8x8
.repack: repack tensor blk.20.ffn_down.weight with 
q4_0_8x8
repack: repack tensor blk.21.attn_q.weight with q4_
0_8x8
repack: repack tensor blk.21.attn_k.weight with q4_
0_8x8
repack: repack tensor blk.21.attn_v.weight with q4_
0_8x8
repack: repack tensor blk.21.attn_output.weight wit
h q4_0_8x8
repack: repack tensor blk.21.ffn_gate.weight with q
4_0_8x8
.repack: repack tensor blk.21.ffn_up.weight with q4
_0_8x8
repack: repack tensor blk.21.ffn_down.weight with q
4_0_8x8
.repack: repack tensor blk.22.attn_q.weight with q4
_0_8x8
repack: repack tensor blk.22.attn_k.weight with q4_
0_8x8
repack: repack tensor blk.22.attn_v.weight with q4_
0_8x8
repack: repack tensor blk.22.attn_output.weight wit
h q4_0_8x8
repack: repack tensor blk.22.ffn_gate.weight with q
4_0_8x8
repack: repack tensor blk.22.ffn_up.weight with q4_
0_8x8
.repack: repack tensor blk.22.ffn_down.weight with 
q4_0_8x8
repack: repack tensor blk.23.attn_q.weight with q4_
0_8x8
repack: repack tensor blk.23.attn_k.weight with q4_
0_8x8
repack: repack tensor blk.23.attn_v.weight with q4_
0_8x8
repack: repack tensor blk.23.attn_output.weight wit
h q4_0_8x8
repack: repack tensor blk.23.ffn_gate.weight with q
4_0_8x8
.repack: repack tensor blk.23.ffn_up.weight with q4
_0_8x8
repack: repack tensor blk.23.ffn_down.weight with q
4_0_8x8
.repack: repack tensor blk.24.attn_q.weight with q4
_0_8x8
repack: repack tensor blk.24.attn_k.weight with q4_
0_8x8
repack: repack tensor blk.24.attn_v.weight with q4_
0_8x8
repack: repack tensor blk.24.attn_output.weight wit
h q4_0_8x8
repack: repack tensor blk.24.ffn_gate.weight with q
4_0_8x8
repack: repack tensor blk.24.ffn_up.weight with q4_
0_8x8
.repack: repack tensor blk.24.ffn_down.weight with 
q4_0_8x8
repack: repack tensor blk.25.attn_q.weight with q4_
0_8x8
repack: repack tensor blk.25.attn_k.weight with q4_
0_8x8
repack: repack tensor blk.25.attn_v.weight with q4_
0_8x8
repack: repack tensor blk.25.attn_output.weight wit
h q4_0_8x8
.repack: repack tensor blk.25.ffn_gate.weight with 
q4_0_8x8
repack: repack tensor blk.25.ffn_up.weight with q4_
0_8x8
repack: repack tensor blk.25.ffn_down.weight with q
4_0_8x8
...
llama_init_from_model: n_seq_max     = 1
llama_init_from_model: n_ctx         = 4096
llama_init_from_model: n_ctx_per_seq = 4096
llama_init_from_model: n_batch       = 512
llama_init_from_model: n_ubatch      = 512
llama_init_from_model: flash_attn    = 0
llama_init_from_model: freq_base     = 1000000.0
llama_init_from_model: freq_scale    = 1
llama_init_from_model: n_ctx_per_seq (4096) < n_ctx
_train (32768) -- the full capacity of the model wi
ll not be utilized
llama_kv_cache_init: kv_size = 4096, offload = 1, t
ype_k = 'f16', type_v = 'f16', n_layer = 26, can_sh
ift = 1
llama_kv_cache_init: layer 0: n_embd_k_gqa = 256, n
_embd_v_gqa = 256
llama_kv_cache_init: layer 1: n_embd_k_gqa = 256, n
_embd_v_gqa = 256
llama_kv_cache_init: layer 2: n_embd_k_gqa = 256, n
_embd_v_gqa = 256
llama_kv_cache_init: layer 3: n_embd_k_gqa = 256, n
_embd_v_gqa = 256
llama_kv_cache_init: layer 4: n_embd_k_gqa = 256, n
_embd_v_gqa = 256
llama_kv_cache_init: layer 5: n_embd_k_gqa = 256, n
_embd_v_gqa = 256
llama_kv_cache_init: layer 6: n_embd_k_gqa = 256, n
_embd_v_gqa = 256
llama_kv_cache_init: layer 7: n_embd_k_gqa = 256, n
_embd_v_gqa = 256
llama_kv_cache_init: layer 8: n_embd_k_gqa = 256, n
_embd_v_gqa = 256
llama_kv_cache_init: layer 9: n_embd_k_gqa = 256, n
_embd_v_gqa = 256
llama_kv_cache_init: layer 10: n_embd_k_gqa = 256, 
n_embd_v_gqa = 256
llama_kv_cache_init: layer 11: n_embd_k_gqa = 256, 
n_embd_v_gqa = 256
llama_kv_cache_init: layer 12: n_embd_k_gqa = 256, 
n_embd_v_gqa = 256
llama_kv_cache_init: layer 13: n_embd_k_gqa = 256, 
n_embd_v_gqa = 256
llama_kv_cache_init: layer 14: n_embd_k_gqa = 256, 
n_embd_v_gqa = 256
llama_kv_cache_init: layer 15: n_embd_k_gqa = 256, 
n_embd_v_gqa = 256
llama_kv_cache_init: layer 16: n_embd_k_gqa = 256, 
n_embd_v_gqa = 256
llama_kv_cache_init: layer 17: n_embd_k_gqa = 256, 
n_embd_v_gqa = 256
llama_kv_cache_init: layer 18: n_embd_k_gqa = 256, 
n_embd_v_gqa = 256
llama_kv_cache_init: layer 19: n_embd_k_gqa = 256, 
n_embd_v_gqa = 256
llama_kv_cache_init: layer 20: n_embd_k_gqa = 256, 
n_embd_v_gqa = 256
llama_kv_cache_init: layer 21: n_embd_k_gqa = 256, 
n_embd_v_gqa = 256
llama_kv_cache_init: layer 22: n_embd_k_gqa = 256, 
n_embd_v_gqa = 256
llama_kv_cache_init: layer 23: n_embd_k_gqa = 256, 
n_embd_v_gqa = 256
llama_kv_cache_init: layer 24: n_embd_k_gqa = 256, 
n_embd_v_gqa = 256
llama_kv_cache_init: layer 25: n_embd_k_gqa = 256, 
n_embd_v_gqa = 256
llama_kv_cache_init:        CPU KV buffer size =   
104.00 MiB
llama_init_from_model: KV self size  =  104.00 MiB,
 K (f16):   52.00 MiB, V (f16):   52.00 MiB
llama_init_from_model:        CPU  output buffer si
ze =     1.00 MiB
llama_init_from_model:        CPU compute buffer si
ze =   514.25 MiB
llama_init_from_model: graph nodes  = 1047
llama_init_from_model: graph splits = 1
CPU : SSE3 = 1 | SSSE3 = 1 | AVX = 1 | AVX2 = 1 | F
16C = 1 | FMA = 1 | LLAMAFILE = 1 | OPENMP = 1 | AA
RCH64_REPACK = 1 | 
Model metadata: {'general.architecture': 'gemma3', 
'gemma3.attention.key_length': '256', 'gemma3.atten
tion.head_count_kv': '1', 'gemma3.context_length': 
'32768', 'gemma3.block_count': '26', 'gemma3.attent
ion.value_length': '256', 'gemma3.embedding_length'
: '1152', 'gemma3.rope.scaling.type': 'linear', 'ge
mma3.feed_forward_length': '6912', 'gemma3.attentio
n.head_count': '4', 'gemma3.rope.freq_base': '10000
00.000000', 'gemma3.attention.layer_norm_rms_epsilo
n': '0.000001', 'general.quantization_version': '2'
, 'tokenizer.ggml.bos_token_id': '2', 'gemma3.rope.
scaling.factor': '1.000000', 'gemma3.attention.slid
ing_window': '1024', 'tokenizer.ggml.model': 'llama
', 'general.file_type': '2', 'tokenizer.ggml.eos_to
ken_id': '1', 'tokenizer.ggml.padding_token_id': '0
', 'tokenizer.ggml.unknown_token_id': '3', 'tokeniz
er.chat_template': '{{ bos_token }} {%- if messages
[0][\'role\'] == \'system\' -%} {%- if messages[0][
\'content\'] is string -%} {%- set first_user_prefi
x = messages[0][\'content\'] + \'\\n\' -%} {%- else
 -%} {%- set first_user_prefix = messages[0][\'cont
ent\'][0][\'text\'] + \'\\n\' -%} {%- endif -%} {%-
 set loop_messages = messages[1:] -%} {%- else -%} 
{%- set first_user_prefix = "" -%} {%- set loop_mes
sages = messages -%} {%- endif -%} {%- for message 
in loop_messages -%} {%- if (message[\'role\'] == \
'user\') != (loop.index0 % 2 == 0) -%} {{ raise_exc
eption("Conversation roles must alternate user/assi
stant/user/assistant/...") }} {%- endif -%} {%- if 
(message[\'role\'] == \'assistant\') -%} {%- set ro
le = "model" -%} {%- else -%} {%- set role = messag
e[\'role\'] -%} {%- endif -%} {{ \'<start_of_turn>\
' + role + \'\\n\' + (first_user_prefix if loop.fir
st else "") }} {%- if message[\'content\'] is strin
g -%} {{ message[\'content\'] | trim }} {%- elif me
ssage[\'content\'] is iterable -%} {%- for item in 
message[\'content\'] -%} {%- if item[\'type\'] == \
'image\' -%} {{ \'<start_of_image>\' }} {%- elif it
em[\'type\'] == \'text\' -%} {{ item[\'text\'] | tr
im }} {%- endif -%} {%- endfor -%} {%- else -%} {{ 
raise_exception("Invalid content type") }} {%- endi
f -%} {{ \'<end_of_turn>\\n\' }} {%- endfor -%} {%-
 if add_generation_prompt -%} {{\'<start_of_turn>mo
del\\n\'}} {%- endif -%}'}
Available chat formats from metadata: chat_template
.default
llama_perf_context_print:        load time =     21
4.01 ms
llama_perf_context_print: prompt eval time =     21
3.89 ms /    37 tokens (    5.78 ms per token,   17
2.99 tokens per second)
llama_perf_context_print:        eval time =    141
4.37 ms /    46 runs   (   30.75 ms per token,    3
2.52 tokens per second)
llama_perf_context_print:       total time =    166
6.65 ms /    83 tokens
Llama.generate: 4 prefix-match hit, remaining 64 pr
ompt tokens to eval
llama_perf_context_print:        load time =     21
4.01 ms
llama_perf_context_print: prompt eval time =     20
3.33 ms /    64 tokens (    3.18 ms per token,   31
4.77 tokens per second)
llama_perf_context_print:        eval time =    389
3.83 ms /   127 runs   (   30.66 ms per token,    3
2.62 tokens per second)
llama_perf_context_print:       total time =    421
8.52 ms /   191 tokens
llama_model_loader: loaded meta data with 25 key-va
lue pairs and 340 tensors from C:\Users\園木優陽\OneDri
ve\デスクトップ\課題研究\murmurnet\modules\../../models/gemma
-3-1b-it-q4_0.gguf (version GGUF V3 (latest))
llama_model_loader: Dumping metadata keys/values. N
ote: KV overrides do not apply in this output.
llama_model_loader: - kv   0:                      
 general.architecture str              = gemma3
llama_model_loader: - kv   1:                      
gemma3.context_length u32              = 32768
llama_model_loader: - kv   2:                      
   gemma3.block_count u32              = 26
llama_model_loader: - kv   3:                    ge
mma3.embedding_length u32              = 1152
llama_model_loader: - kv   4:                 gemma
3.feed_forward_length u32              = 6912
llama_model_loader: - kv   5:                gemma3
.attention.head_count u32              = 4
llama_model_loader: - kv   6:             gemma3.at
tention.head_count_kv u32              = 1
llama_model_loader: - kv   7:                gemma3
.attention.key_length u32              = 256
llama_model_loader: - kv   8:              gemma3.a
ttention.value_length u32              = 256
llama_model_loader: - kv   9:    gemma3.attention.l
ayer_norm_rms_epsilon f32              = 0.000001
llama_model_loader: - kv  10:                   gem
ma3.rope.scaling.type str              = linear
llama_model_loader: - kv  11:                 gemma
3.rope.scaling.factor f32              = 1.000000
llama_model_loader: - kv  12:                      
gemma3.rope.freq_base f32              = 1000000.00
0000
llama_model_loader: - kv  13:            gemma3.att
ention.sliding_window u32              = 1024
llama_model_loader: - kv  14:                      
 tokenizer.ggml.model str              = llama
llama_model_loader: - kv  15:                tokeni
zer.ggml.bos_token_id u32              = 2
llama_model_loader: - kv  16:                tokeni
zer.ggml.eos_token_id u32              = 1
llama_model_loader: - kv  17:            tokenizer.
ggml.padding_token_id u32              = 0
llama_model_loader: - kv  18:            tokenizer.
ggml.unknown_token_id u32              = 3
llama_model_loader: - kv  19:                      
tokenizer.ggml.tokens arr[str,262144]  = ["<pad>", 
"<eos>", "<bos>", "<unk>", ...
llama_model_loader: - kv  20:                      
tokenizer.ggml.scores arr[f32,262144]  = [0.000000,
 0.000000, 0.000000, 0.0000...
llama_model_loader: - kv  21:                  toke
nizer.ggml.token_type arr[i32,262144]  = [3, 3, 3, 
2, 1, 1, 1, 1, 1, 1, 1, 1, ...
llama_model_loader: - kv  22:               general
.quantization_version u32              = 2
llama_model_loader: - kv  23:                      
    general.file_type u32              = 2
llama_model_loader: - kv  24:                    to
kenizer.chat_template str              = {{ bos_tok
en }} {%- if messages[0]['r...
llama_model_loader: - type  f32:  157 tensors
llama_model_loader: - type  f16:    1 tensors
llama_model_loader: - type q4_0:  182 tensors
print_info: file format = GGUF V3 (latest)
print_info: file type   = Q4_0
print_info: file size   = 950.82 MiB (7.98 BPW) 
init_tokenizer: initializing tokenizer for type 1
load: control token:      1 '<eos>' is not marked a
s EOG
load: control token:      0 '<pad>' is not marked a
s EOG
load: control token:      2 '<bos>' is not marked a
s EOG
load: control token:    105 '<start_of_turn>' is no
t marked as EOG
load: control token: 255999 '<start_of_image>' is n
ot marked as EOG
load: control token: 256000 '<end_of_image>' is not
 marked as EOG
load: special_eos_id is not in special_eog_ids - th
e tokenizer config may be incorrect
load: special tokens cache size = 8
load: token to piece cache size = 1.9446 MB
print_info: arch             = gemma3
print_info: vocab_only       = 0
print_info: n_ctx_train      = 32768
print_info: n_embd           = 1152
print_info: n_layer          = 26
print_info: n_head           = 4
print_info: n_head_kv        = 1
print_info: n_rot            = 256
print_info: n_swa            = 1024
print_info: n_embd_head_k    = 256
print_info: n_embd_head_v    = 256
print_info: n_gqa            = 4
print_info: n_embd_k_gqa     = 256
print_info: n_embd_v_gqa     = 256
print_info: f_norm_eps       = 0.0e+00
print_info: f_norm_rms_eps   = 1.0e-06
print_info: f_clamp_kqv      = 0.0e+00
print_info: f_max_alibi_bias = 0.0e+00
print_info: f_logit_scale    = 0.0e+00
print_info: f_attn_scale     = 6.2e-02
print_info: n_ff             = 6912
print_info: n_expert         = 0
print_info: n_expert_used    = 0
print_info: causal attn      = 1
print_info: pooling type     = 0
print_info: rope type        = 2
print_info: rope scaling     = linear
print_info: freq_base_train  = 1000000.0
print_info: freq_scale_train = 1
print_info: n_ctx_orig_yarn  = 32768
print_info: rope_finetuned   = unknown
print_info: ssm_d_conv       = 0
print_info: ssm_d_inner      = 0
print_info: ssm_d_state      = 0
print_info: ssm_dt_rank      = 0
print_info: ssm_dt_b_c_rms   = 0
print_info: model type       = 1B
print_info: model params     = 999.89 M
print_info: general.name     = n/a
print_info: vocab type       = SPM
print_info: n_vocab          = 262144
print_info: n_merges         = 0
print_info: BOS token        = 2 '<bos>'
print_info: EOS token        = 1 '<eos>'
print_info: EOT token        = 106 '<end_of_turn>'
print_info: UNK token        = 3 '<unk>'
print_info: PAD token        = 0 '<pad>'
print_info: LF token         = 248 '<0x0A>'
print_info: EOG token        = 1 '<eos>'
print_info: EOG token        = 106 '<end_of_turn>'
print_info: max token length = 93
load_tensors: loading model tensors, this can take 
a while... (mmap = true)
load_tensors: layer   0 assigned to device CPU
load_tensors: layer   1 assigned to device CPU
load_tensors: layer   2 assigned to device CPU
load_tensors: layer   3 assigned to device CPU
load_tensors: layer   4 assigned to device CPU
load_tensors: layer   5 assigned to device CPU
load_tensors: layer   6 assigned to device CPU
load_tensors: layer   7 assigned to device CPU
load_tensors: layer   8 assigned to device CPU
load_tensors: layer   9 assigned to device CPU
load_tensors: layer  10 assigned to device CPU
load_tensors: layer  11 assigned to device CPU
load_tensors: layer  12 assigned to device CPU
load_tensors: layer  13 assigned to device CPU
load_tensors: layer  14 assigned to device CPU
load_tensors: layer  15 assigned to device CPU
load_tensors: layer  16 assigned to device CPU
load_tensors: layer  17 assigned to device CPU
load_tensors: layer  18 assigned to device CPU
load_tensors: layer  19 assigned to device CPU
load_tensors: layer  20 assigned to device CPU
load_tensors: layer  21 assigned to device CPU
load_tensors: layer  22 assigned to device CPU
load_tensors: layer  23 assigned to device CPU
load_tensors: layer  24 assigned to device CPU
load_tensors: layer  25 assigned to device CPU
load_tensors: layer  26 assigned to device CPU
load_tensors: tensor 'token_embd.weight' (f16) (and
 158 others) cannot be used with preferred buffer t
ype CPU_AARCH64, using CPU instead
load_tensors:  CPU_AARCH64 model buffer size =   37
4.31 MiB
load_tensors:   CPU_Mapped model buffer size =   95
0.82 MiB
repack: repack tensor blk.0.attn_q.weight with q4_0
_8x8
repack: repack tensor blk.0.attn_k.weight with q4_0
_8x8
repack: repack tensor blk.0.attn_v.weight with q4_0
_8x8
repack: repack tensor blk.0.attn_output.weight with
 q4_0_8x8
repack: repack tensor blk.0.ffn_gate.weight with q4
_0_8x8
repack: repack tensor blk.0.ffn_up.weight with q4_0
_8x8
.repack: repack tensor blk.0.ffn_down.weight with q
4_0_8x8
repack: repack tensor blk.1.attn_q.weight with q4_0
_8x8
repack: repack tensor blk.1.attn_k.weight with q4_0
_8x8
repack: repack tensor blk.1.attn_v.weight with q4_0
_8x8
repack: repack tensor blk.1.attn_output.weight with
 q4_0_8x8
repack: repack tensor blk.1.ffn_gate.weight with q4
_0_8x8
.repack: repack tensor blk.1.ffn_up.weight with q4_
0_8x8
repack: repack tensor blk.1.ffn_down.weight with q4
_0_8x8
.repack: repack tensor blk.2.attn_q.weight with q4_
0_8x8
repack: repack tensor blk.2.attn_k.weight with q4_0
_8x8
repack: repack tensor blk.2.attn_v.weight with q4_0
_8x8
repack: repack tensor blk.2.attn_output.weight with
 q4_0_8x8
repack: repack tensor blk.2.ffn_gate.weight with q4
_0_8x8
repack: repack tensor blk.2.ffn_up.weight with q4_0
_8x8
.repack: repack tensor blk.2.ffn_down.weight with q
4_0_8x8
repack: repack tensor blk.3.attn_q.weight with q4_0
_8x8
repack: repack tensor blk.3.attn_k.weight with q4_0
_8x8
repack: repack tensor blk.3.attn_v.weight with q4_0
_8x8
repack: repack tensor blk.3.attn_output.weight with
 q4_0_8x8
repack: repack tensor blk.3.ffn_gate.weight with q4
_0_8x8
.repack: repack tensor blk.3.ffn_up.weight with q4_
0_8x8
repack: repack tensor blk.3.ffn_down.weight with q4
_0_8x8
.repack: repack tensor blk.4.attn_q.weight with q4_
0_8x8
repack: repack tensor blk.4.attn_k.weight with q4_0
_8x8
repack: repack tensor blk.4.attn_v.weight with q4_0
_8x8
repack: repack tensor blk.4.attn_output.weight with
 q4_0_8x8
repack: repack tensor blk.4.ffn_gate.weight with q4
_0_8x8
repack: repack tensor blk.4.ffn_up.weight with q4_0
_8x8
.repack: repack tensor blk.4.ffn_down.weight with q
4_0_8x8
repack: repack tensor blk.5.attn_q.weight with q4_0
_8x8
repack: repack tensor blk.5.attn_k.weight with q4_0
_8x8
repack: repack tensor blk.5.attn_v.weight with q4_0
_8x8
repack: repack tensor blk.5.attn_output.weight with
 q4_0_8x8
repack: repack tensor blk.5.ffn_gate.weight with q4
_0_8x8
.repack: repack tensor blk.5.ffn_up.weight with q4_
0_8x8
repack: repack tensor blk.5.ffn_down.weight with q4
_0_8x8
.repack: repack tensor blk.6.attn_q.weight with q4_
0_8x8
repack: repack tensor blk.6.attn_k.weight with q4_0
_8x8
repack: repack tensor blk.6.attn_v.weight with q4_0
_8x8
repack: repack tensor blk.6.attn_output.weight with
 q4_0_8x8
repack: repack tensor blk.6.ffn_gate.weight with q4
_0_8x8
repack: repack tensor blk.6.ffn_up.weight with q4_0
_8x8
.repack: repack tensor blk.6.ffn_down.weight with q
4_0_8x8
repack: repack tensor blk.7.attn_q.weight with q4_0
_8x8
repack: repack tensor blk.7.attn_k.weight with q4_0
_8x8
repack: repack tensor blk.7.attn_v.weight with q4_0
_8x8
repack: repack tensor blk.7.attn_output.weight with
 q4_0_8x8
repack: repack tensor blk.7.ffn_gate.weight with q4
_0_8x8
.repack: repack tensor blk.7.ffn_up.weight with q4_
0_8x8
repack: repack tensor blk.7.ffn_down.weight with q4
_0_8x8
.repack: repack tensor blk.8.attn_q.weight with q4_
0_8x8
repack: repack tensor blk.8.attn_k.weight with q4_0
_8x8
repack: repack tensor blk.8.attn_v.weight with q4_0
_8x8
repack: repack tensor blk.8.attn_output.weight with
 q4_0_8x8
repack: repack tensor blk.8.ffn_gate.weight with q4
_0_8x8
repack: repack tensor blk.8.ffn_up.weight with q4_0
_8x8
.repack: repack tensor blk.8.ffn_down.weight with q
4_0_8x8
repack: repack tensor blk.9.attn_q.weight with q4_0
_8x8
repack: repack tensor blk.9.attn_k.weight with q4_0
_8x8
repack: repack tensor blk.9.attn_v.weight with q4_0
_8x8
repack: repack tensor blk.9.attn_output.weight with
 q4_0_8x8
repack: repack tensor blk.9.ffn_gate.weight with q4
_0_8x8
.repack: repack tensor blk.9.ffn_up.weight with q4_
0_8x8
repack: repack tensor blk.9.ffn_down.weight with q4
_0_8x8
.repack: repack tensor blk.10.attn_q.weight with q4
_0_8x8
repack: repack tensor blk.10.attn_k.weight with q4_
0_8x8
repack: repack tensor blk.10.attn_v.weight with q4_
0_8x8
repack: repack tensor blk.10.attn_output.weight wit
h q4_0_8x8
repack: repack tensor blk.10.ffn_gate.weight with q
4_0_8x8
repack: repack tensor blk.10.ffn_up.weight with q4_
0_8x8
.repack: repack tensor blk.10.ffn_down.weight with 
q4_0_8x8
repack: repack tensor blk.11.attn_q.weight with q4_
0_8x8
repack: repack tensor blk.11.attn_k.weight with q4_
0_8x8
repack: repack tensor blk.11.attn_v.weight with q4_
0_8x8
repack: repack tensor blk.11.attn_output.weight wit
h q4_0_8x8
repack: repack tensor blk.11.ffn_gate.weight with q
4_0_8x8
.repack: repack tensor blk.11.ffn_up.weight with q4
_0_8x8
repack: repack tensor blk.11.ffn_down.weight with q
4_0_8x8
.repack: repack tensor blk.12.attn_q.weight with q4
_0_8x8
repack: repack tensor blk.12.attn_k.weight with q4_
0_8x8
repack: repack tensor blk.12.attn_v.weight with q4_
0_8x8
repack: repack tensor blk.12.attn_output.weight wit
h q4_0_8x8
repack: repack tensor blk.12.ffn_gate.weight with q
4_0_8x8
repack: repack tensor blk.12.ffn_up.weight with q4_
0_8x8
.repack: repack tensor blk.12.ffn_down.weight with 
q4_0_8x8
repack: repack tensor blk.13.attn_q.weight with q4_
0_8x8
repack: repack tensor blk.13.attn_k.weight with q4_
0_8x8
repack: repack tensor blk.13.attn_v.weight with q4_
0_8x8
repack: repack tensor blk.13.attn_output.weight wit
h q4_0_8x8
repack: repack tensor blk.13.ffn_gate.weight with q
4_0_8x8
.repack: repack tensor blk.13.ffn_up.weight with q4
_0_8x8
repack: repack tensor blk.13.ffn_down.weight with q
4_0_8x8
.repack: repack tensor blk.14.attn_q.weight with q4
_0_8x8
repack: repack tensor blk.14.attn_k.weight with q4_
0_8x8
repack: repack tensor blk.14.attn_v.weight with q4_
0_8x8
repack: repack tensor blk.14.attn_output.weight wit
h q4_0_8x8
repack: repack tensor blk.14.ffn_gate.weight with q
4_0_8x8
repack: repack tensor blk.14.ffn_up.weight with q4_
0_8x8
.repack: repack tensor blk.14.ffn_down.weight with 
q4_0_8x8
repack: repack tensor blk.15.attn_q.weight with q4_
0_8x8
repack: repack tensor blk.15.attn_k.weight with q4_
0_8x8
repack: repack tensor blk.15.attn_v.weight with q4_
0_8x8
repack: repack tensor blk.15.attn_output.weight wit
h q4_0_8x8
repack: repack tensor blk.15.ffn_gate.weight with q
4_0_8x8
.repack: repack tensor blk.15.ffn_up.weight with q4
_0_8x8
repack: repack tensor blk.15.ffn_down.weight with q
4_0_8x8
.repack: repack tensor blk.16.attn_q.weight with q4
_0_8x8
repack: repack tensor blk.16.attn_k.weight with q4_
0_8x8
repack: repack tensor blk.16.attn_v.weight with q4_
0_8x8
repack: repack tensor blk.16.attn_output.weight wit
h q4_0_8x8
repack: repack tensor blk.16.ffn_gate.weight with q
4_0_8x8
repack: repack tensor blk.16.ffn_up.weight with q4_
0_8x8
.repack: repack tensor blk.16.ffn_down.weight with 
q4_0_8x8
repack: repack tensor blk.17.attn_q.weight with q4_
0_8x8
repack: repack tensor blk.17.attn_k.weight with q4_
0_8x8
repack: repack tensor blk.17.attn_v.weight with q4_
0_8x8
repack: repack tensor blk.17.attn_output.weight wit
h q4_0_8x8
repack: repack tensor blk.17.ffn_gate.weight with q
4_0_8x8
.repack: repack tensor blk.17.ffn_up.weight with q4
_0_8x8
repack: repack tensor blk.17.ffn_down.weight with q
4_0_8x8
.repack: repack tensor blk.18.attn_q.weight with q4
_0_8x8
repack: repack tensor blk.18.attn_k.weight with q4_
0_8x8
repack: repack tensor blk.18.attn_v.weight with q4_
0_8x8
repack: repack tensor blk.18.attn_output.weight wit
h q4_0_8x8
repack: repack tensor blk.18.ffn_gate.weight with q
4_0_8x8
repack: repack tensor blk.18.ffn_up.weight with q4_
0_8x8
.repack: repack tensor blk.18.ffn_down.weight with 
q4_0_8x8
repack: repack tensor blk.19.attn_q.weight with q4_
0_8x8
repack: repack tensor blk.19.attn_k.weight with q4_
0_8x8
repack: repack tensor blk.19.attn_v.weight with q4_
0_8x8
repack: repack tensor blk.19.attn_output.weight wit
h q4_0_8x8
repack: repack tensor blk.19.ffn_gate.weight with q
4_0_8x8
.repack: repack tensor blk.19.ffn_up.weight with q4
_0_8x8
repack: repack tensor blk.19.ffn_down.weight with q
4_0_8x8
.repack: repack tensor blk.20.attn_q.weight with q4
_0_8x8
repack: repack tensor blk.20.attn_k.weight with q4_
0_8x8
repack: repack tensor blk.20.attn_v.weight with q4_
0_8x8
repack: repack tensor blk.20.attn_output.weight wit
h q4_0_8x8
repack: repack tensor blk.20.ffn_gate.weight with q
4_0_8x8
repack: repack tensor blk.20.ffn_up.weight with q4_
0_8x8
.repack: repack tensor blk.20.ffn_down.weight with 
q4_0_8x8
repack: repack tensor blk.21.attn_q.weight with q4_
0_8x8
repack: repack tensor blk.21.attn_k.weight with q4_
0_8x8
repack: repack tensor blk.21.attn_v.weight with q4_
0_8x8
repack: repack tensor blk.21.attn_output.weight wit
h q4_0_8x8
repack: repack tensor blk.21.ffn_gate.weight with q
4_0_8x8
.repack: repack tensor blk.21.ffn_up.weight with q4
_0_8x8
repack: repack tensor blk.21.ffn_down.weight with q
4_0_8x8
.repack: repack tensor blk.22.attn_q.weight with q4
_0_8x8
repack: repack tensor blk.22.attn_k.weight with q4_
0_8x8
repack: repack tensor blk.22.attn_v.weight with q4_
0_8x8
repack: repack tensor blk.22.attn_output.weight wit
h q4_0_8x8
repack: repack tensor blk.22.ffn_gate.weight with q
4_0_8x8
repack: repack tensor blk.22.ffn_up.weight with q4_
0_8x8
.repack: repack tensor blk.22.ffn_down.weight with 
q4_0_8x8
repack: repack tensor blk.23.attn_q.weight with q4_
0_8x8
repack: repack tensor blk.23.attn_k.weight with q4_
0_8x8
repack: repack tensor blk.23.attn_v.weight with q4_
0_8x8
repack: repack tensor blk.23.attn_output.weight wit
h q4_0_8x8
repack: repack tensor blk.23.ffn_gate.weight with q
4_0_8x8
.repack: repack tensor blk.23.ffn_up.weight with q4
_0_8x8
repack: repack tensor blk.23.ffn_down.weight with q
4_0_8x8
.repack: repack tensor blk.24.attn_q.weight with q4
_0_8x8
repack: repack tensor blk.24.attn_k.weight with q4_
0_8x8
repack: repack tensor blk.24.attn_v.weight with q4_
0_8x8
repack: repack tensor blk.24.attn_output.weight wit
h q4_0_8x8
repack: repack tensor blk.24.ffn_gate.weight with q
4_0_8x8
repack: repack tensor blk.24.ffn_up.weight with q4_
0_8x8
.repack: repack tensor blk.24.ffn_down.weight with 
q4_0_8x8
repack: repack tensor blk.25.attn_q.weight with q4_
0_8x8
repack: repack tensor blk.25.attn_k.weight with q4_
0_8x8
repack: repack tensor blk.25.attn_v.weight with q4_
0_8x8
repack: repack tensor blk.25.attn_output.weight wit
h q4_0_8x8
.repack: repack tensor blk.25.ffn_gate.weight with 
q4_0_8x8
repack: repack tensor blk.25.ffn_up.weight with q4_
0_8x8
repack: repack tensor blk.25.ffn_down.weight with q
4_0_8x8
...
llama_init_from_model: n_seq_max     = 1
llama_init_from_model: n_ctx         = 4096
llama_init_from_model: n_ctx_per_seq = 4096
llama_init_from_model: n_batch       = 512
llama_init_from_model: n_ubatch      = 512
llama_init_from_model: flash_attn    = 0
llama_init_from_model: freq_base     = 1000000.0
llama_init_from_model: freq_scale    = 1
llama_init_from_model: n_ctx_per_seq (4096) < n_ctx
_train (32768) -- the full capacity of the model wi
ll not be utilized
llama_kv_cache_init: kv_size = 4096, offload = 1, t
ype_k = 'f16', type_v = 'f16', n_layer = 26, can_sh
ift = 1
llama_kv_cache_init: layer 0: n_embd_k_gqa = 256, n
_embd_v_gqa = 256
llama_kv_cache_init: layer 1: n_embd_k_gqa = 256, n
_embd_v_gqa = 256
llama_kv_cache_init: layer 2: n_embd_k_gqa = 256, n
_embd_v_gqa = 256
llama_kv_cache_init: layer 3: n_embd_k_gqa = 256, n
_embd_v_gqa = 256
llama_kv_cache_init: layer 4: n_embd_k_gqa = 256, n
_embd_v_gqa = 256
llama_kv_cache_init: layer 5: n_embd_k_gqa = 256, n
_embd_v_gqa = 256
llama_kv_cache_init: layer 6: n_embd_k_gqa = 256, n
_embd_v_gqa = 256
llama_kv_cache_init: layer 7: n_embd_k_gqa = 256, n
_embd_v_gqa = 256
llama_kv_cache_init: layer 8: n_embd_k_gqa = 256, n
_embd_v_gqa = 256
llama_kv_cache_init: layer 9: n_embd_k_gqa = 256, n
_embd_v_gqa = 256
llama_kv_cache_init: layer 10: n_embd_k_gqa = 256, 
n_embd_v_gqa = 256
llama_kv_cache_init: layer 11: n_embd_k_gqa = 256, 
n_embd_v_gqa = 256
llama_kv_cache_init: layer 12: n_embd_k_gqa = 256, 
n_embd_v_gqa = 256
llama_kv_cache_init: layer 13: n_embd_k_gqa = 256, 
n_embd_v_gqa = 256
llama_kv_cache_init: layer 14: n_embd_k_gqa = 256, 
n_embd_v_gqa = 256
llama_kv_cache_init: layer 15: n_embd_k_gqa = 256, 
n_embd_v_gqa = 256
llama_kv_cache_init: layer 16: n_embd_k_gqa = 256, 
n_embd_v_gqa = 256
llama_kv_cache_init: layer 17: n_embd_k_gqa = 256, 
n_embd_v_gqa = 256
llama_kv_cache_init: layer 18: n_embd_k_gqa = 256, 
n_embd_v_gqa = 256
llama_kv_cache_init: layer 19: n_embd_k_gqa = 256, 
n_embd_v_gqa = 256
llama_kv_cache_init: layer 20: n_embd_k_gqa = 256, 
n_embd_v_gqa = 256
llama_kv_cache_init: layer 21: n_embd_k_gqa = 256, 
n_embd_v_gqa = 256
llama_kv_cache_init: layer 22: n_embd_k_gqa = 256, 
n_embd_v_gqa = 256
llama_kv_cache_init: layer 23: n_embd_k_gqa = 256, 
n_embd_v_gqa = 256
llama_kv_cache_init: layer 24: n_embd_k_gqa = 256, 
n_embd_v_gqa = 256
llama_kv_cache_init: layer 25: n_embd_k_gqa = 256, 
n_embd_v_gqa = 256
llama_kv_cache_init:        CPU KV buffer size =   
104.00 MiB
llama_init_from_model: KV self size  =  104.00 MiB,
 K (f16):   52.00 MiB, V (f16):   52.00 MiB
llama_init_from_model:        CPU  output buffer si
ze =     1.00 MiB
llama_init_from_model:        CPU compute buffer si
ze =   514.25 MiB
llama_init_from_model: graph nodes  = 1047
llama_init_from_model: graph splits = 1
CPU : SSE3 = 1 | SSSE3 = 1 | AVX = 1 | AVX2 = 1 | F
16C = 1 | FMA = 1 | LLAMAFILE = 1 | OPENMP = 1 | AA
RCH64_REPACK = 1 | 
Model metadata: {'general.architecture': 'gemma3', 
'gemma3.attention.key_length': '256', 'gemma3.atten
tion.head_count_kv': '1', 'gemma3.context_length': 
'32768', 'gemma3.block_count': '26', 'gemma3.attent
ion.value_length': '256', 'gemma3.embedding_length'
: '1152', 'gemma3.rope.scaling.type': 'linear', 'ge
mma3.feed_forward_length': '6912', 'gemma3.attentio
n.head_count': '4', 'gemma3.rope.freq_base': '10000
00.000000', 'gemma3.attention.layer_norm_rms_epsilo
n': '0.000001', 'general.quantization_version': '2'
, 'tokenizer.ggml.bos_token_id': '2', 'gemma3.rope.
scaling.factor': '1.000000', 'gemma3.attention.slid
ing_window': '1024', 'tokenizer.ggml.model': 'llama
', 'general.file_type': '2', 'tokenizer.ggml.eos_to
ken_id': '1', 'tokenizer.ggml.padding_token_id': '0
', 'tokenizer.ggml.unknown_token_id': '3', 'tokeniz
er.chat_template': '{{ bos_token }} {%- if messages
[0][\'role\'] == \'system\' -%} {%- if messages[0][
\'content\'] is string -%} {%- set first_user_prefi
x = messages[0][\'content\'] + \'\\n\' -%} {%- else
 -%} {%- set first_user_prefix = messages[0][\'cont
ent\'][0][\'text\'] + \'\\n\' -%} {%- endif -%} {%-
 set loop_messages = messages[1:] -%} {%- else -%} 
{%- set first_user_prefix = "" -%} {%- set loop_mes
sages = messages -%} {%- endif -%} {%- for message 
in loop_messages -%} {%- if (message[\'role\'] == \
'user\') != (loop.index0 % 2 == 0) -%} {{ raise_exc
eption("Conversation roles must alternate user/assi
stant/user/assistant/...") }} {%- endif -%} {%- if 
(message[\'role\'] == \'assistant\') -%} {%- set ro
le = "model" -%} {%- else -%} {%- set role = messag
e[\'role\'] -%} {%- endif -%} {{ \'<start_of_turn>\
' + role + \'\\n\' + (first_user_prefix if loop.fir
st else "") }} {%- if message[\'content\'] is strin
g -%} {{ message[\'content\'] | trim }} {%- elif me
ssage[\'content\'] is iterable -%} {%- for item in 
message[\'content\'] -%} {%- if item[\'type\'] == \
'image\' -%} {{ \'<start_of_image>\' }} {%- elif it
em[\'type\'] == \'text\' -%} {{ item[\'text\'] | tr
im }} {%- endif -%} {%- endfor -%} {%- else -%} {{ 
raise_exception("Invalid content type") }} {%- endi
f -%} {{ \'<end_of_turn>\\n\' }} {%- endfor -%} {%-
 if add_generation_prompt -%} {{\'<start_of_turn>mo
del\\n\'}} {%- endif -%}'}
Available chat formats from metadata: chat_template
.default
llama_perf_context_print:        load time =     20
9.82 ms
llama_perf_context_print: prompt eval time =     20
9.70 ms /    34 tokens (    6.17 ms per token,   16
2.14 tokens per second)
llama_perf_context_print:        eval time =    406
5.31 ms /   127 runs   (   32.01 ms per token,    3
1.24 tokens per second)
llama_perf_context_print:       total time =    440
2.36 ms /   161 tokens
Llama.generate: 6 prefix-match hit, remaining 28 pr
ompt tokens to eval
llama_perf_context_print:        load time =     20
9.82 ms
llama_perf_context_print: prompt eval time =     10
9.94 ms /    28 tokens (    3.93 ms per token,   25
4.69 tokens per second)
llama_perf_context_print:        eval time =    389
9.47 ms /   127 runs   (   30.70 ms per token,    3
2.57 tokens per second)
llama_perf_context_print:       total time =    412
8.90 ms /   155 tokens
llama_model_loader: loaded meta data with 25 key-va
lue pairs and 340 tensors from C:\Users\園木優陽\OneDri
ve\デスクトップ\課題研究\murmurnet\modules\../../models/gemma
-3-1b-it-q4_0.gguf (version GGUF V3 (latest))
llama_model_loader: Dumping metadata keys/values. N
ote: KV overrides do not apply in this output.
llama_model_loader: - kv   0:                      
 general.architecture str              = gemma3
llama_model_loader: - kv   1:                      
gemma3.context_length u32              = 32768
llama_model_loader: - kv   2:                      
   gemma3.block_count u32              = 26
llama_model_loader: - kv   3:                    ge
mma3.embedding_length u32              = 1152
llama_model_loader: - kv   4:                 gemma
3.feed_forward_length u32              = 6912
llama_model_loader: - kv   5:                gemma3
.attention.head_count u32              = 4
llama_model_loader: - kv   6:             gemma3.at
tention.head_count_kv u32              = 1
llama_model_loader: - kv   7:                gemma3
.attention.key_length u32              = 256
llama_model_loader: - kv   8:              gemma3.a
ttention.value_length u32              = 256
llama_model_loader: - kv   9:    gemma3.attention.l
ayer_norm_rms_epsilon f32              = 0.000001
llama_model_loader: - kv  10:                   gem
ma3.rope.scaling.type str              = linear
llama_model_loader: - kv  11:                 gemma
3.rope.scaling.factor f32              = 1.000000
llama_model_loader: - kv  12:                      
gemma3.rope.freq_base f32              = 1000000.00
0000
llama_model_loader: - kv  13:            gemma3.att
ention.sliding_window u32              = 1024
llama_model_loader: - kv  14:                      
 tokenizer.ggml.model str              = llama
llama_model_loader: - kv  15:                tokeni
zer.ggml.bos_token_id u32              = 2
llama_model_loader: - kv  16:                tokeni
zer.ggml.eos_token_id u32              = 1
llama_model_loader: - kv  17:            tokenizer.
ggml.padding_token_id u32              = 0
llama_model_loader: - kv  18:            tokenizer.
ggml.unknown_token_id u32              = 3
llama_model_loader: - kv  19:                      
tokenizer.ggml.tokens arr[str,262144]  = ["<pad>", 
"<eos>", "<bos>", "<unk>", ...
llama_model_loader: - kv  20:                      
tokenizer.ggml.scores arr[f32,262144]  = [0.000000,
 0.000000, 0.000000, 0.0000...
llama_model_loader: - kv  21:                  toke
nizer.ggml.token_type arr[i32,262144]  = [3, 3, 3, 
2, 1, 1, 1, 1, 1, 1, 1, 1, ...
llama_model_loader: - kv  22:               general
.quantization_version u32              = 2
llama_model_loader: - kv  23:                      
    general.file_type u32              = 2
llama_model_loader: - kv  24:                    to
kenizer.chat_template str              = {{ bos_tok
en }} {%- if messages[0]['r...
llama_model_loader: - type  f32:  157 tensors
llama_model_loader: - type  f16:    1 tensors
llama_model_loader: - type q4_0:  182 tensors
print_info: file format = GGUF V3 (latest)
print_info: file type   = Q4_0
print_info: file size   = 950.82 MiB (7.98 BPW) 
init_tokenizer: initializing tokenizer for type 1
load: control token:      1 '<eos>' is not marked a
s EOG
load: control token:      0 '<pad>' is not marked a
s EOG
load: control token:      2 '<bos>' is not marked a
s EOG
load: control token:    105 '<start_of_turn>' is no
t marked as EOG
load: control token: 255999 '<start_of_image>' is n
ot marked as EOG
load: control token: 256000 '<end_of_image>' is not
 marked as EOG
load: special_eos_id is not in special_eog_ids - th
e tokenizer config may be incorrect
load: special tokens cache size = 8
load: token to piece cache size = 1.9446 MB
print_info: arch             = gemma3
print_info: vocab_only       = 0
print_info: n_ctx_train      = 32768
print_info: n_embd           = 1152
print_info: n_layer          = 26
print_info: n_head           = 4
print_info: n_head_kv        = 1
print_info: n_rot            = 256
print_info: n_swa            = 1024
print_info: n_embd_head_k    = 256
print_info: n_embd_head_v    = 256
print_info: n_gqa            = 4
print_info: n_embd_k_gqa     = 256
print_info: n_embd_v_gqa     = 256
print_info: f_norm_eps       = 0.0e+00
print_info: f_norm_rms_eps   = 1.0e-06
print_info: f_clamp_kqv      = 0.0e+00
print_info: f_max_alibi_bias = 0.0e+00
print_info: f_logit_scale    = 0.0e+00
print_info: f_attn_scale     = 6.2e-02
print_info: n_ff             = 6912
print_info: n_expert         = 0
print_info: n_expert_used    = 0
print_info: causal attn      = 1
print_info: pooling type     = 0
print_info: rope type        = 2
print_info: rope scaling     = linear
print_info: freq_base_train  = 1000000.0
print_info: freq_scale_train = 1
print_info: n_ctx_orig_yarn  = 32768
print_info: rope_finetuned   = unknown
print_info: ssm_d_conv       = 0
print_info: ssm_d_inner      = 0
print_info: ssm_d_state      = 0
print_info: ssm_dt_rank      = 0
print_info: ssm_dt_b_c_rms   = 0
print_info: model type       = 1B
print_info: model params     = 999.89 M
print_info: general.name     = n/a
print_info: vocab type       = SPM
print_info: n_vocab          = 262144
print_info: n_merges         = 0
print_info: BOS token        = 2 '<bos>'
print_info: EOS token        = 1 '<eos>'
print_info: EOT token        = 106 '<end_of_turn>'
print_info: UNK token        = 3 '<unk>'
print_info: PAD token        = 0 '<pad>'
print_info: LF token         = 248 '<0x0A>'
print_info: EOG token        = 1 '<eos>'
print_info: EOG token        = 106 '<end_of_turn>'
print_info: max token length = 93
load_tensors: loading model tensors, this can take 
a while... (mmap = true)
load_tensors: layer   0 assigned to device CPU
load_tensors: layer   1 assigned to device CPU
load_tensors: layer   2 assigned to device CPU
load_tensors: layer   3 assigned to device CPU
load_tensors: layer   4 assigned to device CPU
load_tensors: layer   5 assigned to device CPU
load_tensors: layer   6 assigned to device CPU
load_tensors: layer   7 assigned to device CPU
load_tensors: layer   8 assigned to device CPU
load_tensors: layer   9 assigned to device CPU
load_tensors: layer  10 assigned to device CPU
load_tensors: layer  11 assigned to device CPU
load_tensors: layer  12 assigned to device CPU
load_tensors: layer  13 assigned to device CPU
load_tensors: layer  14 assigned to device CPU
load_tensors: layer  15 assigned to device CPU
load_tensors: layer  16 assigned to device CPU
load_tensors: layer  17 assigned to device CPU
load_tensors: layer  18 assigned to device CPU
load_tensors: layer  19 assigned to device CPU
load_tensors: layer  20 assigned to device CPU
load_tensors: layer  21 assigned to device CPU
load_tensors: layer  22 assigned to device CPU
load_tensors: layer  23 assigned to device CPU
load_tensors: layer  24 assigned to device CPU
load_tensors: layer  25 assigned to device CPU
load_tensors: layer  26 assigned to device CPU
load_tensors: tensor 'token_embd.weight' (f16) (and
 158 others) cannot be used with preferred buffer t
ype CPU_AARCH64, using CPU instead
load_tensors:  CPU_AARCH64 model buffer size =   37
4.31 MiB
load_tensors:   CPU_Mapped model buffer size =   95
0.82 MiB
repack: repack tensor blk.0.attn_q.weight with q4_0
_8x8
repack: repack tensor blk.0.attn_k.weight with q4_0
_8x8
repack: repack tensor blk.0.attn_v.weight with q4_0
_8x8
repack: repack tensor blk.0.attn_output.weight with
 q4_0_8x8
repack: repack tensor blk.0.ffn_gate.weight with q4
_0_8x8
repack: repack tensor blk.0.ffn_up.weight with q4_0
_8x8
.repack: repack tensor blk.0.ffn_down.weight with q
4_0_8x8
repack: repack tensor blk.1.attn_q.weight with q4_0
_8x8
repack: repack tensor blk.1.attn_k.weight with q4_0
_8x8
repack: repack tensor blk.1.attn_v.weight with q4_0
_8x8
repack: repack tensor blk.1.attn_output.weight with
 q4_0_8x8
repack: repack tensor blk.1.ffn_gate.weight with q4
_0_8x8
.repack: repack tensor blk.1.ffn_up.weight with q4_
0_8x8
repack: repack tensor blk.1.ffn_down.weight with q4
_0_8x8
.repack: repack tensor blk.2.attn_q.weight with q4_
0_8x8
repack: repack tensor blk.2.attn_k.weight with q4_0
_8x8
repack: repack tensor blk.2.attn_v.weight with q4_0
_8x8
repack: repack tensor blk.2.attn_output.weight with
 q4_0_8x8
repack: repack tensor blk.2.ffn_gate.weight with q4
_0_8x8
repack: repack tensor blk.2.ffn_up.weight with q4_0
_8x8
.repack: repack tensor blk.2.ffn_down.weight with q
4_0_8x8
repack: repack tensor blk.3.attn_q.weight with q4_0
_8x8
repack: repack tensor blk.3.attn_k.weight with q4_0
_8x8
repack: repack tensor blk.3.attn_v.weight with q4_0
_8x8
repack: repack tensor blk.3.attn_output.weight with
 q4_0_8x8
repack: repack tensor blk.3.ffn_gate.weight with q4
_0_8x8
.repack: repack tensor blk.3.ffn_up.weight with q4_
0_8x8
repack: repack tensor blk.3.ffn_down.weight with q4
_0_8x8
.repack: repack tensor blk.4.attn_q.weight with q4_
0_8x8
repack: repack tensor blk.4.attn_k.weight with q4_0
_8x8
repack: repack tensor blk.4.attn_v.weight with q4_0
_8x8
repack: repack tensor blk.4.attn_output.weight with
 q4_0_8x8
repack: repack tensor blk.4.ffn_gate.weight with q4
_0_8x8
repack: repack tensor blk.4.ffn_up.weight with q4_0
_8x8
.repack: repack tensor blk.4.ffn_down.weight with q
4_0_8x8
repack: repack tensor blk.5.attn_q.weight with q4_0
_8x8
repack: repack tensor blk.5.attn_k.weight with q4_0
_8x8
repack: repack tensor blk.5.attn_v.weight with q4_0
_8x8
repack: repack tensor blk.5.attn_output.weight with
 q4_0_8x8
repack: repack tensor blk.5.ffn_gate.weight with q4
_0_8x8
.repack: repack tensor blk.5.ffn_up.weight with q4_
0_8x8
repack: repack tensor blk.5.ffn_down.weight with q4
_0_8x8
.repack: repack tensor blk.6.attn_q.weight with q4_
0_8x8
repack: repack tensor blk.6.attn_k.weight with q4_0
_8x8
repack: repack tensor blk.6.attn_v.weight with q4_0
_8x8
repack: repack tensor blk.6.attn_output.weight with
 q4_0_8x8
repack: repack tensor blk.6.ffn_gate.weight with q4
_0_8x8
repack: repack tensor blk.6.ffn_up.weight with q4_0
_8x8
.repack: repack tensor blk.6.ffn_down.weight with q
4_0_8x8
repack: repack tensor blk.7.attn_q.weight with q4_0
_8x8
repack: repack tensor blk.7.attn_k.weight with q4_0
_8x8
repack: repack tensor blk.7.attn_v.weight with q4_0
_8x8
repack: repack tensor blk.7.attn_output.weight with
 q4_0_8x8
repack: repack tensor blk.7.ffn_gate.weight with q4
_0_8x8
.repack: repack tensor blk.7.ffn_up.weight with q4_
0_8x8
repack: repack tensor blk.7.ffn_down.weight with q4
_0_8x8
.repack: repack tensor blk.8.attn_q.weight with q4_
0_8x8
repack: repack tensor blk.8.attn_k.weight with q4_0
_8x8
repack: repack tensor blk.8.attn_v.weight with q4_0
_8x8
repack: repack tensor blk.8.attn_output.weight with
 q4_0_8x8
repack: repack tensor blk.8.ffn_gate.weight with q4
_0_8x8
repack: repack tensor blk.8.ffn_up.weight with q4_0
_8x8
.repack: repack tensor blk.8.ffn_down.weight with q
4_0_8x8
repack: repack tensor blk.9.attn_q.weight with q4_0
_8x8
repack: repack tensor blk.9.attn_k.weight with q4_0
_8x8
repack: repack tensor blk.9.attn_v.weight with q4_0
_8x8
repack: repack tensor blk.9.attn_output.weight with
 q4_0_8x8
repack: repack tensor blk.9.ffn_gate.weight with q4
_0_8x8
.repack: repack tensor blk.9.ffn_up.weight with q4_
0_8x8
repack: repack tensor blk.9.ffn_down.weight with q4
_0_8x8
.repack: repack tensor blk.10.attn_q.weight with q4
_0_8x8
repack: repack tensor blk.10.attn_k.weight with q4_
0_8x8
repack: repack tensor blk.10.attn_v.weight with q4_
0_8x8
repack: repack tensor blk.10.attn_output.weight wit
h q4_0_8x8
repack: repack tensor blk.10.ffn_gate.weight with q
4_0_8x8
repack: repack tensor blk.10.ffn_up.weight with q4_
0_8x8
.repack: repack tensor blk.10.ffn_down.weight with 
q4_0_8x8
repack: repack tensor blk.11.attn_q.weight with q4_
0_8x8
repack: repack tensor blk.11.attn_k.weight with q4_
0_8x8
repack: repack tensor blk.11.attn_v.weight with q4_
0_8x8
repack: repack tensor blk.11.attn_output.weight wit
h q4_0_8x8
repack: repack tensor blk.11.ffn_gate.weight with q
4_0_8x8
.repack: repack tensor blk.11.ffn_up.weight with q4
_0_8x8
repack: repack tensor blk.11.ffn_down.weight with q
4_0_8x8
.repack: repack tensor blk.12.attn_q.weight with q4
_0_8x8
repack: repack tensor blk.12.attn_k.weight with q4_
0_8x8
repack: repack tensor blk.12.attn_v.weight with q4_
0_8x8
repack: repack tensor blk.12.attn_output.weight wit
h q4_0_8x8
repack: repack tensor blk.12.ffn_gate.weight with q
4_0_8x8
repack: repack tensor blk.12.ffn_up.weight with q4_
0_8x8
.repack: repack tensor blk.12.ffn_down.weight with 
q4_0_8x8
repack: repack tensor blk.13.attn_q.weight with q4_
0_8x8
repack: repack tensor blk.13.attn_k.weight with q4_
0_8x8
repack: repack tensor blk.13.attn_v.weight with q4_
0_8x8
repack: repack tensor blk.13.attn_output.weight wit
h q4_0_8x8
repack: repack tensor blk.13.ffn_gate.weight with q
4_0_8x8
.repack: repack tensor blk.13.ffn_up.weight with q4
_0_8x8
repack: repack tensor blk.13.ffn_down.weight with q
4_0_8x8
.repack: repack tensor blk.14.attn_q.weight with q4
_0_8x8
repack: repack tensor blk.14.attn_k.weight with q4_
0_8x8
repack: repack tensor blk.14.attn_v.weight with q4_
0_8x8
repack: repack tensor blk.14.attn_output.weight wit
h q4_0_8x8
repack: repack tensor blk.14.ffn_gate.weight with q
4_0_8x8
repack: repack tensor blk.14.ffn_up.weight with q4_
0_8x8
.repack: repack tensor blk.14.ffn_down.weight with 
q4_0_8x8
repack: repack tensor blk.15.attn_q.weight with q4_
0_8x8
repack: repack tensor blk.15.attn_k.weight with q4_
0_8x8
repack: repack tensor blk.15.attn_v.weight with q4_
0_8x8
repack: repack tensor blk.15.attn_output.weight wit
h q4_0_8x8
repack: repack tensor blk.15.ffn_gate.weight with q
4_0_8x8
.repack: repack tensor blk.15.ffn_up.weight with q4
_0_8x8
repack: repack tensor blk.15.ffn_down.weight with q
4_0_8x8
.repack: repack tensor blk.16.attn_q.weight with q4
_0_8x8
repack: repack tensor blk.16.attn_k.weight with q4_
0_8x8
repack: repack tensor blk.16.attn_v.weight with q4_
0_8x8
repack: repack tensor blk.16.attn_output.weight wit
h q4_0_8x8
repack: repack tensor blk.16.ffn_gate.weight with q
4_0_8x8
repack: repack tensor blk.16.ffn_up.weight with q4_
0_8x8
.repack: repack tensor blk.16.ffn_down.weight with 
q4_0_8x8
repack: repack tensor blk.17.attn_q.weight with q4_
0_8x8
repack: repack tensor blk.17.attn_k.weight with q4_
0_8x8
repack: repack tensor blk.17.attn_v.weight with q4_
0_8x8
repack: repack tensor blk.17.attn_output.weight wit
h q4_0_8x8
repack: repack tensor blk.17.ffn_gate.weight with q
4_0_8x8
.repack: repack tensor blk.17.ffn_up.weight with q4
_0_8x8
repack: repack tensor blk.17.ffn_down.weight with q
4_0_8x8
.repack: repack tensor blk.18.attn_q.weight with q4
_0_8x8
repack: repack tensor blk.18.attn_k.weight with q4_
0_8x8
repack: repack tensor blk.18.attn_v.weight with q4_
0_8x8
repack: repack tensor blk.18.attn_output.weight wit
h q4_0_8x8
repack: repack tensor blk.18.ffn_gate.weight with q
4_0_8x8
repack: repack tensor blk.18.ffn_up.weight with q4_
0_8x8
.repack: repack tensor blk.18.ffn_down.weight with 
q4_0_8x8
repack: repack tensor blk.19.attn_q.weight with q4_
0_8x8
repack: repack tensor blk.19.attn_k.weight with q4_
0_8x8
repack: repack tensor blk.19.attn_v.weight with q4_
0_8x8
repack: repack tensor blk.19.attn_output.weight wit
h q4_0_8x8
repack: repack tensor blk.19.ffn_gate.weight with q
4_0_8x8
.repack: repack tensor blk.19.ffn_up.weight with q4
_0_8x8
repack: repack tensor blk.19.ffn_down.weight with q
4_0_8x8
.repack: repack tensor blk.20.attn_q.weight with q4
_0_8x8
repack: repack tensor blk.20.attn_k.weight with q4_
0_8x8
repack: repack tensor blk.20.attn_v.weight with q4_
0_8x8
repack: repack tensor blk.20.attn_output.weight wit
h q4_0_8x8
repack: repack tensor blk.20.ffn_gate.weight with q
4_0_8x8
repack: repack tensor blk.20.ffn_up.weight with q4_
0_8x8
.repack: repack tensor blk.20.ffn_down.weight with 
q4_0_8x8
repack: repack tensor blk.21.attn_q.weight with q4_
0_8x8
repack: repack tensor blk.21.attn_k.weight with q4_
0_8x8
repack: repack tensor blk.21.attn_v.weight with q4_
0_8x8
repack: repack tensor blk.21.attn_output.weight wit
h q4_0_8x8
repack: repack tensor blk.21.ffn_gate.weight with q
4_0_8x8
.repack: repack tensor blk.21.ffn_up.weight with q4
_0_8x8
repack: repack tensor blk.21.ffn_down.weight with q
4_0_8x8
.repack: repack tensor blk.22.attn_q.weight with q4
_0_8x8
repack: repack tensor blk.22.attn_k.weight with q4_
0_8x8
repack: repack tensor blk.22.attn_v.weight with q4_
0_8x8
repack: repack tensor blk.22.attn_output.weight wit
h q4_0_8x8
repack: repack tensor blk.22.ffn_gate.weight with q
4_0_8x8
repack: repack tensor blk.22.ffn_up.weight with q4_
0_8x8
.repack: repack tensor blk.22.ffn_down.weight with 
q4_0_8x8
repack: repack tensor blk.23.attn_q.weight with q4_
0_8x8
repack: repack tensor blk.23.attn_k.weight with q4_
0_8x8
repack: repack tensor blk.23.attn_v.weight with q4_
0_8x8
repack: repack tensor blk.23.attn_output.weight wit
h q4_0_8x8
repack: repack tensor blk.23.ffn_gate.weight with q
4_0_8x8
.repack: repack tensor blk.23.ffn_up.weight with q4
_0_8x8
repack: repack tensor blk.23.ffn_down.weight with q
4_0_8x8
.repack: repack tensor blk.24.attn_q.weight with q4
_0_8x8
repack: repack tensor blk.24.attn_k.weight with q4_
0_8x8
repack: repack tensor blk.24.attn_v.weight with q4_
0_8x8
repack: repack tensor blk.24.attn_output.weight wit
h q4_0_8x8
repack: repack tensor blk.24.ffn_gate.weight with q
4_0_8x8
repack: repack tensor blk.24.ffn_up.weight with q4_
0_8x8
.repack: repack tensor blk.24.ffn_down.weight with 
q4_0_8x8
repack: repack tensor blk.25.attn_q.weight with q4_
0_8x8
repack: repack tensor blk.25.attn_k.weight with q4_
0_8x8
repack: repack tensor blk.25.attn_v.weight with q4_
0_8x8
repack: repack tensor blk.25.attn_output.weight wit
h q4_0_8x8
.repack: repack tensor blk.25.ffn_gate.weight with 
q4_0_8x8
repack: repack tensor blk.25.ffn_up.weight with q4_
0_8x8
repack: repack tensor blk.25.ffn_down.weight with q
4_0_8x8
...
llama_init_from_model: n_seq_max     = 1
llama_init_from_model: n_ctx         = 4096
llama_init_from_model: n_ctx_per_seq = 4096
llama_init_from_model: n_batch       = 512
llama_init_from_model: n_ubatch      = 512
llama_init_from_model: flash_attn    = 0
llama_init_from_model: freq_base     = 1000000.0
llama_init_from_model: freq_scale    = 1
llama_init_from_model: n_ctx_per_seq (4096) < n_ctx
_train (32768) -- the full capacity of the model wi
ll not be utilized
llama_kv_cache_init: kv_size = 4096, offload = 1, t
ype_k = 'f16', type_v = 'f16', n_layer = 26, can_sh
ift = 1
llama_kv_cache_init: layer 0: n_embd_k_gqa = 256, n
_embd_v_gqa = 256
llama_kv_cache_init: layer 1: n_embd_k_gqa = 256, n
_embd_v_gqa = 256
llama_kv_cache_init: layer 2: n_embd_k_gqa = 256, n
_embd_v_gqa = 256
llama_kv_cache_init: layer 3: n_embd_k_gqa = 256, n
_embd_v_gqa = 256
llama_kv_cache_init: layer 4: n_embd_k_gqa = 256, n
_embd_v_gqa = 256
llama_kv_cache_init: layer 5: n_embd_k_gqa = 256, n
_embd_v_gqa = 256
llama_kv_cache_init: layer 6: n_embd_k_gqa = 256, n
_embd_v_gqa = 256
llama_kv_cache_init: layer 7: n_embd_k_gqa = 256, n
_embd_v_gqa = 256
llama_kv_cache_init: layer 8: n_embd_k_gqa = 256, n
_embd_v_gqa = 256
llama_kv_cache_init: layer 9: n_embd_k_gqa = 256, n
_embd_v_gqa = 256
llama_kv_cache_init: layer 10: n_embd_k_gqa = 256, 
n_embd_v_gqa = 256
llama_kv_cache_init: layer 11: n_embd_k_gqa = 256, 
n_embd_v_gqa = 256
llama_kv_cache_init: layer 12: n_embd_k_gqa = 256, 
n_embd_v_gqa = 256
llama_kv_cache_init: layer 13: n_embd_k_gqa = 256, 
n_embd_v_gqa = 256
llama_kv_cache_init: layer 14: n_embd_k_gqa = 256, 
n_embd_v_gqa = 256
llama_kv_cache_init: layer 15: n_embd_k_gqa = 256, 
n_embd_v_gqa = 256
llama_kv_cache_init: layer 16: n_embd_k_gqa = 256, 
n_embd_v_gqa = 256
llama_kv_cache_init: layer 17: n_embd_k_gqa = 256, 
n_embd_v_gqa = 256
llama_kv_cache_init: layer 18: n_embd_k_gqa = 256, 
n_embd_v_gqa = 256
llama_kv_cache_init: layer 19: n_embd_k_gqa = 256, 
n_embd_v_gqa = 256
llama_kv_cache_init: layer 20: n_embd_k_gqa = 256, 
n_embd_v_gqa = 256
llama_kv_cache_init: layer 21: n_embd_k_gqa = 256, 
n_embd_v_gqa = 256
llama_kv_cache_init: layer 22: n_embd_k_gqa = 256, 
n_embd_v_gqa = 256
llama_kv_cache_init: layer 23: n_embd_k_gqa = 256, 
n_embd_v_gqa = 256
llama_kv_cache_init: layer 24: n_embd_k_gqa = 256, 
n_embd_v_gqa = 256
llama_kv_cache_init: layer 25: n_embd_k_gqa = 256, 
n_embd_v_gqa = 256
llama_kv_cache_init:        CPU KV buffer size =   
104.00 MiB
llama_init_from_model: KV self size  =  104.00 MiB,
 K (f16):   52.00 MiB, V (f16):   52.00 MiB
llama_init_from_model:        CPU  output buffer si
ze =     1.00 MiB
llama_init_from_model:        CPU compute buffer si
ze =   514.25 MiB
llama_init_from_model: graph nodes  = 1047
llama_init_from_model: graph splits = 1
CPU : SSE3 = 1 | SSSE3 = 1 | AVX = 1 | AVX2 = 1 | F
16C = 1 | FMA = 1 | LLAMAFILE = 1 | OPENMP = 1 | AA
RCH64_REPACK = 1 | 
Model metadata: {'general.architecture': 'gemma3', 
'gemma3.attention.key_length': '256', 'gemma3.atten
tion.head_count_kv': '1', 'gemma3.context_length': 
'32768', 'gemma3.block_count': '26', 'gemma3.attent
ion.value_length': '256', 'gemma3.embedding_length'
: '1152', 'gemma3.rope.scaling.type': 'linear', 'ge
mma3.feed_forward_length': '6912', 'gemma3.attentio
n.head_count': '4', 'gemma3.rope.freq_base': '10000
00.000000', 'gemma3.attention.layer_norm_rms_epsilo
n': '0.000001', 'general.quantization_version': '2'
, 'tokenizer.ggml.bos_token_id': '2', 'gemma3.rope.
scaling.factor': '1.000000', 'gemma3.attention.slid
ing_window': '1024', 'tokenizer.ggml.model': 'llama
', 'general.file_type': '2', 'tokenizer.ggml.eos_to
ken_id': '1', 'tokenizer.ggml.padding_token_id': '0
', 'tokenizer.ggml.unknown_token_id': '3', 'tokeniz
er.chat_template': '{{ bos_token }} {%- if messages
[0][\'role\'] == \'system\' -%} {%- if messages[0][
\'content\'] is string -%} {%- set first_user_prefi
x = messages[0][\'content\'] + \'\\n\' -%} {%- else
 -%} {%- set first_user_prefix = messages[0][\'cont
ent\'][0][\'text\'] + \'\\n\' -%} {%- endif -%} {%-
 set loop_messages = messages[1:] -%} {%- else -%} 
{%- set first_user_prefix = "" -%} {%- set loop_mes
sages = messages -%} {%- endif -%} {%- for message 
in loop_messages -%} {%- if (message[\'role\'] == \
'user\') != (loop.index0 % 2 == 0) -%} {{ raise_exc
eption("Conversation roles must alternate user/assi
stant/user/assistant/...") }} {%- endif -%} {%- if 
(message[\'role\'] == \'assistant\') -%} {%- set ro
le = "model" -%} {%- else -%} {%- set role = messag
e[\'role\'] -%} {%- endif -%} {{ \'<start_of_turn>\
' + role + \'\\n\' + (first_user_prefix if loop.fir
st else "") }} {%- if message[\'content\'] is strin
g -%} {{ message[\'content\'] | trim }} {%- elif me
ssage[\'content\'] is iterable -%} {%- for item in 
message[\'content\'] -%} {%- if item[\'type\'] == \
'image\' -%} {{ \'<start_of_image>\' }} {%- elif it
em[\'type\'] == \'text\' -%} {{ item[\'text\'] | tr
im }} {%- endif -%} {%- endfor -%} {%- else -%} {{ 
raise_exception("Invalid content type") }} {%- endi
f -%} {{ \'<end_of_turn>\\n\' }} {%- endfor -%} {%-
 if add_generation_prompt -%} {{\'<start_of_turn>mo
del\\n\'}} {%- endif -%}'}
Available chat formats from metadata: chat_template
.default
llama_perf_context_print:        load time =    137
9.69 ms
llama_perf_context_print: prompt eval time =    137
9.38 ms /   398 tokens (    3.47 ms per token,   28
8.54 tokens per second)
llama_perf_context_print:        eval time =    400
7.37 ms /   127 runs   (   31.55 ms per token,    3
1.69 tokens per second)
llama_perf_context_print:       total time =    550
7.38 ms /   525 tokens
MurmurNet テスト開始
agent_pool: NG (module 'modules.agent_pool' has no attribute 'AgentPool')
blackboard: NG (Blackboard.__init__() missing 1 required positional argument: 'config')
input_reception: NG (InputReception.__init__() missing 1 required positional argument: 'config')
output_agent: NG (OutputAgent.__init__() missing 1 required positional argument: 'config')
rag_retriever: NG (module 'modules.rag_retriever' has no attribute 'RagRetriever')
summary_engine: NG (SummaryEngine.__init__() missing 1 required positional argument: 'config')
MurmurNet テスト終了
入力: AIによる黒板型協調推論のメリットを教えてください

=== SLM応答 ===
Okay, I understand. You've provided a summary and a list of options for refining it. You're essentially offering a set of revisions based on a previous summary.

Let me know if you'd like me to:

*   **Analyze the existing summary:** I can assess its strengths and weaknesses.
*   **Generate a new summary:** Based on your instructions, I can create a revised summary.
*   **Help you refine *your* existing summary:** If you have a summary you'd like me to improve, please share it.

Just tell me what you'd like me to do!
--- 黒板の内容 ---
-----------------
〲㔲〭ⴴ㤲㈠㨲㔱〺ⰸㄲ‵䥛䙎嵏唠敳瀠瑹牯档搠癥捩彥慮敭›灣൵㈊㈰ⴵ㐰㈭‹㈲ㄺ㨵㠰㈬㘱嬠义但⁝潌摡瀠敲牴楡敮⁤敓瑮湥散牔湡晳牯敭㩲愠汬䴭湩䱩ⵍ㙌瘭ല㈊㈰ⴵ㐰㈭‹㈲ㄺ㨷㜱㠬㤷嬠义但⁝畍浲牵敎⁴斃境枃䪊溎਍〲㔲〭ⴴ㤲㈠㨲㜱ㄺⰷ㜸‹䕛剒剏⁝条湥彴潰汯›䝎⠠潭畤敬✠潭畤敬⹳条湥彴潰汯‧慨⁳潮愠瑴楲畢整✠杁湥側潯❬ഩ吊慲散慢正⠠潭瑳爠捥湥⁴慣汬氠獡⥴ഺ 䘠汩⁥䌢尺獕牥屳肉䒗窗作敮牄癩履暃境亃枃抃皃襜釛賨认岆畭浲牵敮屴整瑳獟牣灩⹴祰Ⱒ氠湩⁥㔲‬湩洠楡൮ †愠⁰‽条湥彴潰汯䄮敧瑮潐汯⤨਍††††帠幞幞幞幞幞幞幞幞幞൞䄊瑴楲畢整牅潲㩲洠摯汵⁥洧摯汵獥愮敧瑮灟潯❬栠獡渠⁯瑡牴扩瑵⁥䄧敧瑮潐汯ധ㈊㈰ⴵ㐰㈭‹㈲ㄺ㨷㜱㠬〸嬠剅佒嵒戠慬正潢牡㩤丠⁇䈨慬正潢牡⹤彟湩瑩彟⤨洠獩楳杮ㄠ爠煥極敲⁤潰楳楴湯污愠杲浵湥㩴✠潣普杩⤧਍牔捡扥捡⁫洨獯⁴敲散瑮挠污⁬慬瑳㨩਍†楆敬∠㩃啜敳獲襜隀韘靄屺湏䑥楲敶荜荦荘荎荧荢屶ꒌ蚋浜牵畭湲瑥瑜獥彴捳楲瑰瀮≹‬楬敮㌠ⰰ椠⁮慭湩਍††扢㴠戠慬正潢牡⹤求捡扫慯摲⤨਍††††帠幞幞幞幞幞幞幞幞幞幞幞਍祔数牅潲㩲䈠慬正潢牡⹤彟湩瑩彟⤨洠獩楳杮ㄠ爠煥極敲⁤潰楳楴湯污愠杲浵湥㩴✠潣普杩ധ㈊㈰ⴵ㐰㈭‹㈲ㄺ㨷㜱㠬〸嬠剅佒嵒椠灮瑵牟捥灥楴湯›䝎⠠湉異剴捥灥楴湯弮楟楮彴⡟ 業獳湩⁧‱敲畱物摥瀠獯瑩潩慮⁬牡畧敭瑮›挧湯楦❧ഩ吊慲散慢正⠠潭瑳爠捥湥⁴慣汬氠獡⥴ഺ 䘠汩⁥䌢尺獕牥屳肉䒗窗作敮牄癩履暃境亃枃抃皃襜釛賨认岆畭浲牵敮屴整瑳獟牣灩⹴祰Ⱒ氠湩⁥㔳‬湩洠楡൮ †椠⁲‽湩異彴敲散瑰潩⹮湉異剴捥灥楴湯⤨਍††††帠幞幞幞幞幞幞幞幞幞幞幞幞幞幞幞൞吊灹䕥牲牯›湉異剴捥灥楴湯弮楟楮彴⡟ 業獳湩⁧‱敲畱物摥瀠獯瑩潩慮⁬牡畧敭瑮›挧湯楦❧਍〲㔲〭ⴴ㤲㈠㨲㜱ㄺⰷ㠸‱䕛剒剏⁝畯灴瑵慟敧瑮›䝎⠠畏灴瑵杁湥⹴彟湩瑩彟⤨洠獩楳杮ㄠ爠煥極敲⁤潰楳楴湯污愠杲浵湥㩴✠潣普杩⤧਍牔捡扥捡⁫洨獯⁴敲散瑮挠污⁬慬瑳㨩਍†楆敬∠㩃啜敳獲襜隀韘靄屺湏䑥楲敶荜荦荘荎荧荢屶ꒌ蚋浜牵畭湲瑥瑜獥彴捳楲瑰瀮≹‬楬敮㐠ⰰ椠⁮慭湩਍††慯㴠漠瑵異彴条湥⹴畏灴瑵杁湥⡴ഩ ††††幞幞幞幞幞幞幞幞幞幞幞幞幞਍祔数牅潲㩲传瑵異䅴敧瑮弮楟楮彴⡟ 業獳湩⁧‱敲畱物摥瀠獯瑩潩慮⁬牡畧敭瑮›挧湯楦❧਍〲㔲〭ⴴ㤲㈠㨲㜱ㄺⰷ㠸‱䕛剒剏⁝慲彧敲牴敩敶㩲丠⁇洨摯汵⁥洧摯汵獥爮条牟瑥楲癥牥‧慨⁳潮愠瑴楲畢整✠慒剧瑥楲癥牥⤧਍牔捡扥捡⁫洨獯⁴敲散瑮挠污⁬慬瑳㨩਍†楆敬∠㩃啜敳獲襜隀韘靄屺湏䑥楲敶荜荦荘荎荧荢屶ꒌ蚋浜牵畭湲瑥瑜獥彴捳楲瑰瀮≹‬楬敮㐠ⰵ椠⁮慭湩਍††慲⁧‽慲彧敲牴敩敶⹲慒剧瑥楲癥牥⤨਍†††††幞幞幞幞幞幞幞幞幞幞幞幞幞਍瑁牴扩瑵䕥牲牯›潭畤敬✠潭畤敬⹳慲彧敲牴敩敶❲栠獡渠⁯瑡牴扩瑵⁥刧条敒牴敩敶❲‮楄⁤潹⁵敭湡›刧䝁敒牴敩敶❲ി㈊㈰ⴵ㐰㈭‹㈲ㄺ㨷㜱㠬ㄸ嬠剅佒嵒猠浵慭祲敟杮湩㩥丠⁇匨浵慭祲湅楧敮弮楟楮彴⡟ 業獳湩⁧‱敲畱物摥瀠獯瑩潩慮⁬牡畧敭瑮›挧湯楦❧ഩ吊慲散慢正⠠潭瑳爠捥湥⁴慣汬氠獡⥴ഺ 䘠汩⁥䌢尺獕牥屳肉䒗窗作敮牄癩履暃境亃枃抃皃襜釛賨认岆畭浲牵敮屴整瑳獟牣灩⹴祰Ⱒ氠湩⁥〵‬湩洠楡൮ †猠⁥‽畳浭牡役湥楧敮匮浵慭祲湅楧敮⤨਍††††帠幞幞幞幞幞幞幞幞幞幞幞幞幞幞൞吊灹䕥牲牯›畓浭牡䕹杮湩⹥彟湩瑩彟⤨洠獩楳杮ㄠ爠煥極敲⁤潰楳楴湯污愠杲浵湥㩴✠潣普杩ധ㈊㈰ⴵ㐰㈭‹㈲ㄺ㨷㜱㠬㈸嬠义但⁝畍浲牵敎⁴斃境枃䦏릗਍〲㔲〭ⴴ㤲㈠㨲㜱ㄺⰷ㠸‵䥛䙎嵏唠敳瀠瑹牯档搠癥捩彥慮敭›灣൵㈊㈰ⴵ㐰㈭‹㈲ㄺ㨷㜱㠬㔸嬠义但⁝潌摡瀠敲牴楡敮⁤敓瑮湥散牔湡晳牯敭㩲愠汬䴭湩䱩ⵍ㙌瘭ല㈊㈰ⴵ㐰㈭‹㈲ㄺ㨷㌲〬㜱嬠义但⁝ﲓ춗›䥁즂閍슔庌ꚋ늒蒐徘첂膃誃抃枃뎋Ꚃ쒂궂뺂뎂ꊂ਍〲㔲〭ⴴ㤲㈠㨲㜱㐺ⰳ㜵‶䥛䙎嵏ഠ㴊㴽匠䵌麉骓㴠㴽਍〲㔲〭ⴴ㤲㈠㨲㜱㐺ⰳ㜵‷䥛䙎嵏传慫ⱹ䤠甠摮牥瑳湡⹤夠畯瘧⁥牰癯摩摥漠瑰潩獮映牯爠晥湩湩⁧⁡畳浭牡ⱹ愠摮礠畯爧⁥潬歯湩⁧潦⁲敦摥慢正漠⁮桴浥‮敌❴⁳牢慥⁫瑩搠睯⹮਍਍潙❵敶朠癩湥洠⁥桴敲⁥灯楴湯㩳਍਍‪⨪灏楴湯ㄠ⠠潃据獩⁥…汃慥⥲⨺‪吢楨⁳䅒⁇敲灳湯敳爠癥慥獬琠慨⁴桴⁥祳瑳浥挠畯摬❮⁴潬慣整愠祮椠普牯慭楴湯爠来牡楤杮琠敨戠湥晥瑩⁳景䄠ⵉ慢敳⁤潣汬扡牯瑡癩⁥敲獡湯湩⁧湯戠慬正潢牡獤‮桔⁥祳瑳浥猧漠瑵異⁴湩楤慣整⁳⁡慬正漠⁦敲敬慶瑮搠瑡⹡ഢ⨊⨠伪瑰潩⁮′匨楬桧汴⁹潍敲䐠瑥楡敬⥤⨺‪吢敨删䝁爠獥潰獮⁥湩楤慣整⁳桴瑡琠敨猠獹整⁭慦汩摥琠⁯楦摮愠祮椠普牯慭楴湯瀠牥慴湩湩⁧潴琠敨愠癤湡慴敧⁳景䄠൉㈊㈰ⴵ㐰㈭‹㈲ㄺ㨸㌰ㄬ㐲嬠义但⁝獕⁥祰潴捲⁨敤楶散湟浡㩥挠異਍〲㔲〭ⴴ㤲㈠㨲㠱〺ⰳ㈱‴䥛䙎嵏䰠慯⁤牰瑥慲湩摥匠湥整据呥慲獮潦浲牥›污⵬楍楮䵌䰭ⴶ㉶਍〲㔲〭ⴴ㤲㈠㨳㠱㐺ⰵ〹‰䕛剒剏⁝条湥彴潰汯›䝎⠠潭畤敬✠潭畤敬⹳条湥彴潰汯‧慨⁳潮愠瑴楲畢整✠杁湥側潯❬ഩ吊慲散慢正⠠潭瑳爠捥湥⁴慣汬氠獡⥴ഺ 䘠汩⁥䌢尺獕牥屳肉䒗窗作敮牄癩履暃境亃枃抃皃襜釛賨认岆畭浲牵敮屴整瑳獟牣灩⹴祰Ⱒ氠湩⁥㔲‬湩洠楡൮ †愠⁰‽条湥彴潰汯䄮敧瑮潐汯⤨਍††††帠幞幞幞幞幞幞幞幞幞൞䄊瑴楲畢整牅潲㩲洠摯汵⁥洧摯汵獥愮敧瑮灟潯❬栠獡渠⁯瑡牴扩瑵⁥䄧敧瑮潐汯ധ㈊㈰ⴵ㐰㈭‹㌲ㄺ㨸㔴㤬㄰嬠剅佒嵒戠慬正潢牡㩤丠⁇䈨慬正潢牡⹤彟湩瑩彟⤨洠獩楳杮ㄠ爠煥極敲⁤潰楳楴湯污愠杲浵湥㩴✠潣普杩⤧਍牔捡扥捡⁫洨獯⁴敲散瑮挠污⁬慬瑳㨩਍†楆敬∠㩃啜敳獲襜隀韘靄屺湏䑥楲敶荜荦荘荎荧荢屶ꒌ蚋浜牵畭湲瑥瑜獥彴捳楲瑰瀮≹‬楬敮㌠ⰰ椠⁮慭湩਍††扢㴠戠慬正潢牡⹤求捡扫慯摲⤨਍††††帠幞幞幞幞幞幞幞幞幞幞幞਍祔数牅潲㩲䈠慬正潢牡⹤彟湩瑩彟⤨洠獩楳杮ㄠ爠煥極敲⁤潰楳楴湯污愠杲浵湥㩴✠潣普杩ധ㈊㈰ⴵ㐰㈭‹㌲ㄺ㨸㔴㤬㈰嬠剅佒嵒椠灮瑵牟捥灥楴湯›䝎⠠湉異剴捥灥楴湯弮楟楮彴⡟ 業獳湩⁧‱敲畱物摥瀠獯瑩潩慮⁬牡畧敭瑮›挧湯楦❧ഩ吊慲散慢正⠠潭瑳爠捥湥⁴慣汬氠獡⥴ഺ 䘠汩⁥䌢尺獕牥屳肉䒗窗作敮牄癩履暃境亃枃抃皃襜釛賨认岆畭浲牵敮屴整瑳獟牣灩⹴祰Ⱒ氠湩⁥㔳‬湩洠楡൮ †椠⁲‽湩異彴敲散瑰潩⹮湉異剴捥灥楴湯⤨਍††††帠幞幞幞幞幞幞幞幞幞幞幞幞幞幞幞൞吊灹䕥牲牯›湉異剴捥灥楴湯弮楟楮彴⡟ 業獳湩⁧‱敲畱物摥瀠獯瑩潩慮⁬牡畧敭瑮›挧湯楦❧਍〲㔲〭ⴴ㤲㈠㨳㠱㐺ⰵ〹′䕛剒剏⁝畯灴瑵慟敧瑮›䝎⠠畏灴瑵杁湥⹴彟湩瑩彟⤨洠獩楳杮ㄠ爠煥極敲⁤潰楳楴湯污愠杲浵湥㩴✠潣普杩⤧਍牔捡扥捡⁫洨獯⁴敲散瑮挠污⁬慬瑳㨩਍†楆敬∠㩃啜敳獲襜隀韘靄屺湏䑥楲敶荜荦荘荎荧荢屶ꒌ蚋浜牵畭湲瑥瑜獥彴捳楲瑰瀮≹‬楬敮㐠ⰰ椠⁮慭湩਍††慯㴠漠瑵異彴条湥⹴畏灴瑵杁湥⡴ഩ ††††幞幞幞幞幞幞幞幞幞幞幞幞幞਍祔数牅潲㩲传瑵異䅴敧瑮弮楟楮彴⡟ 業獳湩⁧‱敲畱物摥瀠獯瑩潩慮⁬牡畧敭瑮›挧湯楦❧਍〲㔲〭ⴴ㤲㈠㨳㠱㐺ⰵ〹″䕛剒剏⁝慲彧敲牴敩敶㩲丠⁇洨摯汵⁥洧摯汵獥爮条牟瑥楲癥牥‧慨⁳潮愠瑴楲畢整✠慒剧瑥楲癥牥⤧਍牔捡扥捡⁫洨獯⁴敲散瑮挠污⁬慬瑳㨩਍†楆敬∠㩃啜敳獲襜隀韘靄屺湏䑥楲敶荜荦荘荎荧荢屶ꒌ蚋浜牵畭湲瑥瑜獥彴捳楲瑰瀮≹‬楬敮㐠ⰵ椠⁮慭湩਍††慲⁧‽慲彧敲牴敩敶⹲慒剧瑥楲癥牥⤨਍†††††幞幞幞幞幞幞幞幞幞幞幞幞幞਍瑁牴扩瑵䕥牲牯›潭畤敬✠潭畤敬⹳慲彧敲牴敩敶❲栠獡渠⁯瑡牴扩瑵⁥刧条敒牴敩敶❲‮楄⁤潹⁵敭湡›刧䝁敒牴敩敶❲ി㈊㈰ⴵ㐰㈭‹㌲ㄺ㨸㔴㤬㌰嬠剅佒嵒猠浵慭祲敟杮湩㩥丠⁇匨浵慭祲湅楧敮弮楟楮彴⡟ 業獳湩⁧‱敲畱物摥瀠獯瑩潩慮⁬牡畧敭瑮›挧湯楦❧ഩ吊慲散慢正⠠潭瑳爠捥湥⁴慣汬氠獡⥴ഺ 䘠汩⁥䌢尺獕牥屳肉䒗窗作敮牄癩履暃境亃枃抃皃襜釛賨认岆畭浲牵敮屴整瑳獟牣灩⹴祰Ⱒ氠湩⁥〵‬湩洠楡൮ †猠⁥‽畳浭牡役湥楧敮匮浵慭祲湅楧敮⤨਍††††帠幞幞幞幞幞幞幞幞幞幞幞幞幞幞൞吊灹䕥牲牯›畓浭牡䕹杮湩⹥彟湩瑩彟⤨洠獩楳杮ㄠ爠煥極敲⁤潰楳楴湯污愠杲浵湥㩴✠潣普杩ധ㈊㈰ⴵ㐰㈭‹㌲㌺㨱㜳㘬㌶嬠剅佒嵒愠敧瑮灟潯㩬丠⁇洨摯汵⁥洧摯汵獥愮敧瑮灟潯❬栠獡渠⁯瑡牴扩瑵⁥䄧敧瑮潐汯⤧਍牔捡扥捡⁫洨獯⁴敲散瑮挠污⁬慬瑳㨩਍†楆敬∠㩃啜敳獲襜隀韘靄屺湏䑥楲敶荜荦荘荎荧荢屶ꒌ蚋浜牵畭湲瑥瑜獥彴捳楲瑰瀮≹‬楬敮㈠ⰵ椠⁮慭湩਍††灡㴠愠敧瑮灟潯⹬杁湥側潯⡬ഩ ††††幞幞幞幞幞幞幞幞幞幞਍瑁牴扩瑵䕥牲牯›潭畤敬✠潭畤敬⹳条湥彴潰汯‧慨⁳潮愠瑴楲畢整✠杁湥側潯❬਍〲㔲〭ⴴ㤲㈠㨳ㄳ㌺ⰷ㘶‴䕛剒剏⁝汢捡扫慯摲›䝎⠠求捡扫慯摲弮楟楮彴⡟ 業獳湩⁧‱敲畱物摥瀠獯瑩潩慮⁬牡畧敭瑮›挧湯楦❧ഩ吊慲散慢正⠠潭瑳爠捥湥⁴慣汬氠獡⥴ഺ 䘠汩⁥䌢尺獕牥屳肉䒗窗作敮牄癩履暃境亃枃抃皃襜釛賨认岆畭浲牵敮屴整瑳獟牣灩⹴祰Ⱒ氠湩⁥〳‬湩洠楡൮ †戠⁢‽汢捡扫慯摲䈮慬正潢牡⡤ഩ ††††幞幞幞幞幞幞幞幞幞幞幞൞吊灹䕥牲牯›求捡扫慯摲弮楟楮彴⡟ 業獳湩⁧‱敲畱物摥瀠獯瑩潩慮⁬牡畧敭瑮›挧湯楦❧਍〲㔲〭ⴴ㤲㈠㨳ㄳ㌺ⰷ㘶‴䕛剒剏⁝湩異彴敲散瑰潩㩮丠⁇䤨灮瑵敒散瑰潩⹮彟湩瑩彟⤨洠獩楳杮ㄠ爠煥極敲⁤潰楳楴湯污愠杲浵湥㩴✠潣普杩⤧਍牔捡扥捡⁫洨獯⁴敲散瑮挠污⁬慬瑳㨩਍†楆敬∠㩃啜敳獲襜隀韘靄屺湏䑥楲敶荜荦荘荎荧荢屶ꒌ蚋浜牵畭湲瑥瑜獥彴捳楲瑰瀮≹‬楬敮㌠ⰵ椠⁮慭湩਍††物㴠椠灮瑵牟捥灥楴湯䤮灮瑵敒散瑰潩⡮ഩ ††††幞幞幞幞幞幞幞幞幞幞幞幞幞幞幞幞਍祔数牅潲㩲䤠灮瑵敒散瑰潩⹮彟湩瑩彟⤨洠獩楳杮ㄠ爠煥極敲⁤潰楳楴湯污愠杲浵湥㩴✠潣普杩ധ㈊㈰ⴵ㐰㈭‹㌲㌺㨱㜳㘬㔶嬠剅佒嵒漠瑵異彴条湥㩴丠⁇伨瑵異䅴敧瑮弮楟楮彴⡟ 業獳湩⁧‱敲畱物摥瀠獯瑩潩慮⁬牡畧敭瑮›挧湯楦❧ഩ吊慲散慢正⠠潭瑳爠捥湥⁴慣汬氠獡⥴ഺ 䘠汩⁥䌢尺獕牥屳肉䒗窗作敮牄癩履暃境亃枃抃皃襜釛賨认岆畭浲牵敮屴整瑳獟牣灩⹴祰Ⱒ氠湩⁥〴‬湩洠楡൮ †漠⁡‽畯灴瑵慟敧瑮伮瑵異䅴敧瑮⤨਍††††帠幞幞幞幞幞幞幞幞幞幞幞幞൞吊灹䕥牲牯›畏灴瑵杁湥⹴彟湩瑩彟⤨洠獩楳杮ㄠ爠煥極敲⁤潰楳楴湯污愠杲浵湥㩴✠潣普杩ധ㈊㈰ⴵ㐰㈭‹㌲㌺㨱㜳㘬㔶嬠剅佒嵒爠条牟瑥楲癥牥›䝎⠠潭畤敬✠潭畤敬⹳慲彧敲牴敩敶❲栠獡渠⁯瑡牴扩瑵⁥刧条敒牴敩敶❲ഩ吊慲散慢正⠠潭瑳爠捥湥⁴慣汬氠獡⥴ഺ 䘠汩⁥䌢尺獕牥屳肉䒗窗作敮牄癩履暃境亃枃抃皃襜釛賨认岆畭浲牵敮屴整瑳獟牣灩⹴祰Ⱒ氠湩⁥㔴‬湩洠楡൮ †爠条㴠爠条牟瑥楲癥牥刮条敒牴敩敶⡲ഩ ††††帠幞幞幞幞幞幞幞幞幞幞幞幞൞䄊瑴楲畢整牅潲㩲洠摯汵⁥洧摯汵獥爮条牟瑥楲癥牥‧慨⁳潮愠瑴楲畢整✠慒剧瑥楲癥牥⸧䐠摩礠畯洠慥㩮✠䅒則瑥楲癥牥㼧਍〲㔲〭ⴴ㤲㈠㨳ㄳ㌺ⰷ㘶‶䕛剒剏⁝畳浭牡役湥楧敮›䝎⠠畓浭牡䕹杮湩⹥彟湩瑩彟⤨洠獩楳杮ㄠ爠煥極敲⁤潰楳楴湯污愠杲浵湥㩴✠潣普杩⤧਍牔捡扥捡⁫洨獯⁴敲散瑮挠污⁬慬瑳㨩਍†楆敬∠㩃啜敳獲襜隀韘靄屺湏䑥楲敶荜荦荘荎荧荢屶ꒌ蚋浜牵畭湲瑥瑜獥彴捳楲瑰瀮≹‬楬敮㔠ⰰ椠⁮慭湩਍††敳㴠猠浵慭祲敟杮湩⹥畓浭牡䕹杮湩⡥ഩ ††††幞幞幞幞幞幞幞幞幞幞幞幞幞幞幞਍祔数牅潲㩲匠浵慭祲湅楧敮弮楟楮彴⡟ 業獳湩⁧‱敲畱物摥瀠獯瑩潩慮⁬牡畧敭瑮›挧湯楦❧਍〲㔲〭ⴴ㤲㈠㨳㌳㈺ⰳㄲ‵䕛剒剏⁝条湥彴潰汯›䝎⠠潭畤敬✠潭畤敬⹳条湥彴潰汯‧慨⁳潮愠瑴楲畢整✠杁湥側潯❬ഩ吊慲散慢正⠠潭瑳爠捥湥⁴慣汬氠獡⥴ഺ 䘠汩⁥䌢尺獕牥屳肉䒗窗作敮牄癩履暃境亃枃抃皃襜釛賨认岆畭浲牵敮屴整瑳獟牣灩⹴祰Ⱒ氠湩⁥㔲‬湩洠楡൮ †愠⁰‽条湥彴潰汯䄮敧瑮潐汯⤨਍††††帠幞幞幞幞幞幞幞幞幞൞䄊瑴楲畢整牅潲㩲洠摯汵⁥洧摯汵獥愮敧瑮灟潯❬栠獡渠⁯瑡牴扩瑵⁥䄧敧瑮潐汯ധ㈊㈰ⴵ㐰㈭‹㌲㌺㨳㌲㈬㘱嬠剅佒嵒戠慬正潢牡㩤丠⁇䈨慬正潢牡⹤彟湩瑩彟⤨洠獩楳杮ㄠ爠煥極敲⁤潰楳楴湯污愠杲浵湥㩴✠潣普杩⤧਍牔捡扥捡⁫洨獯⁴敲散瑮挠污⁬慬瑳㨩਍†楆敬∠㩃啜敳獲襜隀韘靄屺湏䑥楲敶荜荦荘荎荧荢屶ꒌ蚋浜牵畭湲瑥瑜獥彴捳楲瑰瀮≹‬楬敮㌠ⰰ椠⁮慭湩਍††扢㴠戠慬正潢牡⹤求捡扫慯摲⤨਍††††帠幞幞幞幞幞幞幞幞幞幞幞਍祔数牅潲㩲䈠慬正潢牡⹤彟湩瑩彟⤨洠獩楳杮ㄠ爠煥極敲⁤潰楳楴湯污愠杲浵湥㩴✠潣普杩ധ㈊㈰ⴵ㐰㈭‹㌲㌺㨳㌲㈬㘱嬠剅佒嵒椠灮瑵牟捥灥楴湯›䝎⠠湉異剴捥灥楴湯弮楟楮彴⡟ 業獳湩⁧‱敲畱物摥瀠獯瑩潩慮⁬牡畧敭瑮›挧湯楦❧ഩ吊慲散慢正⠠潭瑳爠捥湥⁴慣汬氠獡⥴ഺ 䘠汩⁥䌢尺獕牥屳肉䒗窗作敮牄癩履暃境亃枃抃皃襜釛賨认岆畭浲牵敮屴整瑳獟牣灩⹴祰Ⱒ氠湩⁥㔳‬湩洠楡൮ †椠⁲‽湩異彴敲散瑰潩⹮湉異剴捥灥楴湯⤨਍††††帠幞幞幞幞幞幞幞幞幞幞幞幞幞幞幞൞吊灹䕥牲牯›湉異剴捥灥楴湯弮楟楮彴⡟ 業獳湩⁧‱敲畱物摥瀠獯瑩潩慮⁬牡畧敭瑮›挧湯楦❧਍〲㔲〭ⴴ㤲㈠㨳㌳㈺ⰳㄲ‷䕛剒剏⁝畯灴瑵慟敧瑮›䝎⠠畏灴瑵杁湥⹴彟湩瑩彟⤨洠獩楳杮ㄠ爠煥極敲⁤潰楳楴湯污愠杲浵湥㩴✠潣普杩⤧਍牔捡扥捡⁫洨獯⁴敲散瑮挠污⁬慬瑳㨩਍†楆敬∠㩃啜敳獲襜隀韘靄屺湏䑥楲敶荜荦荘荎荧荢屶ꒌ蚋浜牵畭湲瑥瑜獥彴捳楲瑰瀮≹‬楬敮㐠ⰰ椠⁮慭湩਍††慯㴠漠瑵異彴条湥⹴畏灴瑵杁湥⡴ഩ ††††幞幞幞幞幞幞幞幞幞幞幞幞幞਍祔数牅潲㩲传瑵異䅴敧瑮弮楟楮彴⡟ 業獳湩⁧‱敲畱物摥瀠獯瑩潩慮⁬牡畧敭瑮›挧湯楦❧਍〲㔲〭ⴴ㤲㈠㨳㌳㈺ⰳㄲ‷䕛剒剏⁝慲彧敲牴敩敶㩲丠⁇洨摯汵⁥洧摯汵獥爮条牟瑥楲癥牥‧慨⁳潮愠瑴楲畢整✠慒剧瑥楲癥牥⤧਍牔捡扥捡⁫洨獯⁴敲散瑮挠污⁬慬瑳㨩਍†楆敬∠㩃啜敳獲襜隀韘靄屺湏䑥楲敶荜荦荘荎荧荢屶ꒌ蚋浜牵畭湲瑥瑜獥彴捳楲瑰瀮≹‬楬敮㐠ⰵ椠⁮慭湩਍††慲⁧‽慲彧敲牴敩敶⹲慒剧瑥楲癥牥⤨਍†††††幞幞幞幞幞幞幞幞幞幞幞幞幞਍瑁牴扩瑵䕥牲牯›潭畤敬✠潭畤敬⹳慲彧敲牴敩敶❲栠獡渠⁯瑡牴扩瑵⁥刧条敒牴敩敶❲‮楄⁤潹⁵敭湡›刧䝁敒牴敩敶❲ി㈊㈰ⴵ㐰㈭‹㌲㌺㨳㌲㈬㜱嬠剅佒嵒猠浵慭祲敟杮湩㩥丠⁇匨浵慭祲湅楧敮弮楟楮彴⡟ 業獳湩⁧‱敲畱物摥瀠獯瑩潩慮⁬牡畧敭瑮›挧湯楦❧ഩ吊慲散慢正⠠潭瑳爠捥湥⁴慣汬氠獡⥴ഺ 䘠汩⁥䌢尺獕牥屳肉䒗窗作敮牄癩履暃境亃枃抃皃襜釛賨认岆畭浲牵敮屴整瑳獟牣灩⹴祰Ⱒ氠湩⁥〵‬湩洠楡൮ †猠⁥‽畳浭牡役湥楧敮匮浵慭祲湅楧敮⤨਍††††帠幞幞幞幞幞幞幞幞幞幞幞幞幞幞൞吊灹䕥牲牯›畓浭牡䕹杮湩⹥彟湩瑩彟⤨洠獩楳杮ㄠ爠煥極敲⁤潰楳楴湯污愠杲浵湥㩴✠潣普杩ധ㈊㈰ⴵ㐰㈭‹㌲㐺㨰㌲㐬㔹嬠剅佒嵒愠敧瑮灟潯㩬丠⁇洨摯汵⁥洧摯汵獥愮敧瑮灟潯❬栠獡渠⁯瑡牴扩瑵⁥䄧敧瑮潐汯⤧਍牔捡扥捡⁫洨獯⁴敲散瑮挠污⁬慬瑳㨩਍†楆敬∠㩃啜敳獲襜隀韘靄屺湏䑥楲敶荜荦荘荎荧荢屶ꒌ蚋浜牵畭湲瑥瑜獥彴捳楲瑰瀮≹‬楬敮㈠ⰵ椠⁮慭湩਍††灡㴠愠敧瑮灟潯⹬杁湥側潯⡬ഩ ††††幞幞幞幞幞幞幞幞幞幞਍瑁牴扩瑵䕥牲牯›潭畤敬✠潭畤敬⹳条湥彴潰汯‧慨⁳潮愠瑴楲畢整✠杁湥側潯❬਍〲㔲〭ⴴ㤲㈠㨳〴㈺ⰳ㤴‶䕛剒剏⁝汢捡扫慯摲›䝎⠠求捡扫慯摲弮楟楮彴⡟ 業獳湩⁧‱敲畱物摥瀠獯瑩潩慮⁬牡畧敭瑮›挧湯楦❧ഩ吊慲散慢正⠠潭瑳爠捥湥⁴慣汬氠獡⥴ഺ 䘠汩⁥䌢尺獕牥屳肉䒗窗作敮牄癩履暃境亃枃抃皃襜釛賨认岆畭浲牵敮屴整瑳獟牣灩⹴祰Ⱒ氠湩⁥〳‬湩洠楡൮ †戠⁢‽汢捡扫慯摲䈮慬正潢牡⡤ഩ ††††幞幞幞幞幞幞幞幞幞幞幞൞吊灹䕥牲牯›求捡扫慯摲弮楟楮彴⡟ 業獳湩⁧‱敲畱物摥瀠獯瑩潩慮⁬牡畧敭瑮›挧湯楦❧਍〲㔲〭ⴴ㤲㈠㨳〴㈺ⰳ㤴‶䕛剒剏⁝湩異彴敲散瑰潩㩮丠⁇䤨灮瑵敒散瑰潩⹮彟湩瑩彟⤨洠獩楳杮ㄠ爠煥極敲⁤潰楳楴湯污愠杲浵湥㩴✠潣普杩⤧਍牔捡扥捡⁫洨獯⁴敲散瑮挠污⁬慬瑳㨩਍†楆敬∠㩃啜敳獲襜隀韘靄屺湏䑥楲敶荜荦荘荎荧荢屶ꒌ蚋浜牵畭湲瑥瑜獥彴捳楲瑰瀮≹‬楬敮㌠ⰵ椠⁮慭湩਍††物㴠椠灮瑵牟捥灥楴湯䤮灮瑵敒散瑰潩⡮ഩ ††††幞幞幞幞幞幞幞幞幞幞幞幞幞幞幞幞਍祔数牅潲㩲䤠灮瑵敒散瑰潩⹮彟湩瑩彟⤨洠獩楳杮ㄠ爠煥極敲⁤潰楳楴湯污愠杲浵湥㩴✠潣普杩ധ㈊㈰ⴵ㐰㈭‹㌲㐺㨰㌲㐬㜹嬠剅佒嵒漠瑵異彴条湥㩴丠⁇伨瑵異䅴敧瑮弮楟楮彴⡟ 業獳湩⁧‱敲畱物摥瀠獯瑩潩慮⁬牡畧敭瑮›挧湯楦❧ഩ吊慲散慢正⠠潭瑳爠捥湥⁴慣汬氠獡⥴ഺ 䘠汩⁥䌢尺獕牥屳肉䒗窗作敮牄癩履暃境亃枃抃皃襜釛賨认岆畭浲牵敮屴整瑳獟牣灩⹴祰Ⱒ氠湩⁥〴‬湩洠楡൮ †漠⁡‽畯灴瑵慟敧瑮伮瑵異䅴敧瑮⤨਍††††帠幞幞幞幞幞幞幞幞幞幞幞幞൞吊灹䕥牲牯›畏灴瑵杁湥⹴彟湩瑩彟⤨洠獩楳杮ㄠ爠煥極敲⁤潰楳楴湯污愠杲浵湥㩴✠潣普杩ധ㈊㈰ⴵ㐰㈭‹㌲㐺㨰㌲㐬㜹嬠剅佒嵒爠条牟瑥楲癥牥›䝎⠠潭畤敬✠潭畤敬⹳慲彧敲牴敩敶❲栠獡渠⁯瑡牴扩瑵⁥刧条敒牴敩敶❲ഩ吊慲散慢正⠠潭瑳爠捥湥⁴慣汬氠獡⥴ഺ 䘠汩⁥䌢尺獕牥屳肉䒗窗作敮牄癩履暃境亃枃抃皃襜釛賨认岆畭浲牵敮屴整瑳獟牣灩⹴祰Ⱒ氠湩⁥㔴‬湩洠楡൮ †爠条㴠爠条牟瑥楲癥牥刮条敒牴敩敶⡲ഩ ††††帠幞幞幞幞幞幞幞幞幞幞幞幞൞䄊瑴楲畢整牅潲㩲洠摯汵⁥洧摯汵獥爮条牟瑥楲癥牥‧慨⁳潮愠瑴楲畢整✠慒剧瑥楲癥牥⸧䐠摩礠畯洠慥㩮✠䅒則瑥楲癥牥㼧਍〲㔲〭ⴴ㤲㈠㨳〴㈺ⰳ㤴‸䕛剒剏⁝畳浭牡役湥楧敮›䝎⠠畓浭牡䕹杮湩⹥彟湩瑩彟⤨洠獩楳杮ㄠ爠煥極敲⁤潰楳楴湯污愠杲浵湥㩴✠潣普杩⤧਍牔捡扥捡⁫洨獯⁴敲散瑮挠污⁬慬瑳㨩਍†楆敬∠㩃啜敳獲襜隀韘靄屺湏䑥楲敶荜荦荘荎荧荢屶ꒌ蚋浜牵畭湲瑥瑜獥彴捳楲瑰瀮≹‬楬敮㔠ⰰ椠⁮慭湩਍††敳㴠猠浵慭祲敟杮湩⹥畓浭牡䕹杮湩⡥ഩ ††††幞幞幞幞幞幞幞幞幞幞幞幞幞幞幞਍祔数牅潲㩲匠浵慭祲湅楧敮弮楟楮彴⡟ 業獳湩⁧‱敲畱物摥瀠獯瑩潩慮⁬牡畧敭瑮›挧湯楦❧਍〲㔲〭ⴴ㤲㈠㨳〴㈺ⰷ㘸″䥛䙎嵏匠慴瑲湩⁧敧敮慲楴湯瀠潲散獳਍〲㔲〭ⴴ㤲㈠㨳〴㈺ⰷ㘸″䥛䙎嵏圠楲楴杮椠灮瑵琠⁯汢捡扫慯摲਍〲㔲〭ⴴ㤲㈠㨳〴㈺ⰷ㘸″䥛䙎嵏䜠湥牥瑡湩⁧畳浭牡൹㈊㈰ⴵ㐰㈭‹㌲㐺㨰㈳㜬㠵嬠义但⁝敒牴敩楶杮搠瑡⁡獵湩⁧䅒則瑥楲癥牥਍〲㔲〭ⴴ㤲㈠㨳〴㌺ⰲ㔷‹䥛䙎嵏删湵楮杮愠敧瑮瀠潯൬㈊㈰ⴵ㐰㈭‹㌲㐺㨰〴㜬㔷嬠义但⁝敇敮慲楴杮映湩污爠獥潰獮൥㈊㈰ⴵ㐰㈭‹㌲㐺㨰㌴㤬〴嬠义但⁝敇敮慲楴湯瀠潲散獳挠浯汰瑥摥਍〲㔲〭ⴵ㌰ㄠ㨷㈰㌺ⰰ㐳‹䕛剒剏⁝条湥彴潰汯›䝎⠠潭畤敬✠潭畤敬⹳条湥彴潰汯‧慨⁳潮愠瑴楲畢整✠杁湥側潯❬ഩ吊慲散慢正⠠潭瑳爠捥湥⁴慣汬氠獡⥴ഺ 䘠汩⁥䌢尺獕牥屳肉䒗窗作敮牄癩履暃境亃枃抃皃襜釛賨认岆畭浲牵敮屴整瑳獟牣灩⹴祰Ⱒ氠湩⁥㔲‬湩洠楡൮ †愠⁰‽条湥彴潰汯䄮敧瑮潐汯⤨਍††††帠幞幞幞幞幞幞幞幞幞൞䄊瑴楲畢整牅潲㩲洠摯汵⁥洧摯汵獥愮敧瑮灟潯❬栠獡渠⁯瑡牴扩瑵⁥䄧敧瑮潐汯ധ㈊㈰ⴵ㔰〭″㜱〺㨲〳㌬ㄵ嬠剅佒嵒戠慬正潢牡㩤丠⁇䈨慬正潢牡⹤彟湩瑩彟⤨洠獩楳杮ㄠ爠煥極敲⁤潰楳楴湯污愠杲浵湥㩴✠潣普杩⤧਍牔捡扥捡⁫洨獯⁴敲散瑮挠污⁬慬瑳㨩਍†楆敬∠㩃啜敳獲襜隀韘靄屺湏䑥楲敶荜荦荘荎荧荢屶ꒌ蚋浜牵畭湲瑥瑜獥彴捳楲瑰瀮≹‬楬敮㌠ⰰ椠⁮慭湩਍††扢㴠戠慬正潢牡⹤求捡扫慯摲⤨਍††††帠幞幞幞幞幞幞幞幞幞幞幞਍祔数牅潲㩲䈠慬正潢牡⹤彟湩瑩彟⤨洠獩楳杮ㄠ爠煥極敲⁤潰楳楴湯污愠杲浵湥㩴✠潣普杩ധ㈊㈰ⴵ㔰〭″㜱〺㨲〳㌬ㄵ嬠剅佒嵒椠灮瑵牟捥灥楴湯›䝎⠠湉異剴捥灥楴湯弮楟楮彴⡟ 業獳湩⁧‱敲畱物摥瀠獯瑩潩慮⁬牡畧敭瑮›挧湯楦❧ഩ吊慲散慢正⠠潭瑳爠捥湥⁴慣汬氠獡⥴ഺ 䘠汩⁥䌢尺獕牥屳肉䒗窗作敮牄癩履暃境亃枃抃皃襜釛賨认岆畭浲牵敮屴整瑳獟牣灩⹴祰Ⱒ氠湩⁥㔳‬湩洠楡൮ †椠⁲‽湩異彴敲散瑰潩⹮湉異剴捥灥楴湯⤨਍††††帠幞幞幞幞幞幞幞幞幞幞幞幞幞幞幞൞吊灹䕥牲牯›湉異剴捥灥楴湯弮楟楮彴⡟ 業獳湩⁧‱敲畱物摥瀠獯瑩潩慮⁬牡畧敭瑮›挧湯楦❧਍〲㔲〭ⴵ㌰ㄠ㨷㈰㌺ⰰ㔳′䕛剒剏⁝畯灴瑵慟敧瑮›䝎⠠畏灴瑵杁湥⹴彟湩瑩彟⤨洠獩楳杮ㄠ爠煥極敲⁤潰楳楴湯污愠杲浵湥㩴✠潣普杩⤧਍牔捡扥捡⁫洨獯⁴敲散瑮挠污⁬慬瑳㨩਍†楆敬∠㩃啜敳獲襜隀韘靄屺湏䑥楲敶荜荦荘荎荧荢屶ꒌ蚋浜牵畭湲瑥瑜獥彴捳楲瑰瀮≹‬楬敮㐠ⰰ椠⁮慭湩਍††慯㴠漠瑵異彴条湥⹴畏灴瑵杁湥⡴ഩ ††††幞幞幞幞幞幞幞幞幞幞幞幞幞਍祔数牅潲㩲传瑵異䅴敧瑮弮楟楮彴⡟ 業獳湩⁧‱敲畱物摥瀠獯瑩潩慮⁬牡畧敭瑮›挧湯楦❧਍〲㔲〭ⴵ㌰ㄠ㨷㈰㌺ⰰ㔳′䕛剒剏⁝慲彧敲牴敩敶㩲丠⁇洨摯汵⁥洧摯汵獥爮条牟瑥楲癥牥‧慨⁳潮愠瑴楲畢整✠慒剧瑥楲癥牥⤧਍牔捡扥捡⁫洨獯⁴敲散瑮挠污⁬慬瑳㨩਍†楆敬∠㩃啜敳獲襜隀韘靄屺湏䑥楲敶荜荦荘荎荧荢屶ꒌ蚋浜牵畭湲瑥瑜獥彴捳楲瑰瀮≹‬楬敮㐠ⰵ椠⁮慭湩਍††慲⁧‽慲彧敲牴敩敶⹲慒剧瑥楲癥牥⤨਍†††††幞幞幞幞幞幞幞幞幞幞幞幞幞਍瑁牴扩瑵䕥牲牯›潭畤敬✠潭畤敬⹳慲彧敲牴敩敶❲栠獡渠⁯瑡牴扩瑵⁥刧条敒牴敩敶❲‮楄⁤潹⁵敭湡›刧䝁敒牴敩敶❲ി㈊㈰ⴵ㔰〭″㜱〺㨲〳㌬㈵嬠剅佒嵒猠浵慭祲敟杮湩㩥丠⁇匨浵慭祲湅楧敮弮楟楮彴⡟ 業獳湩⁧‱敲畱物摥瀠獯瑩潩慮⁬牡畧敭瑮›挧湯楦❧ഩ吊慲散慢正⠠潭瑳爠捥湥⁴慣汬氠獡⥴ഺ 䘠汩⁥䌢尺獕牥屳肉䒗窗作敮牄癩履暃境亃枃抃皃襜釛賨认岆畭浲牵敮屴整瑳獟牣灩⹴祰Ⱒ氠湩⁥〵‬湩洠楡൮ †猠⁥‽畳浭牡役湥楧敮匮浵慭祲湅楧敮⤨਍††††帠幞幞幞幞幞幞幞幞幞幞幞幞幞幞൞吊灹䕥牲牯›畓浭牡䕹杮湩⹥彟湩瑩彟⤨洠獩楳杮ㄠ爠煥極敲⁤潰楳楴湯污愠杲浵湥㩴✠潣普杩ധ㈊㈰ⴵ㔰〭″㜱〺㨳㐳㔬㔷嬠剅佒嵒愠敧瑮灟潯㩬丠⁇䴨摯汥瀠瑡⁨潤獥渠瑯攠楸瑳›㩃啜敳獲襜隀韘靄屺湏䑥楲敶荜荦荘荎荧荢屶ꒌ蚋浜牵畭湲瑥浜摯汵獥⹜⼮⸮洯摯汥⽳敧浭ⵡⴳ戱椭⵴㑱た朮畧⥦਍牔捡扥捡⁫洨獯⁴敲散瑮挠污⁬慬瑳㨩਍†楆敬∠㩃啜敳獲襜隀韘靄屺湏䑥楲敶荜荦荘荎荧荢屶ꒌ蚋浜牵畭湲瑥瑜獥彴捳楲瑰瀮≹‬楬敮㈠ⰵ椠⁮慭湩਍††灡㴠愠敧瑮灟潯⹬杁湥側潯䵬湡条牥挨湯楦Ⱨ丠湯⥥਍††††帠幞幞幞幞幞幞幞幞幞幞幞幞幞幞幞幞幞幞幞幞਍†楆敬∠㩃啜敳獲襜隀韘靄屺湏䑥楲敶荜荦荘荎荧荢屶ꒌ蚋浜牵畭湲瑥浜摯汵獥慜敧瑮灟潯⹬祰Ⱒ氠湩⁥ㄱ‬湩张楟楮彴ൟ †猠汥⹦汬⁭‽汌浡⡡਍†††††††帠幞幞൞ 䘠汩⁥䌢尺獕牥屳肉䒗窗䅜灰慄慴䱜捯污停捡慫敧屳祐桴湯潓瑦慷敲潆湵慤楴湯倮瑹潨⹮⸳㈱煟穢渵欲牦㡡ば䱜捯污慃档履潬慣⵬慰正条獥停瑹潨㍮㈱獜瑩ⵥ慰正条獥汜慬慭损灰汜慬慭瀮≹‬楬敮㌠㠶‬湩张楟楮彴ൟ †爠楡敳嘠污敵牅潲⡲≦潍敤⁬慰桴搠敯⁳潮⁴硥獩㩴笠潭敤彬慰桴≽ഩ嘊污敵牅潲㩲䴠摯汥瀠瑡⁨潤獥渠瑯攠楸瑳›㩃啜敳獲襜隀韘靄屺湏䑥楲敶荜荦荘荎荧荢屶ꒌ蚋浜牵畭湲瑥浜摯汵獥⹜⼮⸮洯摯汥⽳敧浭ⵡⴳ戱椭⵴㑱た朮畧൦㈊㈰ⴵ㔰〭″㜱〺㨳㜳㘬㌳嬠剅佒嵒漠瑵異彴条湥㩴丠⁇䴨摯汥瀠瑡⁨潤獥渠瑯攠楸瑳›㩃啜敳獲襜隀韘靄屺湏䑥楲敶荜荦荘荎荧荢屶ꒌ蚋浜牵畭湲瑥浜摯汵獥⹜⼮⸮洯摯汥⽳敧浭ⵡⴳ戱椭⵴㑱た朮畧⥦਍牔捡扥捡⁫洨獯⁴敲散瑮挠污⁬慬瑳㨩਍†楆敬∠㩃啜敳獲襜隀韘靄屺湏䑥楲敶荜荦荘荎荧荢屶ꒌ蚋浜牵畭湲瑥瑜獥彴捳楲瑰瀮≹‬楬敮㐠ⰰ椠⁮慭湩਍††慯㴠漠瑵異彴条湥⹴畏灴瑵杁湥⡴潣普杩ഩ ††††幞幞幞幞幞幞幞幞幞幞幞幞幞幞幞幞਍†楆敬∠㩃啜敳獲襜隀韘靄屺湏䑥楲敶荜荦荘荎荧荢屶ꒌ蚋浜牵畭湲瑥浜摯汵獥潜瑵異彴条湥⹴祰Ⱒ氠湩⁥ⰸ椠⁮彟湩瑩彟਍††敳晬氮浬㴠䰠慬慭ന †††††††幞幞幞਍†楆敬∠㩃啜敳獲襜隀韘靄屺灁䑰瑡屡潌慣屬慐正条獥停瑹潨卮景睴牡䙥畯摮瑡潩⹮祐桴湯㌮ㄮ弲扱㕺㉮晫慲瀸尰潌慣䍬捡敨汜捯污瀭捡慫敧屳祐桴湯ㄳ尲楳整瀭捡慫敧屳汬浡彡灣屰汬浡⹡祰Ⱒ氠湩⁥㘳ⰸ椠⁮彟湩瑩彟਍††慲獩⁥慖畬䕥牲牯昨䴢摯汥瀠瑡⁨潤獥渠瑯攠楸瑳›浻摯汥灟瑡絨⤢਍慖畬䕥牲牯›潍敤⁬慰桴搠敯⁳潮⁴硥獩㩴䌠尺獕牥屳肉䒗窗作敮牄癩履暃境亃枃抃皃襜釛賨认岆畭浲牵敮屴潭畤敬屳⸮ⸯ⼮潭敤獬术浥慭㌭ㄭⵢ瑩焭弴⸰杧晵਍〲㔲〭ⴵ㌰ㄠ㨷㌰㌺ⰷ㌶‶䕛剒剏⁝畳浭牡役湥楧敮›䝎⠠潍敤⁬慰桴搠敯⁳潮⁴硥獩㩴䌠尺獕牥屳肉䒗窗作敮牄癩履暃境亃枃抃皃襜釛賨认岆畭浲牵敮屴潭畤敬屳⸮ⸯ⼮潭敤獬术浥慭㌭ㄭⵢ瑩焭弴⸰杧晵ഩ吊慲散慢正⠠潭瑳爠捥湥⁴慣汬氠獡⥴ഺ 䘠汩⁥䌢尺獕牥屳肉䒗窗作敮牄癩履暃境亃枃抃皃襜釛賨认岆畭浲牵敮屴整瑳獟牣灩⹴祰Ⱒ氠湩⁥〵‬湩洠楡൮ †猠⁥‽畳浭牡役湥楧敮匮浵慭祲湅楧敮挨湯楦⥧਍††††帠幞幞幞幞幞幞幞幞幞幞幞幞幞幞幞幞幞൞ 䘠汩⁥䌢尺獕牥屳肉䒗窗作敮牄癩履暃境亃枃抃皃襜釛賨认岆畭浲牵敮屴潭畤敬屳畳浭牡役湥楧敮瀮≹‬楬敮㤠‬湩张楟楮彴ൟ †猠汥⹦汬⁭‽汌浡⡡਍†††††††帠幞幞൞ 䘠汩⁥䌢尺獕牥屳肉䒗窗䅜灰慄慴䱜捯污停捡慫敧屳祐桴湯潓瑦慷敲潆湵慤楴湯倮瑹潨⹮⸳㈱煟穢渵欲牦㡡ば䱜捯污慃档履潬慣⵬慰正条獥停瑹潨㍮㈱獜瑩ⵥ慰正条獥汜慬慭损灰汜慬慭瀮≹‬楬敮㌠㠶‬湩张楟楮彴ൟ †爠楡敳嘠污敵牅潲⡲≦潍敤⁬慰桴搠敯⁳潮⁴硥獩㩴笠潭敤彬慰桴≽ഩ嘊污敵牅潲㩲䴠摯汥瀠瑡⁨潤獥渠瑯攠楸瑳›㩃啜敳獲襜隀韘靄屺湏䑥楲敶荜荦荘荎荧荢屶ꒌ蚋浜牵畭湲瑥浜摯汵獥⹜⼮⸮洯摯汥⽳敧浭ⵡⴳ戱椭⵴㑱た朮畧൦㈊㈰ⴵ㔰〭″㜱〺㨴㔴ㄬ㔳嬠剅佒嵒愠敧瑮灟潯㩬丠⁇䴨摯汥瀠瑡⁨潤獥渠瑯攠楸瑳›㩃啜敳獲襜隀韘靄屺湏䑥楲敶荜荦荘荎荧荢屶ꒌ蚋浜摯汥屳敧浭ⵡⴳ戱椭⵴㑱た朮畧⥦਍牔捡扥捡⁫洨獯⁴敲散瑮挠污⁬慬瑳㨩਍†楆敬∠㩃啜敳獲襜隀韘靄屺湏䑥楲敶荜荦荘荎荧荢屶ꒌ蚋浜牵畭湲瑥瑜獥彴捳楲瑰瀮≹‬楬敮㈠ⰵ椠⁮慭湩਍††灡㴠愠敧瑮灟潯⹬杁湥側潯䵬湡条牥挨湯楦Ⱨ丠湯⥥਍††††帠幞幞幞幞幞幞幞幞幞幞幞幞幞幞幞幞幞幞幞幞਍†楆敬∠㩃啜敳獲襜隀韘靄屺湏䑥楲敶荜荦荘荎荧荢屶ꒌ蚋浜牵畭湲瑥浜摯汵獥慜敧瑮灟潯⹬祰Ⱒ氠湩⁥㔱‬湩张楟楮彴ൟ †猠汥⹦汬⁭‽汌浡⡡਍†††††††帠幞幞൞ 䘠汩⁥䌢尺獕牥屳肉䒗窗䅜灰慄慴䱜捯污停捡慫敧屳祐桴湯潓瑦慷敲潆湵慤楴湯倮瑹潨⹮⸳㈱煟穢渵欲牦㡡ば䱜捯污慃档履潬慣⵬慰正条獥停瑹潨㍮㈱獜瑩ⵥ慰正条獥汜慬慭损灰汜慬慭瀮≹‬楬敮㌠㠶‬湩张楟楮彴ൟ †爠楡敳嘠污敵牅潲⡲≦潍敤⁬慰桴搠敯⁳潮⁴硥獩㩴笠潭敤彬慰桴≽ഩ嘊污敵牅潲㩲䴠摯汥瀠瑡⁨潤獥渠瑯攠楸瑳›㩃啜敳獲襜隀韘靄屺湏䑥楲敶荜荦荘荎荧荢屶ꒌ蚋浜摯汥屳敧浭ⵡⴳ戱椭⵴㑱た朮畧൦㈊㈰ⴵ㔰〭″㜱〺㨴㠴㐬㠰嬠剅佒嵒漠瑵異彴条湥㩴丠⁇䴨摯汥瀠瑡⁨潤獥渠瑯攠楸瑳›㩃啜敳獲襜隀韘靄屺湏䑥楲敶荜荦荘荎荧荢屶ꒌ蚋浜摯汥屳敧浭ⵡⴳ戱椭⵴㑱た朮畧⥦਍牔捡扥捡⁫洨獯⁴敲散瑮挠污⁬慬瑳㨩਍†楆敬∠㩃啜敳獲襜隀韘靄屺湏䑥楲敶荜荦荘荎荧荢屶ꒌ蚋浜牵畭湲瑥瑜獥彴捳楲瑰瀮≹‬楬敮㐠ⰰ椠⁮慭湩਍††慯㴠漠瑵異彴条湥⹴畏灴瑵杁湥⡴潣普杩ഩ ††††幞幞幞幞幞幞幞幞幞幞幞幞幞幞幞幞਍†楆敬∠㩃啜敳獲襜隀韘靄屺湏䑥楲敶荜荦荘荎荧荢屶ꒌ蚋浜牵畭湲瑥浜摯汵獥潜瑵異彴条湥⹴祰Ⱒ氠湩⁥〱‬湩张楟楮彴ൟ †猠汥⹦汬⁭‽汌浡⡡਍†††††††帠幞幞൞ 䘠汩⁥䌢尺獕牥屳肉䒗窗䅜灰慄慴䱜捯污停捡慫敧屳祐桴湯潓瑦慷敲潆湵慤楴湯倮瑹潨⹮⸳㈱煟穢渵欲牦㡡ば䱜捯污慃档履潬慣⵬慰正条獥停瑹潨㍮㈱獜瑩ⵥ慰正条獥汜慬慭损灰汜慬慭瀮≹‬楬敮㌠㠶‬湩张楟楮彴ൟ †爠楡敳嘠污敵牅潲⡲≦潍敤⁬慰桴搠敯⁳潮⁴硥獩㩴笠潭敤彬慰桴≽ഩ嘊污敵牅潲㩲䴠摯汥瀠瑡⁨潤獥渠瑯攠楸瑳›㩃啜敳獲襜隀韘靄屺湏䑥楲敶荜荦荘荎荧荢屶ꒌ蚋浜摯汥屳敧浭ⵡⴳ戱椭⵴㑱た朮畧൦㈊㈰ⴵ㔰〭″㜱〺㨴㠴㐬〱嬠剅佒嵒猠浵慭祲敟杮湩㩥丠⁇䴨摯汥瀠瑡⁨潤獥渠瑯攠楸瑳›㩃啜敳獲襜隀韘靄屺湏䑥楲敶荜荦荘荎荧荢屶ꒌ蚋浜摯汥屳敧浭ⵡⴳ戱椭⵴㑱た朮畧⥦਍牔捡扥捡⁫洨獯⁴敲散瑮挠污⁬慬瑳㨩਍†楆敬∠㩃啜敳獲襜隀韘靄屺湏䑥楲敶荜荦荘荎荧荢屶ꒌ蚋浜牵畭湲瑥瑜獥彴捳楲瑰瀮≹‬楬敮㔠ⰰ椠⁮慭湩਍††敳㴠猠浵慭祲敟杮湩⹥畓浭牡䕹杮湩⡥潣普杩ഩ ††††幞幞幞幞幞幞幞幞幞幞幞幞幞幞幞幞幞幞਍†楆敬∠㩃啜敳獲襜隀韘靄屺湏䑥楲敶荜荦荘荎荧荢屶ꒌ蚋浜牵畭湲瑥浜摯汵獥獜浵慭祲敟杮湩⹥祰Ⱒ氠湩⁥ㄱ‬湩张楟楮彴ൟ †猠汥⹦汬⁭‽汌浡⡡਍†††††††帠幞幞൞ 䘠汩⁥䌢尺獕牥屳肉䒗窗䅜灰慄慴䱜捯污停捡慫敧屳祐桴湯潓瑦慷敲潆湵慤楴湯倮瑹潨⹮⸳㈱煟穢渵欲牦㡡ば䱜捯污慃档履潬慣⵬慰正条獥停瑹潨㍮㈱獜瑩ⵥ慰正条獥汜慬慭损灰汜慬慭瀮≹‬楬敮㌠㠶‬湩张楟楮彴ൟ †爠楡敳嘠污敵牅潲⡲≦潍敤⁬慰桴搠敯⁳潮⁴硥獩㩴笠潭敤彬慰桴≽ഩ嘊污敵牅潲㩲䴠摯汥瀠瑡⁨潤獥渠瑯攠楸瑳›㩃啜敳獲襜隀韘靄屺湏䑥楲敶荜荦荘荎荧荢屶ꒌ蚋浜摯汥屳敧浭ⵡⴳ戱椭⵴㑱た朮畧൦㈊㈰ⴵ㔰〭″㜱〺㨵㠴㠬㘱嬠义但⁝瑓牡楴杮朠湥牥瑡潩⁮牰捯獥൳㈊㈰ⴵ㔰〭″㜱〺㨵㠴㠬㘱嬠义但⁝牗瑩湩⁧湩異⁴潴戠慬正潢牡൤㈊㈰ⴵ㔰〭″㜱〺㨵㠴㠬㘱嬠义但⁝敇敮慲楴杮猠浵慭祲਍〲㔲〭ⴵ㌰ㄠ㨷㔰㔺ⰳ㤸‰䥛䙎嵏删瑥楲癥湩⁧慤慴甠楳杮删䝁敒牴敩敶൲㈊㈰ⴵ㔰〭″㜱〺㨵㌵㠬㈹嬠义但⁝畒湮湩⁧条湥⁴潰汯਍〲㔲〭ⴵ㌰ㄠ㨷㘰〺ⰱ㠷‴䥛䙎嵏䜠湥牥瑡湩⁧楦慮⁬敲灳湯敳਍〲㔲〭ⴵ㌰ㄠ㨷㘰〺ⰷ㌰‴䥛䙎嵏䜠湥牥瑡潩⁮牰捯獥⁳潣灭敬整൤㈊㈰ⴵ㔰〭″㜱㔺㨶㜳㤬㜳嬠义但⁝瑓牡楴杮朠湥牥瑡潩⁮牰捯獥൳㈊㈰ⴵ㔰〭″㜱㔺㨶㜳㤬ㄴ嬠义但⁝牗瑩湩⁧湩異⁴潴戠慬正潢牡൤㈊㈰ⴵ㔰〭″㜱㔺㨶㜳㤬㐴嬠义但⁝敇敮慲楴杮猠浵慭祲਍〲㔲〭ⴵ㌰ㄠ㨷㘵㐺ⰳ〴‴䥛䙎嵏删瑥楲癥湩⁧慤慴甠楳杮删䝁敒牴敩敶൲㈊㈰ⴵ㔰〭″㜱㔺㨶㌴㐬㠰嬠义但⁝畒湮湩⁧条湥⁴潰汯਍〲㔲〭ⴵ㌰ㄠ㨷㘵㔺ⰱㄹ″䥛䙎嵏輠跚菗莍艏⃰潬屧畴湲㉟㈰〵〵弳㜱㘵ㄵ樮潳⁮즂澏춗떂떂붂਍〲㔲〭ⴵ㌰ㄠ㨷㘵㔺ⰱㄹ‶䥛䙎嵏䜠湥牥瑡潩⁮牰捯獥⁳潣灭敬整൤㈊㈰ⴵ㔰〭″㜱㔺㨸㘵㈬㐱嬠义但⁝瑓牡楴杮朠湥牥瑡潩⁮牰捯獥൳㈊㈰ⴵ㔰〭″㜱㔺㨸㘵㈬㔱嬠义但⁝牗瑩湩⁧湩異⁴潴戠慬正潢牡൤㈊㈰ⴵ㔰〭″㜱㔺㨸㘵㈬㔱嬠义但⁝敇敮慲楴杮猠浵慭祲਍〲㔲〭ⴵ㌰ㄠ㨷㤵〺ⰱ㔱‰䥛䙎嵏删瑥楲癥湩⁧慤慴甠楳杮删䝁敒牴敩敶൲㈊㈰ⴵ㔰〭″㜱㔺㨹㄰ㄬ〵嬠义但⁝畒湮湩⁧条湥⁴潰汯਍〲㔲〭ⴵ㌰ㄠ㨷㤵〺ⰸ㜸‹䥛䙎嵏輠跚菗莍艏⃰潬屧畴湲㉟㈰〵〵弳㜱㤵㠰樮潳⁮즂澏춗떂떂붂਍〲㔲〭ⴵ㌰ㄠ㨷㤵〺ⰸ㠸‰䥛䙎嵏䜠湥牥瑡潩⁮牰捯獥⁳潣灭敬整൤㈊㈰ⴵ㔰〭″㠱㈺㨷㐵〬㐴嬠义但⁝瑓牡楴杮朠湥牥瑡潩⁮牰捯獥൳㈊㈰ⴵ㔰〭″㠱㈺㨷㐵〬㘴嬠义但⁝牗瑩湩⁧湩異⁴潴戠慬正潢牡൤㈊㈰ⴵ㔰〭″㠱㈺㨷㐵〬㘴嬠义但⁝敇敮慲楴杮猠浵慭祲਍〲㔲〭ⴵ㌰ㄠ㨸㠲〺ⰶ㌲‷䥛䙎嵏删瑥楲癥湩⁧慤慴甠楳杮删䝁敒牴敩敶൲㈊㈰ⴵ㔰〭″㠱㈺㨸㘰㈬㜳嬠义但⁝畒湮湩⁧条湥⁴潰汯਍〲㔲〭ⴵ㌰ㄠ㨸㤲ㄺⰳ〵‵䥛䙎嵏輠跚菗莍艏⃰潬屧畴湲㉟㈰〵〵弳㠱㤲㌱樮潳⁮즂澏춗떂떂붂਍〲㔲〭ⴵ㌰ㄠ㨸㤲ㄺⰳ〵‵䥛䙎嵏䜠湥牥瑡潩⁮牰捯獥⁳潣灭敬整൤㈊㈰ⴵ㔰〭‴㘱㌺㨹㘳㤬㜹嬠义但⁝瑓牡楴杮朠湥牥瑡潩⁮牰捯獥൳㈊㈰ⴵ㔰〭‴㘱㌺㨹㘳㤬㜹嬠义但⁝牗瑩湩⁧湩異⁴潴戠慬正潢牡൤㈊㈰ⴵ㔰〭‴㘱㌺㨹㘳㤬㜹嬠义但⁝畒湮湩⁧条湥⁴潰汯਍〲㔲〭ⴵ㐰ㄠ㨶〴〺ⰹ㈷′䥛䙎嵏䘠湩污爠獥潰獮⁥敧敮慲整൤㈊㈰ⴵ㔰〭‴㜱㐺㨹㐴㘬㘲嬠义但⁝瑓牡楴杮朠湥牥瑡潩⁮牰捯獥൳㈊㈰ⴵ㔰〭‴㜱㐺㨹㐴㘬㘲嬠义但⁝牗瑩湩⁧湩異⁴潴戠慬正潢牡൤㈊㈰ⴵ㔰〭‴㜱㐺㨹㐴㘬㘲嬠义但⁝畒湮湩⁧条湥⁴潰汯਍〲㔲〭ⴵ㐰ㄠ㨷〵ㄺⰷ㈰‷䥛䙎嵏䘠湩污爠獥潰獮⁥敧敮慲整൤㈊㈰ⴵ㔰〭‷㌲㌺㨹㠲㌬㤶嬠义但⁝潌摡摥娠䵉›㩃啜敳獲襜隀韘靄屺灁䑰瑡屡潒浡湩屧楫楷⵸敤歳潴屰楷楫数楤彡湥瑟灯湟灯捩㉟㈰ⴵ㌰種浩਍〲㔲〭ⴵ㜰㈠㨳㤳㈺ⰸ㜳′䥛䙎嵏唠敳瀠瑹牯档搠癥捩彥慮敭›灣൵㈊㈰ⴵ㔰〭‷㌲㌺㨹㠲㌬㈷嬠义但⁝潌摡瀠敲牴楡敮⁤敓瑮湥散牔湡晳牯敭㩲愠汬䴭湩䱩ⵍ㙌瘭ല㈊㈰ⴵ㔰〭‷㌲㌺㨹〳㤬㜷嬠义但⁝浅敢摤湩⁧潭敤㩬愠汬䴭湩䱩ⵍ㙌瘭ല㈊㈰ⴵ㔰〭‷㌲㌺㨹㈳㌬㤹嬠义但⁝鶓融斃境枃䪊溎਍〲㔲〭ⴵ㜰㈠㨳㤳㌺ⰵ㈱‹䥛䙎嵏䤠楮楴污穩摥眠瑩⁨′条湥獴‬‱瑩牥瑡潩獮਍〲㔲〭ⴵ㜰㈠㨳㤳㌺ⰵ㈱‹䥛䙎嵏輠誉觺躻語㫔㈠㜮锳ൢ㈊㈰ⴵ㔰〭‷㌲㌺㨹㔳ㄬ㤲嬠义但⁝斃境枃亃䞃誃›䥁춂뎋잂첂ꒂ즂쾕Ꚃ랂ꦂ䢁਍〲㔲〭ⴵ㜰㈠㨳㤳㌺ⰵ㈱‹䥛䙎嵏匠慴瑲湩⁧敧敮慲楴湯瀠潲散獳਍〲㔲〭ⴵ㜰㈠㨳㤳㌺ⰵ㌱″䥛䙎嵏唠敳瀠瑹牯档搠癥捩彥慮敭›灣൵㈊㈰ⴵ㔰〭‷㌲㌺㨹㔳ㄬ㌳嬠义但⁝潌摡瀠敲牴楡敮⁤敓瑮湥散牔湡晳牯敭㩲愠汬䴭湩䱩ⵍ㙌瘭ല㈊㈰ⴵ㔰〭‷㌲㌺㨹㜳㘬㌳嬠义但⁝瑓牡楴杮椠整慲楴湯〠਍〲㔲〭ⴵ㜰㈠㨳㤳㐺ⰰ㔲′䑛䉅䝕⁝牃慥整⁤畳浭牡⁹潦⁲瑩牥瑡潩⁮ര㈊㈰ⴵ㔰〭‷㌲㌺㨹ㄴ㈬㐵嬠义但⁝뚐겐麎풊›⸶㈱投਍〲㔲〭ⴵ㜰㈠㨳㤳㐺ⰱ㔲‵䥛䙎嵏褠鎞㪚䄠艉词袳苧觌铂遜芫釰若芫趭艌芰苜芷膪鍁躯芞觉釛苨闠苸芦苄芢苜膷⹂⸮਍〲㔲〭ⴵ㜰㈠㨳㤳㐺ⰱ㔲‵䥛䙎嵏贠钕菂荇莓荧邊㪔㤠਍〲㔲〭ⴵ㜰㈠㨳㤳㐺ⰱ㔲‵䥛䙎嵏錠趝莇荥荘轧靉ඹ㈊㈰ⴵ㔰〭‷㌲㌺㨹㌴㠬㌳嬠义但⁝湉瑩慩楬敺⁤楷桴㈠愠敧瑮ⱳㄠ椠整慲楴湯൳㈊㈰ⴵ㔰〭‷㌲㌺㨹㌴㠬㌳嬠义但⁝瑓牡楴杮朠湥牥瑡潩⁮牰捯獥൳㈊㈰ⴵ㔰〭‷㌲㌺㨹㌴㠬㘳嬠义但⁝獕⁥祰潴捲⁨敤楶散湟浡㩥挠異਍〲㔲〭ⴵ㜰㈠㨳㤳㐺ⰳ㌸‶䥛䙎嵏䰠慯⁤牰瑥慲湩摥匠湥整据呥慲獮潦浲牥›污⵬楍楮䵌䰭ⴶ㉶਍〲㔲〭ⴵ㜰㈠㨳㤳㐺ⰶ㔲′䥛䙎嵏匠慴瑲湩⁧瑩牥瑡潩⁮ര㈊㈰ⴵ㔰〭‷㌲㌺㨹㠴㤬㤷嬠䕄啂嵇䌠敲瑡摥猠浵慭祲映牯椠整慲楴湯〠਍〲㔲〭ⴵ㜰㈠㨳㤳㔺ⰳ㈳‷䥛䙎嵏䤠楮楴污穩摥眠瑩⁨′条湥獴‬‱瑩牥瑡潩獮਍〲㔲〭ⴵ㜰㈠㨳㤳㔺ⰳ㈳‸䥛䙎嵏匠慴瑲湩⁧敧敮慲楴湯瀠潲散獳਍〲㔲〭ⴵ㜰㈠㨳㤳㔺ⰳ㌳‰䥛䙎嵏唠敳瀠瑹牯档搠癥捩彥慮敭›灣൵㈊㈰ⴵ㔰〭‷㌲㌺㨹㌵㌬〳嬠义但⁝潌摡瀠敲牴楡敮⁤敓瑮湥散牔湡晳牯敭㩲愠汬䴭湩䱩ⵍ㙌瘭ല㈊㈰ⴵ㔰〭‷㌲㌺㨹㔵㈬㜷嬠义但⁝瑓牡楴杮椠整慲楴湯〠਍〲㔲〭ⴵ㜰㈠㨳㤳㔺ⰷ㔴″䑛䉅䝕⁝牃慥整⁤畳浭牡⁹潦⁲瑩牥瑡潩⁮ര㈊㈰ⴵ㔰〭‷㌲㌺㨹㠵㔬㜲嬠义但⁝瑓牡楴杮朠湥牥瑡潩⁮牰捯獥൳㈊㈰ⴵ㔰〭‷㌲㌺㨹㠵㔬㜳嬠义但⁝瑓牡楴杮椠整慲楴湯〠਍〲㔲〭ⴵ㜰㈠㨳㤳㔺ⰸ㌵‷䥛䙎嵏删湵楮杮愠敧瑮⁳湩瀠牡污敬൬